Component: Arm Compiler for Embedded 6.22 Tool: armlink [5ee90200]

==============================================================================

Section Cross References

    startup_stm32f429xx.o(STACK) refers (Special) to heapauxi.o(.text) for __use_two_region_memory
    startup_stm32f429xx.o(HEAP) refers (Special) to heapauxi.o(.text) for __use_two_region_memory
    startup_stm32f429xx.o(RESET) refers (Special) to heapauxi.o(.text) for __use_two_region_memory
    startup_stm32f429xx.o(RESET) refers to startup_stm32f429xx.o(STACK) for __initial_sp
    startup_stm32f429xx.o(RESET) refers to startup_stm32f429xx.o(.text) for Reset_Handler
    startup_stm32f429xx.o(RESET) refers to stm32f4xx_it.o(.text.NMI_Handler) for NMI_Handler
    startup_stm32f429xx.o(RESET) refers to stm32f4xx_it.o(.text.HardFault_Handler) for HardFault_Handler
    startup_stm32f429xx.o(RESET) refers to stm32f4xx_it.o(.text.MemManage_Handler) for MemManage_Handler
    startup_stm32f429xx.o(RESET) refers to stm32f4xx_it.o(.text.BusFault_Handler) for BusFault_Handler
    startup_stm32f429xx.o(RESET) refers to stm32f4xx_it.o(.text.UsageFault_Handler) for UsageFault_Handler
    startup_stm32f429xx.o(RESET) refers to stm32f4xx_it.o(.text.SVC_Handler) for SVC_Handler
    startup_stm32f429xx.o(RESET) refers to stm32f4xx_it.o(.text.DebugMon_Handler) for DebugMon_Handler
    startup_stm32f429xx.o(RESET) refers to stm32f4xx_it.o(.text.PendSV_Handler) for PendSV_Handler
    startup_stm32f429xx.o(RESET) refers to stm32f4xx_it.o(.text.SysTick_Handler) for SysTick_Handler
    startup_stm32f429xx.o(RESET) refers to stm32f4xx_it.o(.text.EXTI1_IRQHandler) for EXTI1_IRQHandler
    startup_stm32f429xx.o(RESET) refers to stm32f4xx_it.o(.text.EXTI2_IRQHandler) for EXTI2_IRQHandler
    startup_stm32f429xx.o(RESET) refers to stm32f4xx_it.o(.text.EXTI3_IRQHandler) for EXTI3_IRQHandler
    startup_stm32f429xx.o(RESET) refers to stm32f4xx_it.o(.text.ADC_IRQHandler) for ADC_IRQHandler
    startup_stm32f429xx.o(RESET) refers to stm32f4xx_it.o(.text.TIM4_IRQHandler) for TIM4_IRQHandler
    startup_stm32f429xx.o(RESET) refers to stm32f4xx_it.o(.text.DMA2_Stream2_IRQHandler) for DMA2_Stream2_IRQHandler
    startup_stm32f429xx.o(RESET) refers to stm32f4xx_it.o(.text.OTG_HS_IRQHandler) for OTG_HS_IRQHandler
    startup_stm32f429xx.o(.text) refers (Special) to heapauxi.o(.text) for __use_two_region_memory
    startup_stm32f429xx.o(.text) refers to system_stm32f4xx.o(.text.SystemInit) for SystemInit
    startup_stm32f429xx.o(.text) refers to __main.o(!!!main) for __main
    startup_stm32f429xx.o(.text) refers to startup_stm32f429xx.o(HEAP) for Heap_Mem
    startup_stm32f429xx.o(.text) refers to startup_stm32f429xx.o(STACK) for Stack_Mem
    stm_tb6600.o(.ARM.exidx.text.delay_us) refers to stm_tb6600.o(.text.delay_us) for [Anonymous Symbol]
    stm_tb6600.o(.text.tb6600_init) refers to rt_memcpy_w.o(.text) for __aeabi_memcpy4
    stm_tb6600.o(.ARM.exidx.text.tb6600_init) refers to stm_tb6600.o(.text.tb6600_init) for [Anonymous Symbol]
    stm_tb6600.o(.text.tb6600_init_tim) refers to rt_memcpy_w.o(.text) for __aeabi_memcpy4
    stm_tb6600.o(.ARM.exidx.text.tb6600_init_tim) refers to stm_tb6600.o(.text.tb6600_init_tim) for [Anonymous Symbol]
    stm_tb6600.o(.text.tb6600_Set) refers to stm32f4xx_hal_gpio.o(.text.HAL_GPIO_WritePin) for HAL_GPIO_WritePin
    stm_tb6600.o(.ARM.exidx.text.tb6600_Set) refers to stm_tb6600.o(.text.tb6600_Set) for [Anonymous Symbol]
    stm_tb6600.o(.text.tb6600_AngleMove) refers to stm32f4xx_hal_gpio.o(.text.HAL_GPIO_WritePin) for HAL_GPIO_WritePin
    stm_tb6600.o(.ARM.exidx.text.tb6600_AngleMove) refers to stm_tb6600.o(.text.tb6600_AngleMove) for [Anonymous Symbol]
    stm_tb6600.o(.text.tb6600_AngleMove_tim) refers to dflt_clz.o(x$fpl$dfltu) for __aeabi_ui2d
    stm_tb6600.o(.text.tb6600_AngleMove_tim) refers to dmul.o(x$fpl$dmul) for __aeabi_dmul
    stm_tb6600.o(.text.tb6600_AngleMove_tim) refers to dfixu.o(x$fpl$dfixu) for __aeabi_d2uiz
    stm_tb6600.o(.text.tb6600_AngleMove_tim) refers to stm32f4xx_hal_tim.o(.text.HAL_TIM_PWM_Start) for HAL_TIM_PWM_Start
    stm_tb6600.o(.ARM.exidx.text.tb6600_AngleMove_tim) refers to stm_tb6600.o(.text.tb6600_AngleMove_tim) for [Anonymous Symbol]
    stm_tb6600.o(.text.tb6600_Enable) refers to stm32f4xx_hal_gpio.o(.text.HAL_GPIO_WritePin) for HAL_GPIO_WritePin
    stm_tb6600.o(.ARM.exidx.text.tb6600_Enable) refers to stm_tb6600.o(.text.tb6600_Enable) for [Anonymous Symbol]
    stm_tb6600.o(.text.tb6600_Disable) refers to stm32f4xx_hal_gpio.o(.text.HAL_GPIO_WritePin) for HAL_GPIO_WritePin
    stm_tb6600.o(.ARM.exidx.text.tb6600_Disable) refers to stm_tb6600.o(.text.tb6600_Disable) for [Anonymous Symbol]
    stm_tb6600.o(.text.tb6600_ChangeDirection) refers to stm32f4xx_hal_gpio.o(.text.HAL_GPIO_WritePin) for HAL_GPIO_WritePin
    stm_tb6600.o(.ARM.exidx.text.tb6600_ChangeDirection) refers to stm_tb6600.o(.text.tb6600_ChangeDirection) for [Anonymous Symbol]
[...]
    I2C2_EV_IRQHandler                       0x080002af   Thumb Code     0  startup_stm32f429xx.o(.text)
    I2C3_ER_IRQHandler                       0x080002af   Thumb Code     0  startup_stm32f429xx.o(.text)
    I2C3_EV_IRQHandler                       0x080002af   Thumb Code     0  startup_stm32f429xx.o(.text)
    LTDC_ER_IRQHandler                       0x080002af   Thumb Code     0  startup_stm32f429xx.o(.text)
    LTDC_IRQHandler                          0x080002af   Thumb Code     0  startup_stm32f429xx.o(.text)
    OTG_FS_IRQHandler                        0x080002af   Thumb Code     0  startup_stm32f429xx.o(.text)
    OTG_FS_WKUP_IRQHandler                   0x080002af   Thumb Code     0  startup_stm32f429xx.o(.text)
    OTG_HS_EP1_IN_IRQHandler                 0x080002af   Thumb Code     0  startup_stm32f429xx.o(.text)
    OTG_HS_EP1_OUT_IRQHandler                0x080002af   Thumb Code     0  startup_stm32f429xx.o(.text)
    OTG_HS_WKUP_IRQHandler                   0x080002af   Thumb Code     0  startup_stm32f429xx.o(.text)
    PVD_IRQHandler                           0x080002af   Thumb Code     0  startup_stm32f429xx.o(.text)
    RCC_IRQHandler                           0x080002af   Thumb Code     0  startup_stm32f429xx.o(.text)
    RTC_Alarm_IRQHandler                     0x080002af   Thumb Code     0  startup_stm32f429xx.o(.text)
    RTC_WKUP_IRQHandler                      0x080002af   Thumb Code     0  startup_stm32f429xx.o(.text)
    SAI1_IRQHandler                          0x080002af   Thumb Code     0  startup_stm32f429xx.o(.text)
    SDIO_IRQHandler                          0x080002af   Thumb Code     0  startup_stm32f429xx.o(.text)
    SPI1_IRQHandler                          0x080002af   Thumb Code     0  startup_stm32f429xx.o(.text)
    SPI2_IRQHandler                          0x080002af   Thumb Code     0  startup_stm32f429xx.o(.text)
    SPI3_IRQHandler                          0x080002af   Thumb Code     0  startup_stm32f429xx.o(.text)
    SPI4_IRQHandler                          0x080002af   Thumb Code     0  startup_stm32f429xx.o(.text)
    SPI5_IRQHandler                          0x080002af   Thumb Code     0  startup_stm32f429xx.o(.text)
    SPI6_IRQHandler                          0x080002af   Thumb Code     0  startup_stm32f429xx.o(.text)
    TAMP_STAMP_IRQHandler                    0x080002af   Thumb Code     0  startup_stm32f429xx.o(.text)
    TIM1_BRK_TIM9_IRQHandler                 0x080002af   Thumb Code     0  startup_stm32f429xx.o(.text)
    TIM1_CC_IRQHandler                       0x080002af   Thumb Code     0  startup_stm32f429xx.o(.text)
    TIM1_TRG_COM_TIM11_IRQHandler            0x080002af   Thumb Code     0  startup_stm32f429xx.o(.text)
    TIM1_UP_TIM10_IRQHandler                 0x080002af   Thumb Code     0  startup_stm32f429xx.o(.text)
    TIM2_IRQHandler                          0x080002af   Thumb Code     0  startup_stm32f429xx.o(.text)
    TIM3_IRQHandler                          0x080002af   Thumb Code     0  startup_stm32f429xx.o(.text)
    TIM5_IRQHandler                          0x080002af   Thumb Code     0  startup_stm32f429xx.o(.text)
    TIM6_DAC_IRQHandler                      0x080002af   Thumb Code     0  startup_stm32f429xx.o(.text)
    TIM7_IRQHandler                          0x080002af   Thumb Code     0  startup_stm32f429xx.o(.text)
    TIM8_BRK_TIM12_IRQHandler                0x080002af   Thumb Code     0  startup_stm32f429xx.o(.text)
    TIM8_CC_IRQHandler                       0x080002af   Thumb Code     0  startup_stm32f429xx.o(.text)
    TIM8_TRG_COM_TIM14_IRQHandler            0x080002af   Thumb Code     0  startup_stm32f429xx.o(.text)
    TIM8_UP_TIM13_IRQHandler                 0x080002af   Thumb Code     0  startup_stm32f429xx.o(.text)
    UART4_IRQHandler                         0x080002af   Thumb Code     0  startup_stm32f429xx.o(.text)
    UART5_IRQHandler                         0x080002af   Thumb Code     0  startup_stm32f429xx.o(.text)
    UART7_IRQHandler                         0x080002af   Thumb Code     0  startup_stm32f429xx.o(.text)
    UART8_IRQHandler                         0x080002af   Thumb Code     0  startup_stm32f429xx.o(.text)
    USART1_IRQHandler                        0x080002af   Thumb Code     0  startup_stm32f429xx.o(.text)
    USART2_IRQHandler                        0x080002af   Thumb Code     0  startup_stm32f429xx.o(.text)
    USART3_IRQHandler                        0x080002af   Thumb Code     0  startup_stm32f429xx.o(.text)
    USART6_IRQHandler                        0x080002af   Thumb Code     0  startup_stm32f429xx.o(.text)
    WWDG_IRQHandler                          0x080002af   Thumb Code     0  startup_stm32f429xx.o(.text)
    __user_initial_stackheap                 0x080002b1   Thumb Code     0  startup_stm32f429xx.o(.text)
    __aeabi_uldivmod                         0x080002d5   Thumb Code     0  lludivv7m.o(.text)
    _ll_udiv                                 0x080002d5   Thumb Code   240  lludivv7m.o(.text)
    __2snprintf                              0x080003c5   Thumb Code    58  noretval__2snprintf.o(.text)
    __printf                                 0x08000405   Thumb Code   104  __printf.o(.text)
    _printf_int_dec                          0x0800046d   Thumb Code   104  _printf_dec.o(.text)
    __0sscanf                                0x080004e5   Thumb Code    52  __0sscanf.o(.text)
    _scanf_int                               0x08000521   Thumb Code   332  _scanf_int.o(.text)
    _scanf_string                            0x0800066d   Thumb Code   224  _scanf_str.o(.text)
    strlen                                   0x0800074d   Thumb Code    62  strlen.o(.text)
    __aeabi_memcpy                           0x0800078b   Thumb Code     0  rt_memcpy_v6.o(.text)
    __rt_memcpy                              0x0800078b   Thumb Code   138  rt_memcpy_v6.o(.text)
    _memcpy_lastbytes                        0x080007f1   Thumb Code     0  rt_memcpy_v6.o(.text)
    __aeabi_memcpy4                          0x08000815   Thumb Code     0  rt_memcpy_w.o(.text)
    __aeabi_memcpy8                          0x08000815   Thumb Code     0  rt_memcpy_w.o(.text)
    __rt_memcpy_w                            0x08000815   Thumb Code   100  rt_memcpy_w.o(.text)
    _memcpy_lastbytes_aligned                0x0800085d   Thumb Code     0  rt_memcpy_w.o(.text)
    __aeabi_memset                           0x08000879   Thumb Code    16  aeabi_memset.o(.text)
    __aeabi_memclr                           0x08000889   Thumb Code     0  rt_memclr.o(.text)
    __rt_memclr                              0x08000889   Thumb Code     0  rt_memclr.o(.text)
    _memset                                  0x0800088d   Thumb Code    64  rt_memclr.o(.text)
    __aeabi_memclr4                          0x080008cd   Thumb Code     0  rt_memclr_w.o(.text)
    __aeabi_memclr8                          0x080008cd   Thumb Code     0  rt_memclr_w.o(.text)
    __rt_memclr_w                            0x080008cd   Thumb Code     0  rt_memclr_w.o(.text)
    _memset_w                                0x080008d1   Thumb Code    74  rt_memclr_w.o(.text)
    strcmp                                   0x08000921   Thumb Code   124  strcmpv7em.o(.text)
    __use_two_region_memory                  0x0800099d   Thumb Code     2  heapauxi.o(.text)
    __rt_heap_escrow$2region                 0x0800099f   Thumb Code     2  heapauxi.o(.text)
    __rt_heap_expand$2region                 0x080009a1   Thumb Code     2  heapauxi.o(.text)
    _printf_int_common                       0x080009a3   Thumb Code   178  _printf_intcommon.o(.text)
    _printf_char_common                      0x08000a5f   Thumb Code    32  _printf_char_common.o(.text)
    _snputc                                  0x08000a85   Thumb Code    16  _snputc.o(.text)
    _chval                                   0x08000a95   Thumb Code    28  _chval.o(.text)
    __vfscanf_char                           0x08000abd   Thumb Code    24  scanf_char.o(.text)
    _sgetc                                   0x08000add   Thumb Code    30  _sgetc.o(.text)
    _sbackspace                              0x08000afb   Thumb Code    34  _sgetc.o(.text)
    isspace                                  0x08000b1d   Thumb Code    18  isspace.o(.text)
    __vfscanf                                0x08000b31   Thumb Code   878  _scanf.o(.text)
    __user_setup_stackheap                   0x08000ea5   Thumb Code    74  sys_stackheap_outer.o(.text)
    __rt_ctype_table                         0x08000ef1   Thumb Code    16  rt_ctype_table.o(.text)
    exit                                     0x08000f01   Thumb Code    18  exit.o(.text)
    __user_libspace                          0x08000f15   Thumb Code     8  libspace.o(.text)
    __user_perproc_libspace                  0x08000f15   Thumb Code     0  libspace.o(.text)
    __user_perthread_libspace                0x08000f15   Thumb Code     0  libspace.o(.text)
    __rt_locale                              0x08000f1d   Thumb Code     8  rt_locale_intlibspace.o(.text)
    _sys_exit                                0x08000f25   Thumb Code     8  sys_exit.o(.text)
    __I$use$semihosting                      0x08000f31   Thumb Code     0  use_no_semi.o(.text)
    __use_no_semihosting_swi                 0x08000f31   Thumb Code     2  use_no_semi.o(.text)
    __semihosting_library_function           0x08000f33   Thumb Code     0  indicate_semi.o(.text)
    ADC_IRQHandler                           0x08000fc1   Thumb Code    30  stm32f4xx_it.o(.text.ADC_IRQHandler)
    BusFault_Handler                         0x08000fe1   Thumb Code     2  stm32f4xx_it.o(.text.BusFault_Handler)
    CDC_Transmit_HS                          0x08001065   Thumb Code    54  usbd_cdc_if.o(.text.CDC_Transmit_HS)
    DMA2_Stream2_IRQHandler                  0x0800109d   Thumb Code    12  stm32f4xx_it.o(.text.DMA2_Stream2_IRQHandler)
    DebugMon_Handler                         0x080010a9   Thumb Code     2  stm32f4xx_it.o(.text.DebugMon_Handler)
    EXTI1_IRQHandler                         0x080010ad   Thumb Code     6  stm32f4xx_it.o(.text.EXTI1_IRQHandler)
    EXTI2_IRQHandler                         0x080010b5   Thumb Code     6  stm32f4xx_it.o(.text.EXTI2_IRQHandler)
    EXTI3_IRQHandler                         0x080010bd   Thumb Code     6  stm32f4xx_it.o(.text.EXTI3_IRQHandler)
    Error_Handler                            0x080010c5   Thumb Code     6  main.o(.text.Error_Handler)
    HAL_ADCEx_InjectedConvCpltCallback       0x080010cd   Thumb Code     2  stm32f4xx_hal_adc_ex.o(.text.HAL_ADCEx_InjectedConvCpltCallback)
    HAL_ADC_ConfigChannel                    0x080010d1   Thumb Code   368  stm32f4xx_hal_adc.o(.text.HAL_ADC_ConfigChannel)
    HAL_ADC_ConvCpltCallback                 0x08001241   Thumb Code   304  main.o(.text.HAL_ADC_ConvCpltCallback)
    HAL_ADC_ConvHalfCpltCallback             0x08001385   Thumb Code     2  stm32f4xx_hal_adc.o(.text.HAL_ADC_ConvHalfCpltCallback)
    HAL_ADC_ErrorCallback                    0x08001389   Thumb Code     2  stm32f4xx_hal_adc.o(.text.HAL_ADC_ErrorCallback)
    HAL_ADC_IRQHandler                       0x0800138d   Thumb Code   310  stm32f4xx_hal_adc.o(.text.HAL_ADC_IRQHandler)
    HAL_ADC_Init                             0x080014c5   Thumb Code   348  stm32f4xx_hal_adc.o(.text.HAL_ADC_Init)
    HAL_ADC_LevelOutOfWindowCallback         0x08001621   Thumb Code     2  stm32f4xx_hal_adc.o(.text.HAL_ADC_LevelOutOfWindowCallback)
    HAL_ADC_MspInit                          0x08001625   Thumb Code   278  stm32f4xx_hal_msp.o(.text.HAL_ADC_MspInit)
    HAL_ADC_Start_DMA                        0x0800173d   Thumb Code   422  stm32f4xx_hal_adc.o(.text.HAL_ADC_Start_DMA)
    HAL_DMA_IRQHandler                       0x080018e5   Thumb Code   452  stm32f4xx_hal_dma.o(.text.HAL_DMA_IRQHandler)
    HAL_DMA_Init                             0x08001aa9   Thumb Code   354  stm32f4xx_hal_dma.o(.text.HAL_DMA_Init)
    HAL_DMA_Start_IT                         0x08001c0d   Thumb Code   162  stm32f4xx_hal_dma.o(.text.HAL_DMA_Start_IT)
    HAL_Delay                                0x08001cb1   Thumb Code    40  stm32f4xx_hal.o(.text.HAL_Delay)
    HAL_GPIO_EXTI_Callback                   0x08001cd9   Thumb Code   226  main.o(.text.HAL_GPIO_EXTI_Callback)
    HAL_GPIO_EXTI_IRQHandler                 0x08001dbd   Thumb Code    22  stm32f4xx_hal_gpio.o(.text.HAL_GPIO_EXTI_IRQHandler)
    HAL_GPIO_Init                            0x08001dd5   Thumb Code   414  stm32f4xx_hal_gpio.o(.text.HAL_GPIO_Init)
    HAL_GPIO_WritePin                        0x08001f75   Thumb Code    10  stm32f4xx_hal_gpio.o(.text.HAL_GPIO_WritePin)
    HAL_GetTick                              0x08001f81   Thumb Code    12  stm32f4xx_hal.o(.text.HAL_GetTick)
    HAL_IncTick                              0x08001f8d   Thumb Code    26  stm32f4xx_hal.o(.text.HAL_IncTick)
    HAL_Init                                 0x08001fa9   Thumb Code    54  stm32f4xx_hal.o(.text.HAL_Init)
    HAL_InitTick                             0x08001fe1   Thumb Code    72  stm32f4xx_hal.o(.text.HAL_InitTick)
    HAL_MspInit                              0x08002029   Thumb Code    56  stm32f4xx_hal_msp.o(.text.HAL_MspInit)
    HAL_NVIC_EnableIRQ                       0x08002061   Thumb Code    34  stm32f4xx_hal_cortex.o(.text.HAL_NVIC_EnableIRQ)
    HAL_NVIC_SetPriority                     0x08002085   Thumb Code    86  stm32f4xx_hal_cortex.o(.text.HAL_NVIC_SetPriority)
    HAL_NVIC_SetPriorityGrouping             0x080020dd   Thumb Code    32  stm32f4xx_hal_cortex.o(.text.HAL_NVIC_SetPriorityGrouping)
    HAL_PCDEx_LPM_Callback                   0x080020fd   Thumb Code     2  stm32f4xx_hal_pcd_ex.o(.text.HAL_PCDEx_LPM_Callback)
    HAL_PCDEx_SetRxFiFo                      0x08002101   Thumb Code     8  stm32f4xx_hal_pcd_ex.o(.text.HAL_PCDEx_SetRxFiFo)
    HAL_PCDEx_SetTxFiFo                      0x08002109   Thumb Code   206  stm32f4xx_hal_pcd_ex.o(.text.HAL_PCDEx_SetTxFiFo)
    HAL_PCD_ConnectCallback                  0x080021d9   Thumb Code     8  usbd_conf.o(.text.HAL_PCD_ConnectCallback)
    HAL_PCD_DataInStageCallback              0x080021e1   Thumb Code    20  usbd_conf.o(.text.HAL_PCD_DataInStageCallback)
    HAL_PCD_DataOutStageCallback             0x080021f5   Thumb Code    22  usbd_conf.o(.text.HAL_PCD_DataOutStageCallback)
    HAL_PCD_DisconnectCallback               0x0800220d   Thumb Code     8  usbd_conf.o(.text.HAL_PCD_DisconnectCallback)
    HAL_PCD_EP_Close                         0x08002215   Thumb Code    78  stm32f4xx_hal_pcd.o(.text.HAL_PCD_EP_Close)
    HAL_PCD_EP_ClrStall                      0x08002265   Thumb Code    96  stm32f4xx_hal_pcd.o(.text.HAL_PCD_EP_ClrStall)
    HAL_PCD_EP_GetRxCount                    0x080022c5   Thumb Code    18  stm32f4xx_hal_pcd.o(.text.HAL_PCD_EP_GetRxCount)
    HAL_PCD_EP_Open                          0x080022d9   Thumb Code   112  stm32f4xx_hal_pcd.o(.text.HAL_PCD_EP_Open)
    HAL_PCD_EP_Receive                       0x08002349   Thumb Code    66  stm32f4xx_hal_pcd.o(.text.HAL_PCD_EP_Receive)
    HAL_PCD_EP_SetStall                      0x0800238d   Thumb Code   110  stm32f4xx_hal_pcd.o(.text.HAL_PCD_EP_SetStall)
    HAL_PCD_EP_Transmit                      0x080023fd   Thumb Code    58  stm32f4xx_hal_pcd.o(.text.HAL_PCD_EP_Transmit)
    HAL_PCD_IRQHandler                       0x08002439   Thumb Code  2310  stm32f4xx_hal_pcd.o(.text.HAL_PCD_IRQHandler)
    HAL_PCD_ISOINIncompleteCallback          0x08002d41   Thumb Code     8  usbd_conf.o(.text.HAL_PCD_ISOINIncompleteCallback)
    HAL_PCD_ISOOUTIncompleteCallback         0x08002d49   Thumb Code     8  usbd_conf.o(.text.HAL_PCD_ISOOUTIncompleteCallback)
    HAL_PCD_Init                             0x08002d51   Thumb Code   622  stm32f4xx_hal_pcd.o(.text.HAL_PCD_Init)
    HAL_PCD_MspInit                          0x08002fc1   Thumb Code   134  usbd_conf.o(.text.HAL_PCD_MspInit)
    HAL_PCD_ResetCallback                    0x08003049   Thumb Code    42  usbd_conf.o(.text.HAL_PCD_ResetCallback)
    HAL_PCD_ResumeCallback                   0x08003075   Thumb Code     8  usbd_conf.o(.text.HAL_PCD_ResumeCallback)
    HAL_PCD_SOFCallback                      0x0800307d   Thumb Code     8  usbd_conf.o(.text.HAL_PCD_SOFCallback)
    HAL_PCD_SetAddress                       0x08003085   Thumb Code    40  stm32f4xx_hal_pcd.o(.text.HAL_PCD_SetAddress)
    HAL_PCD_SetupStageCallback               0x080030ad   Thumb Code    14  usbd_conf.o(.text.HAL_PCD_SetupStageCallback)
    HAL_PCD_Start                            0x080030bd   Thumb Code    62  stm32f4xx_hal_pcd.o(.text.HAL_PCD_Start)
    HAL_PCD_SuspendCallback                  0x080030fd   Thumb Code    52  usbd_conf.o(.text.HAL_PCD_SuspendCallback)
    HAL_RCC_ClockConfig                      0x08003131   Thumb Code   356  stm32f4xx_hal_rcc.o(.text.HAL_RCC_ClockConfig)
    HAL_RCC_GetHCLKFreq                      0x08003295   Thumb Code    12  stm32f4xx_hal_rcc.o(.text.HAL_RCC_GetHCLKFreq)
    HAL_RCC_GetPCLK1Freq                     0x080032a1   Thumb Code    38  stm32f4xx_hal_rcc.o(.text.HAL_RCC_GetPCLK1Freq)
    HAL_RCC_GetPCLK2Freq                     0x080032c9   Thumb Code    38  stm32f4xx_hal_rcc.o(.text.HAL_RCC_GetPCLK2Freq)
    HAL_RCC_GetSysClockFreq                  0x080032f1   Thumb Code   108  stm32f4xx_hal_rcc.o(.text.HAL_RCC_GetSysClockFreq)
    HAL_RCC_OscConfig                        0x0800335d   Thumb Code   940  stm32f4xx_hal_rcc.o(.text.HAL_RCC_OscConfig)
    HAL_SPI_Init                             0x08003709   Thumb Code   176  stm32f4xx_hal_spi.o(.text.HAL_SPI_Init)
    HAL_SPI_MspInit                          0x080037b9   Thumb Code   116  stm32f4xx_hal_msp.o(.text.HAL_SPI_MspInit)
    HAL_SYSTICK_Config                       0x0800382d   Thumb Code    44  stm32f4xx_hal_cortex.o(.text.HAL_SYSTICK_Config)
    HAL_TIMEx_BreakCallback                  0x08003859   Thumb Code     2  stm32f4xx_hal_tim_ex.o(.text.HAL_TIMEx_BreakCallback)
    HAL_TIMEx_CommutCallback                 0x0800385d   Thumb Code     2  stm32f4xx_hal_tim_ex.o(.text.HAL_TIMEx_CommutCallback)
    HAL_TIMEx_MasterConfigSynchronization    0x08003861   Thumb Code   186  stm32f4xx_hal_tim_ex.o(.text.HAL_TIMEx_MasterConfigSynchronization)
    HAL_TIM_Base_Init                        0x0800391d   Thumb Code    90  stm32f4xx_hal_tim.o(.text.HAL_TIM_Base_Init)
    HAL_TIM_Base_MspInit                     0x08003979   Thumb Code   112  stm32f4xx_hal_msp.o(.text.HAL_TIM_Base_MspInit)
    HAL_TIM_Base_Start                       0x080039e9   Thumb Code   162  stm32f4xx_hal_tim.o(.text.HAL_TIM_Base_Start)
    HAL_TIM_Base_Start_IT                    0x08003a8d   Thumb Code   170  stm32f4xx_hal_tim.o(.text.HAL_TIM_Base_Start_IT)
    HAL_TIM_ConfigClockSource                0x08003b39   Thumb Code   416  stm32f4xx_hal_tim.o(.text.HAL_TIM_ConfigClockSource)
    HAL_TIM_IC_CaptureCallback               0x08003cd9   Thumb Code     2  stm32f4xx_hal_tim.o(.text.HAL_TIM_IC_CaptureCallback)
    HAL_TIM_IRQHandler                       0x08003cdd   Thumb Code   334  stm32f4xx_hal_tim.o(.text.HAL_TIM_IRQHandler)
    HAL_TIM_OC_DelayElapsedCallback          0x08003e2d   Thumb Code     2  stm32f4xx_hal_tim.o(.text.HAL_TIM_OC_DelayElapsedCallback)
    HAL_TIM_PWM_PulseFinishedCallback        0x08003e31   Thumb Code     2  stm32f4xx_hal_tim.o(.text.HAL_TIM_PWM_PulseFinishedCallback)
    HAL_TIM_PeriodElapsedCallback            0x08003e35   Thumb Code    42  main.o(.text.HAL_TIM_PeriodElapsedCallback)
    HAL_TIM_TriggerCallback                  0x08003e61   Thumb Code     2  stm32f4xx_hal_tim.o(.text.HAL_TIM_TriggerCallback)
    HAL_UART_Init                            0x08003e65   Thumb Code    96  stm32f4xx_hal_uart.o(.text.HAL_UART_Init)
    HAL_UART_MspInit                         0x08003ec5   Thumb Code   118  stm32f4xx_hal_msp.o(.text.HAL_UART_MspInit)
    HardFault_Handler                        0x08003f3d   Thumb Code     2  stm32f4xx_it.o(.text.HardFault_Handler)
    MX_USB_DEVICE_Init                       0x08003f41   Thumb Code   114  usb_device.o(.text.MX_USB_DEVICE_Init)
    MemManage_Handler                        0x08003fb5   Thumb Code     2  stm32f4xx_it.o(.text.MemManage_Handler)
    NMI_Handler                              0x08003fb9   Thumb Code     2  stm32f4xx_it.o(.text.NMI_Handler)
    OTG_HS_IRQHandler                        0x08003fbd   Thumb Code    12  stm32f4xx_it.o(.text.OTG_HS_IRQHandler)
    PendSV_Handler                           0x08003fc9   Thumb Code     2  stm32f4xx_it.o(.text.PendSV_Handler)
    SVC_Handler                              0x08003fcd   Thumb Code     2  stm32f4xx_it.o(.text.SVC_Handler)
    SysTick_Handler                          0x08003fd1   Thumb Code     4  stm32f4xx_it.o(.text.SysTick_Handler)
    SystemClock_Config                       0x08003fd5   Thumb Code   172  main.o(.text.SystemClock_Config)
    SystemInit                               0x08004081   Thumb Code    18  system_stm32f4xx.o(.text.SystemInit)
    TIM4_IRQHandler                          0x08004095   Thumb Code    12  stm32f4xx_it.o(.text.TIM4_IRQHandler)
    TIM_Base_SetConfig                       0x080040a1   Thumb Code   324  stm32f4xx_hal_tim.o(.text.TIM_Base_SetConfig)
    USBD_CDC_GetDeviceQualifierDescriptor    0x08004415   Thumb Code    16  usbd_cdc.o(.text.USBD_CDC_GetDeviceQualifierDescriptor)
    USBD_CDC_ReceivePacket                   0x080045ed   Thumb Code    52  usbd_cdc.o(.text.USBD_CDC_ReceivePacket)
    USBD_CDC_RegisterInterface               0x08004621   Thumb Code    24  usbd_cdc.o(.text.USBD_CDC_RegisterInterface)
    USBD_CDC_SetRxBuffer                     0x08004639   Thumb Code    26  usbd_cdc.o(.text.USBD_CDC_SetRxBuffer)
    USBD_CDC_SetTxBuffer                     0x08004655   Thumb Code    30  usbd_cdc.o(.text.USBD_CDC_SetTxBuffer)
    USBD_CDC_TransmitPacket                  0x0800475d   Thumb Code    68  usbd_cdc.o(.text.USBD_CDC_TransmitPacket)
    USBD_ClrClassConfig                      0x080047a1   Thumb Code    18  usbd_core.o(.text.USBD_ClrClassConfig)
    USBD_CoreFindEP                          0x080047b5   Thumb Code     4  usbd_core.o(.text.USBD_CoreFindEP)
    USBD_CoreFindIF                          0x080047b9   Thumb Code     4  usbd_core.o(.text.USBD_CoreFindIF)
    USBD_CtlContinueRx                       0x080047bd   Thumb Code    16  usbd_ioreq.o(.text.USBD_CtlContinueRx)
    USBD_CtlContinueSendData                 0x080047cd   Thumb Code    16  usbd_ioreq.o(.text.USBD_CtlContinueSendData)
    USBD_CtlError                            0x080047dd   Thumb Code    22  usbd_ctlreq.o(.text.USBD_CtlError)
    USBD_CtlPrepareRx                        0x080047f5   Thumb Code    26  usbd_ioreq.o(.text.USBD_CtlPrepareRx)
    USBD_CtlReceiveStatus                    0x08004811   Thumb Code    22  usbd_ioreq.o(.text.USBD_CtlReceiveStatus)
    USBD_CtlSendData                         0x08004829   Thumb Code    26  usbd_ioreq.o(.text.USBD_CtlSendData)
    USBD_CtlSendStatus                       0x08004845   Thumb Code    22  usbd_ioreq.o(.text.USBD_CtlSendStatus)
    USBD_GetEpDesc                           0x0800485d   Thumb Code   132  usbd_core.o(.text.USBD_GetEpDesc)
    USBD_GetString                           0x080048e1   Thumb Code   218  usbd_ctlreq.o(.text.USBD_GetString)
    USBD_HS_ConfigStrDescriptor              0x080049bd   Thumb Code    24  usbd_desc.o(.text.USBD_HS_ConfigStrDescriptor)
    USBD_HS_DeviceDescriptor                 0x080049e1   Thumb Code    14  usbd_desc.o(.text.USBD_HS_DeviceDescriptor)
    USBD_HS_InterfaceStrDescriptor           0x080049f1   Thumb Code    24  usbd_desc.o(.text.USBD_HS_InterfaceStrDescriptor)
    USBD_HS_LangIDStrDescriptor              0x08004a19   Thumb Code    14  usbd_desc.o(.text.USBD_HS_LangIDStrDescriptor)
    USBD_HS_ManufacturerStrDescriptor        0x08004a29   Thumb Code    24  usbd_desc.o(.text.USBD_HS_ManufacturerStrDescriptor)
    USBD_HS_ProductStrDescriptor             0x08004a55   Thumb Code    24  usbd_desc.o(.text.USBD_HS_ProductStrDescriptor)
    USBD_HS_SerialStrDescriptor              0x08004a81   Thumb Code     0  usbd_desc.o(.text.USBD_HS_SerialStrDescriptor)
    USBD_Init                                0x08004a81   Thumb Code    42  usbd_core.o(.text.USBD_Init)
    USBD_LL_ClearStallEP                     0x08004aad   Thumb Code    34  usbd_conf.o(.text.USBD_LL_ClearStallEP)
    USBD_LL_CloseEP                          0x08004ad1   Thumb Code    34  usbd_conf.o(.text.USBD_LL_CloseEP)
    USBD_LL_DataInStage                      0x08004af5   Thumb Code   182  usbd_core.o(.text.USBD_LL_DataInStage)
    USBD_LL_DataOutStage                     0x08004bad   Thumb Code   112  usbd_core.o(.text.USBD_LL_DataOutStage)
    USBD_LL_DevConnected                     0x08004c1d   Thumb Code     4  usbd_core.o(.text.USBD_LL_DevConnected)
    USBD_LL_DevDisconnected                  0x08004c21   Thumb Code    34  usbd_core.o(.text.USBD_LL_DevDisconnected)
    USBD_LL_GetRxDataSize                    0x08004c45   Thumb Code     8  usbd_conf.o(.text.USBD_LL_GetRxDataSize)
    USBD_LL_Init                             0x08004c4d   Thumb Code   116  usbd_conf.o(.text.USBD_LL_Init)
    USBD_LL_IsStallEP                        0x08004cc1   Thumb Code    42  usbd_conf.o(.text.USBD_LL_IsStallEP)
    USBD_LL_IsoINIncomplete                  0x08004ced   Thumb Code    44  usbd_core.o(.text.USBD_LL_IsoINIncomplete)
    USBD_LL_IsoOUTIncomplete                 0x08004d19   Thumb Code    44  usbd_core.o(.text.USBD_LL_IsoOUTIncomplete)
    USBD_LL_OpenEP                           0x08004d45   Thumb Code    40  usbd_conf.o(.text.USBD_LL_OpenEP)
    USBD_LL_PrepareReceive                   0x08004d6d   Thumb Code    34  usbd_conf.o(.text.USBD_LL_PrepareReceive)
    USBD_LL_Reset                            0x08004d91   Thumb Code    96  usbd_core.o(.text.USBD_LL_Reset)
    USBD_LL_Resume                           0x08004df1   Thumb Code    20  usbd_core.o(.text.USBD_LL_Resume)
    USBD_LL_SOF                              0x08004e05   Thumb Code    30  usbd_core.o(.text.USBD_LL_SOF)
    USBD_LL_SetSpeed                         0x08004e25   Thumb Code     8  usbd_core.o(.text.USBD_LL_SetSpeed)
    USBD_LL_SetUSBAddress                    0x08004e2d   Thumb Code    34  usbd_conf.o(.text.USBD_LL_SetUSBAddress)
    USBD_LL_SetupStage                       0x08004e51   Thumb Code    98  usbd_core.o(.text.USBD_LL_SetupStage)
    USBD_LL_StallEP                          0x08004eb5   Thumb Code    34  usbd_conf.o(.text.USBD_LL_StallEP)
    USBD_LL_Start                            0x08004ed9   Thumb Code    34  usbd_conf.o(.text.USBD_LL_Start)
    USBD_LL_Suspend                          0x08004efd   Thumb Code    28  usbd_core.o(.text.USBD_LL_Suspend)
    USBD_LL_Transmit                         0x08004f19   Thumb Code    34  usbd_conf.o(.text.USBD_LL_Transmit)
    USBD_ParseSetupRequest                   0x08004f3d   Thumb Code    22  usbd_ctlreq.o(.text.USBD_ParseSetupRequest)
    USBD_RegisterClass                       0x08004f55   Thumb Code    66  usbd_core.o(.text.USBD_RegisterClass)
    USBD_SetClassConfig                      0x08004f99   Thumb Code    16  usbd_core.o(.text.USBD_SetClassConfig)
    USBD_Start                               0x08004fa9   Thumb Code     4  usbd_core.o(.text.USBD_Start)
    USBD_StdDevReq                           0x08004fad   Thumb Code   900  usbd_ctlreq.o(.text.USBD_StdDevReq)
    USBD_StdEPReq                            0x08005331   Thumb Code   358  usbd_ctlreq.o(.text.USBD_StdEPReq)
    USBD_StdItfReq                           0x08005499   Thumb Code   120  usbd_ctlreq.o(.text.USBD_StdItfReq)
    USBD_static_free                         0x08005511   Thumb Code     2  usbd_conf.o(.text.USBD_static_free)
    USBD_static_malloc                       0x08005515   Thumb Code    10  usbd_conf.o(.text.USBD_static_malloc)
    USB_ActivateEndpoint                     0x08005521   Thumb Code   130  stm32f4xx_ll_usb.o(.text.USB_ActivateEndpoint)
    USB_ActivateSetup                        0x080055a5   Thumb Code    32  stm32f4xx_ll_usb.o(.text.USB_ActivateSetup)
    USB_CoreInit                             0x080055c5   Thumb Code   530  stm32f4xx_ll_usb.o(.text.USB_CoreInit)
    USB_DeactivateEndpoint                   0x080057d9   Thumb Code   130  stm32f4xx_ll_usb.o(.text.USB_DeactivateEndpoint)
    USB_DevConnect                           0x0800585d   Thumb Code    30  stm32f4xx_ll_usb.o(.text.USB_DevConnect)
    USB_DevDisconnect                        0x0800587d   Thumb Code    30  stm32f4xx_ll_usb.o(.text.USB_DevDisconnect)
    USB_DevInit                              0x0800589d   Thumb Code  1206  stm32f4xx_ll_usb.o(.text.USB_DevInit)
    USB_DisableGlobalInt                     0x08005d55   Thumb Code    14  stm32f4xx_ll_usb.o(.text.USB_DisableGlobalInt)
    USB_EP0_OutStart                         0x08005d65   Thumb Code    90  stm32f4xx_ll_usb.o(.text.USB_EP0_OutStart)
    USB_EPClearStall                         0x08005dc1   Thumb Code    82  stm32f4xx_ll_usb.o(.text.USB_EPClearStall)
    USB_EPSetStall                           0x08005e15   Thumb Code    62  stm32f4xx_ll_usb.o(.text.USB_EPSetStall)
    USB_EPStartXfer                          0x08005e55   Thumb Code   532  stm32f4xx_ll_usb.o(.text.USB_EPStartXfer)
    USB_EPStopXfer                           0x08006069   Thumb Code   270  stm32f4xx_ll_usb.o(.text.USB_EPStopXfer)
    USB_EnableGlobalInt                      0x08006179   Thumb Code    14  stm32f4xx_ll_usb.o(.text.USB_EnableGlobalInt)
    USB_FlushTxFifo                          0x08006189   Thumb Code   190  stm32f4xx_ll_usb.o(.text.USB_FlushTxFifo)
    USB_GetDevSpeed                          0x08006249   Thumb Code    26  stm32f4xx_ll_usb.o(.text.USB_GetDevSpeed)
    USB_GetMode                              0x08006265   Thumb Code     8  stm32f4xx_ll_usb.o(.text.USB_GetMode)
    USB_ReadDevAllInEpInterrupt              0x0800626d   Thumb Code    14  stm32f4xx_ll_usb.o(.text.USB_ReadDevAllInEpInterrupt)
    USB_ReadDevAllOutEpInterrupt             0x0800627d   Thumb Code    14  stm32f4xx_ll_usb.o(.text.USB_ReadDevAllOutEpInterrupt)
    USB_ReadDevInEPInterrupt                 0x0800628d   Thumb Code    36  stm32f4xx_ll_usb.o(.text.USB_ReadDevInEPInterrupt)
    USB_ReadDevOutEPInterrupt                0x080062b1   Thumb Code    16  stm32f4xx_ll_usb.o(.text.USB_ReadDevOutEPInterrupt)
    USB_ReadInterrupts                       0x080062c1   Thumb Code     8  stm32f4xx_ll_usb.o(.text.USB_ReadInterrupts)
    USB_ReadPacket                           0x080062c9   Thumb Code   170  stm32f4xx_ll_usb.o(.text.USB_ReadPacket)
    USB_SetCurrentMode                       0x08006375   Thumb Code   872  stm32f4xx_ll_usb.o(.text.USB_SetCurrentMode)
    USB_SetDevAddress                        0x080066dd   Thumb Code    34  stm32f4xx_ll_usb.o(.text.USB_SetDevAddress)
    USB_SetTurnaroundTime                    0x08006701   Thumb Code   280  stm32f4xx_ll_usb.o(.text.USB_SetTurnaroundTime)
    USB_WritePacket                          0x08006819   Thumb Code   106  stm32f4xx_ll_usb.o(.text.USB_WritePacket)
    UsageFault_Handler                       0x08006885   Thumb Code     2  stm32f4xx_it.o(.text.UsageFault_Handler)
    catheter_push                            0x08006889   Thumb Code   338  main.o(.text.catheter_push)
    main                                     0x080069dd   Thumb Code  1224  main.o(.text.main)
    tb6600_ChangeDirection                   0x08006ea5   Thumb Code    20  stm_tb6600.o(.text.tb6600_ChangeDirection)
    tb6600_ChangeSpeed                       0x08006eb9   Thumb Code     6  stm_tb6600.o(.text.tb6600_ChangeSpeed)
    tb6600_Disable                           0x08006ec1   Thumb Code    14  stm_tb6600.o(.text.tb6600_Disable)
    tb6600_Enable                            0x08006ed1   Thumb Code    14  stm_tb6600.o(.text.tb6600_Enable)
    tb6600_Movemm                            0x08006ee1   Thumb Code   200  stm_tb6600.o(.text.tb6600_Movemm)
    tb6600_Set                               0x08006fbd   Thumb Code    46  stm_tb6600.o(.text.tb6600_Set)
    tb6600_init                              0x08006fed   Thumb Code    38  stm_tb6600.o(.text.tb6600_init)
    user_parameters                          0x08007015   Thumb Code   356  main.o(.text.user_parameters)
    _get_lc_ctype                            0x08007191   Thumb Code    44  lc_ctype_c.o(locale$$code)
    __aeabi_d2f                              0x080071bd   Thumb Code     0  d2f.o(x$fpl$d2f)
    _d2f                                     0x080071bd   Thumb Code    98  d2f.o(x$fpl$d2f)
    __aeabi_ddiv                             0x08007221   Thumb Code     0  ddiv.o(x$fpl$ddiv)
    _ddiv                                    0x08007221   Thumb Code   560  ddiv.o(x$fpl$ddiv)
    __aeabi_dmul                             0x080074d9   Thumb Code     0  dmul.o(x$fpl$dmul)
    _dmul                                    0x080074d9   Thumb Code   332  dmul.o(x$fpl$dmul)
    __fpl_dnaninf                            0x0800762d   Thumb Code   156  dnaninf.o(x$fpl$dnaninf)
    __fpl_dretinf                            0x080076c9   Thumb Code    12  dretinf.o(x$fpl$dretinf)
    __aeabi_f2d                              0x080076d5   Thumb Code     0  f2d.o(x$fpl$f2d)
    _f2d                                     0x080076d5   Thumb Code    86  f2d.o(x$fpl$f2d)
    __fpl_fnaninf                            0x0800772b   Thumb Code   140  fnaninf.o(x$fpl$fnaninf)
    _fp_init                                 0x080077b7   Thumb Code    26  fpinit.o(x$fpl$fpinit)
    __fplib_config_fpu_vfp                   0x080077cf   Thumb Code     0  fpinit.o(x$fpl$fpinit)
    __fplib_config_pureend_doubles           0x080077cf   Thumb Code     0  fpinit.o(x$fpl$fpinit)
    __fpl_fretinf                            0x080077d1   Thumb Code    10  fretinf.o(x$fpl$fretinf)
    AHBPrescTable                            0x080077da   Data          16  system_stm32f4xx.o(.rodata.AHBPrescTable)
    __I$use$fp                               0x080077da   Number         0  usenofp.o(x$fpl$usenofp)
    APBPrescTable                            0x080077ea   Data           8  system_stm32f4xx.o(.rodata.APBPrescTable)
    State1                                   0x080077f2   Data          10  main.o(.rodata.State1)
    State2                                   0x080077fc   Data           8  main.o(.rodata.State2)
    Task_1                                   0x08007804   Data           6  main.o(.rodata.Task_1)
    Region$$Table$$Base                      0x0800781c   Number         0  anon$$obj.o(Region$$Table)
    Region$$Table$$Limit                     0x0800783c   Number         0  anon$$obj.o(Region$$Table)
    __ctype                                  0x08007849   Data           0  lc_ctype_c.o(locale$$data)
    uwTickFreq                               0x20000000   Data           1  stm32f4xx_hal.o(.data..L_MergedGlobals)
    uwTickPrio                               0x20000004   Data           4  stm32f4xx_hal.o(.data..L_MergedGlobals)
    HS_Desc                                  0x20000008   Data          28  usbd_desc.o(.data.HS_Desc)
    SystemCoreClock                          0x20000024   Data           4  system_stm32f4xx.o(.data.SystemCoreClock)
    USBD_CDC                                 0x20000028   Data          56  usbd_cdc.o(.data.USBD_CDC)
    USBD_HS_DeviceDesc                       0x200000b0   Data          18  usbd_desc.o(.data.USBD_HS_DeviceDesc)
    USBD_Interface_fops_HS                   0x200000c4   Data          20  usbd_cdc_if.o(.data.USBD_Interface_fops_HS)
    USBD_LangIDDesc                          0x200000d8   Data           4  usbd_desc.o(.data.USBD_LangIDDesc)
    data_array                               0x200000dc   Data          20  main.o(.data.data_array)
    permission                               0x200000f0   Data           4  main.o(.data.permission)
    __libspace_start                         0x200000f8   Data          96  libspace.o(.bss)
    __temporary_stack_top$libspace           0x20000158   Data           0  libspace.o(.bss)
    pause_count                              0x20000158   Data           1  main.o(.bss..L_MergedGlobals)
    reset_count                              0x20000159   Data           1  main.o(.bss..L_MergedGlobals)
    reset_count_max                          0x2000015a   Data           1  main.o(.bss..L_MergedGlobals)
    Position                                 0x2000015b   Data           1  main.o(.bss..L_MergedGlobals)
    calibrate_count                          0x2000015c   Data           1  main.o(.bss..L_MergedGlobals)
    speed                                    0x2000015e   Data           2  main.o(.bss..L_MergedGlobals)
    measured_force                           0x20000160   Data           4  main.o(.bss..L_MergedGlobals)
    L_Speed                                  0x20000164   Data           4  main.o(.bss..L_MergedGlobals)
    Peak_F                                   0x20000168   Data           4  main.o(.bss..L_MergedGlobals)
    Dist                                     0x2000016c   Data           4  main.o(.bss..L_MergedGlobals)
    Temp                                     0x20000170   Data           4  main.o(.bss..L_MergedGlobals)
    mm_Counter                               0x20000174   Data           4  main.o(.bss..L_MergedGlobals)
    Task                                     0x20000178   Data           6  main.o(.bss..L_MergedGlobals)
    buff                                     0x2000017e   Data          20  main.o(.bss..L_MergedGlobals)
    adc_dma                                  0x20000194   Data          40  main.o(.bss..L_MergedGlobals)
    readings                                 0x200001bc   Data          40  main.o(.bss..L_MergedGlobals.2)
    htim2                                    0x200001e4   Data          72  main.o(.bss..L_MergedGlobals.2)
    USBD_StrDesc                             0x20000230   Data         512  usbd_desc.o(.bss.USBD_StrDesc)
    UserRxBufferHS                           0x20000650   Data        2048  usbd_cdc_if.o(.bss.UserRxBufferHS)
    UserTxBufferHS                           0x20000e50   Data        2048  usbd_cdc_if.o(.bss.UserTxBufferHS)
    hUsbDeviceHS                             0x20001650   Data         732  usb_device.o(.bss.hUsbDeviceHS)
    hadc2                                    0x2000192c   Data          72  main.o(.bss.hadc2)
    hadc3                                    0x20001974   Data          72  main.o(.bss.hadc3)
    hdma_adc2                                0x200019bc   Data          96  main.o(.bss.hdma_adc2)
    hpcd_USB_OTG_HS                          0x20001a1c   Data        1252  usbd_conf.o(.bss.hpcd_USB_OTG_HS)
    hspi1                                    0x20001f00   Data          88  main.o(.bss.hspi1)
    htim4                                    0x20001f58   Data          72  main.o(.bss.htim4)
    huart1                                   0x20001fa0   Data          72  main.o(.bss.huart1)
    stepper                                  0x20001fe8   Data         104  main.o(.bss.stepper)
    uwTick                                   0x20002050   Data           4  stm32f4xx_hal.o(.bss.uwTick)



==============================================================================

Memory Map of the image

  Image Entry point : 0x080001ad

  Load Region LR_IROM1 (Base: 0x08000000, Size: 0x00007a48, Max: 0x00200000, ABSOLUTE)

    Execution Region ER_IROM1 (Exec base: 0x08000000, Load base: 0x08000000, Size: 0x0000794c, Max: 0x00200000, ABSOLUTE)

    Exec Addr    Load Addr    Size         Type   Attr      Idx    E Section Name        Object

    0x08000000   0x08000000   0x000001ac   Data   RO            3    RESET               startup_stm32f429xx.o
    0x080001ac   0x080001ac   0x00000008   Code   RO         1809  * !!!main             c_w.l(__main.o)
    0x080001b4   0x080001b4   0x0000005c   Code   RO         2052    !!!scatter          c_w.l(__scatter.o)
    0x08000210   0x08000210   0x0000001a   Code   RO         2056    !!handler_copy      c_w.l(__scatter_copy.o)
    0x0800022a   0x0800022a   0x00000002   PAD
    0x0800022c   0x0800022c   0x00000002   Code   RO         2053    !!handler_null      c_w.l(__scatter.o)
    0x0800022e   0x0800022e   0x00000002   PAD
    0x08000230   0x08000230   0x0000001c   Code   RO         2058    !!handler_zi        c_w.l(__scatter_zi.o)
    0x0800024c   0x0800024c   0x00000000   Code   RO         1786    .ARM.Collect$$_printf_percent$$00000000  c_w.l(_printf_percent.o)
    0x0800024c   0x0800024c   0x00000006   Code   RO         1785    .ARM.Collect$$_printf_percent$$00000009  c_w.l(_printf_d.o)
    0x08000252   0x08000252   0x00000004   Code   RO         1852    .ARM.Collect$$_printf_percent$$00000017  c_w.l(_printf_percent_end.o)
    0x08000256   0x08000256   0x00000002   Code   RO         1906    .ARM.Collect$$libinit$$00000000  c_w.l(libinit.o)
    0x08000258   0x08000258   0x00000004   Code   RO         1926    .ARM.Collect$$libinit$$00000001  c_w.l(libinit2.o)
    0x0800025c   0x0800025c   0x00000000   Code   RO         1929    .ARM.Collect$$libinit$$00000004  c_w.l(libinit2.o)
    0x0800025c   0x0800025c   0x00000000   Code   RO         1931    .ARM.Collect$$libinit$$00000006  c_w.l(libinit2.o)
    0x0800025c   0x0800025c   0x00000000   Code   RO         1934    .ARM.Collect$$libinit$$0000000C  c_w.l(libinit2.o)
    0x0800025c   0x0800025c   0x00000000   Code   RO         1936    .ARM.Collect$$libinit$$0000000E  c_w.l(libinit2.o)
    0x0800025c   0x0800025c   0x00000000   Code   RO         1938    .ARM.Collect$$libinit$$00000010  c_w.l(libinit2.o)
    0x0800025c   0x0800025c   0x00000006   Code   RO         1939    .ARM.Collect$$libinit$$00000011  c_w.l(libinit2.o)
    0x08000262   0x08000262   0x00000000   Code   RO         1941    .ARM.Collect$$libinit$$00000013  c_w.l(libinit2.o)
    0x08000262   0x08000262   0x0000000c   Code   RO         1942    .ARM.Collect$$libinit$$00000014  c_w.l(libinit2.o)
    0x0800026e   0x0800026e   0x00000000   Code   RO         1943    .ARM.Collect$$libinit$$00000015  c_w.l(libinit2.o)
    0x0800026e   0x0800026e   0x00000000   Code   RO         1945    .ARM.Collect$$libinit$$00000017  c_w.l(libinit2.o)
    0x0800026e   0x0800026e   0x00000000   Code   RO         1947    .ARM.Collect$$libinit$$00000019  c_w.l(libinit2.o)
    0x0800026e   0x0800026e   0x00000000   Code   RO         1949    .ARM.Collect$$libinit$$0000001B  c_w.l(libinit2.o)
    0x0800026e   0x0800026e   0x00000000   Code   RO         1951    .ARM.Collect$$libinit$$0000001D  c_w.l(libinit2.o)
    0x0800026e   0x0800026e   0x00000000   Code   RO         1953    .ARM.Collect$$libinit$$0000001F  c_w.l(libinit2.o)
    0x0800026e   0x0800026e   0x00000000   Code   RO         1955    .ARM.Collect$$libinit$$00000021  c_w.l(libinit2.o)
    0x0800026e   0x0800026e   0x00000000   Code   RO         1957    .ARM.Collect$$libinit$$00000023  c_w.l(libinit2.o)
    0x0800026e   0x0800026e   0x00000000   Code   RO         1959    .ARM.Collect$$libinit$$00000025  c_w.l(libinit2.o)
    0x0800026e   0x0800026e   0x00000000   Code   RO         1961    .ARM.Collect$$libinit$$00000027  c_w.l(libinit2.o)
    0x0800026e   0x0800026e   0x00000000   Code   RO         1965    .ARM.Collect$$libinit$$0000002E  c_w.l(libinit2.o)
    0x0800026e   0x0800026e   0x00000000   Code   RO         1967    .ARM.Collect$$libinit$$00000030  c_w.l(libinit2.o)
    0x0800026e   0x0800026e   0x00000000   Code   RO         1969    .ARM.Collect$$libinit$$00000032  c_w.l(libinit2.o)
    0x0800026e   0x0800026e   0x00000000   Code   RO         1971    .ARM.Collect$$libinit$$00000034  c_w.l(libinit2.o)
    0x0800026e   0x0800026e   0x00000002   Code   RO         1972    .ARM.Collect$$libinit$$00000035  c_w.l(libinit2.o)
    0x08000270   0x08000270   0x00000002   Code   RO         2007    .ARM.Collect$$libshutdown$$00000000  c_w.l(libshutdown.o)
    0x08000272   0x08000272   0x00000000   Code   RO         2035    .ARM.Collect$$libshutdown$$00000002  c_w.l(libshutdown2.o)
    0x08000272   0x08000272   0x00000000   Code   RO         2037    .ARM.Collect$$libshutdown$$00000004  c_w.l(libshutdown2.o)
    0x08000272   0x08000272   0x00000000   Code   RO         2040    .ARM.Collect$$libshutdown$$00000007  c_w.l(libshutdown2.o)
    0x08000272   0x08000272   0x00000000   Code   RO         2043    .ARM.Collect$$libshutdown$$0000000A  c_w.l(libshutdown2.o)
    0x08000272   0x08000272   0x00000000   Code   RO         2045    .ARM.Collect$$libshutdown$$0000000C  c_w.l(libshutdown2.o)
    0x08000272   0x08000272   0x00000000   Code   RO         2048    .ARM.Collect$$libshutdown$$0000000F  c_w.l(libshutdown2.o)
    0x08000272   0x08000272   0x00000002   Code   RO         2049    .ARM.Collect$$libshutdown$$00000010  c_w.l(libshutdown2.o)
    0x08000274   0x08000274   0x00000000   Code   RO         1841    .ARM.Collect$$rtentry$$00000000  c_w.l(__rtentry.o)
    0x08000274   0x08000274   0x00000000   Code   RO         1869    .ARM.Collect$$rtentry$$00000002  c_w.l(__rtentry2.o)
    0x08000274   0x08000274   0x00000006   Code   RO         1881    .ARM.Collect$$rtentry$$00000004  c_w.l(__rtentry4.o)
    0x0800027a   0x0800027a   0x00000000   Code   RO         1871    .ARM.Collect$$rtentry$$00000009  c_w.l(__rtentry2.o)
    0x0800027a   0x0800027a   0x00000004   Code   RO         1872    .ARM.Collect$$rtentry$$0000000A  c_w.l(__rtentry2.o)
    0x0800027e   0x0800027e   0x00000000   Code   RO         1874    .ARM.Collect$$rtentry$$0000000C  c_w.l(__rtentry2.o)
    0x0800027e   0x0800027e   0x00000008   Code   RO         1875    .ARM.Collect$$rtentry$$0000000D  c_w.l(__rtentry2.o)
    0x08000286   0x08000286   0x00000002   Code   RO         1910    .ARM.Collect$$rtexit$$00000000  c_w.l(rtexit.o)
    0x08000288   0x08000288   0x00000000   Code   RO         1978    .ARM.Collect$$rtexit$$00000002  c_w.l(rtexit2.o)
    0x08000288   0x08000288   0x00000004   Code   RO         1979    .ARM.Collect$$rtexit$$00000003  c_w.l(rtexit2.o)
    0x0800028c   0x0800028c   0x00000006   Code   RO         1980    .ARM.Collect$$rtexit$$00000004  c_w.l(rtexit2.o)
    0x08000292   0x08000292   0x00000002   PAD
    0x08000294   0x08000294   0x00000040   Code   RO            4    .text               startup_stm32f429xx.o
    0x080002d4   0x080002d4   0x000000f0   Code   RO         1755    .text               c_w.l(lludivv7m.o)
    0x080003c4   0x080003c4   0x00000040   Code   RO         1759    .text               c_w.l(noretval__2snprintf.o)
    0x08000404   0x08000404   0x00000068   Code   RO         1761    .text               c_w.l(__printf.o)
    0x0800046c   0x0800046c   0x00000078   Code   RO         1763    .text               c_w.l(_printf_dec.o)
    0x080004e4   0x080004e4   0x0000003c   Code   RO         1787    .text               c_w.l(__0sscanf.o)
    0x08000520   0x08000520   0x0000014c   Code   RO         1789    .text               c_w.l(_scanf_int.o)
    0x0800066c   0x0800066c   0x000000e0   Code   RO         1791    .text               c_w.l(_scanf_str.o)
    0x0800074c   0x0800074c   0x0000003e   Code   RO         1793    .text               c_w.l(strlen.o)
    0x0800078a   0x0800078a   0x0000008a   Code   RO         1795    .text               c_w.l(rt_memcpy_v6.o)
    0x08000814   0x08000814   0x00000064   Code   RO         1797    .text               c_w.l(rt_memcpy_w.o)
    0x08000878   0x08000878   0x00000010   Code   RO         1799    .text               c_w.l(aeabi_memset.o)
    0x08000888   0x08000888   0x00000044   Code   RO         1801    .text               c_w.l(rt_memclr.o)
    0x080008cc   0x080008cc   0x0000004e   Code   RO         1803    .text               c_w.l(rt_memclr_w.o)
    0x0800091a   0x0800091a   0x00000006   PAD
    0x08000920   0x08000920   0x0000007c   Code   RO         1805    .text               c_w.l(strcmpv7em.o)
    0x0800099c   0x0800099c   0x00000006   Code   RO         1807    .text               c_w.l(heapauxi.o)
    0x080009a2   0x080009a2   0x000000b2   Code   RO         1846    .text               c_w.l(_printf_intcommon.o)
    0x08000a54   0x08000a54   0x00000030   Code   RO         1848    .text               c_w.l(_printf_char_common.o)
    0x08000a84   0x08000a84   0x00000010   Code   RO         1850    .text               c_w.l(_snputc.o)
    0x08000a94   0x08000a94   0x0000001c   Code   RO         1853    .text               c_w.l(_chval.o)
    0x08000ab0   0x08000ab0   0x0000002c   Code   RO         1855    .text               c_w.l(scanf_char.o)
    0x08000adc   0x08000adc   0x00000040   Code   RO         1857    .text               c_w.l(_sgetc.o)
    0x08000b1c   0x08000b1c   0x00000012   Code   RO         1885    .text               c_w.l(isspace.o)
    0x08000b2e   0x08000b2e   0x00000002   PAD
    0x08000b30   0x08000b30   0x00000374   Code   RO         1889    .text               c_w.l(_scanf.o)
    0x08000ea4   0x08000ea4   0x0000004a   Code   RO         1891    .text               c_w.l(sys_stackheap_outer.o)
    0x08000eee   0x08000eee   0x00000002   PAD
    0x08000ef0   0x08000ef0   0x00000010   Code   RO         1893    .text               c_w.l(rt_ctype_table.o)
    0x08000f00   0x08000f00   0x00000012   Code   RO         1895    .text               c_w.l(exit.o)
    0x08000f12   0x08000f12   0x00000002   PAD
    0x08000f14   0x08000f14   0x00000008   Code   RO         1907    .text               c_w.l(libspace.o)
    0x08000f1c   0x08000f1c   0x00000008   Code   RO         1917    .text               c_w.l(rt_locale_intlibspace.o)
    0x08000f24   0x08000f24   0x0000000c   Code   RO         1973    .text               c_w.l(sys_exit.o)
    0x08000f30   0x08000f30   0x00000002   Code   RO         1996    .text               c_w.l(use_no_semi.o)
    0x08000f32   0x08000f32   0x00000000   Code   RO         1998    .text               c_w.l(indicate_semi.o)
    0x08000f32   0x08000f32   0x00000002   PAD
    0x08000f34   0x08000f34   0x0000006e   Code   RO          977    .text.ADC_DMAConvCplt  stm32f4xx_hal_adc.o
    0x08000fa2   0x08000fa2   0x00000002   PAD
    0x08000fa4   0x08000fa4   0x00000012   Code   RO          981    .text.ADC_DMAError  stm32f4xx_hal_adc.o
    0x08000fb6   0x08000fb6   0x00000002   PAD
    0x08000fb8   0x08000fb8   0x00000006   Code   RO          979    .text.ADC_DMAHalfConvCplt  stm32f4xx_hal_adc.o
    0x08000fbe   0x08000fbe   0x00000002   PAD
    0x08000fc0   0x08000fc0   0x0000001e   Code   RO          172    .text.ADC_IRQHandler  stm32f4xx_it.o
    0x08000fde   0x08000fde   0x00000002   PAD
    0x08000fe0   0x08000fe0   0x00000002   Code   RO          154    .text.BusFault_Handler  stm32f4xx_it.o
    0x08000fe2   0x08000fe2   0x00000002   PAD
    0x08000fe4   0x08000fe4   0x00000004   Code   RO          253    .text.CDC_Control_HS  usbd_cdc_if.o
    0x08000fe8   0x08000fe8   0x00000004   Code   RO          251    .text.CDC_DeInit_HS  usbd_cdc_if.o
    0x08000fec   0x08000fec   0x0000002c   Code   RO          249    .text.CDC_Init_HS   usbd_cdc_if.o
    0x08001018   0x08001018   0x00000046   Code   RO          255    .text.CDC_Receive_HS  usbd_cdc_if.o
    0x0800105e   0x0800105e   0x00000002   PAD
    0x08001060   0x08001060   0x00000004   Code   RO          257    .text.CDC_TransmitCplt_HS  usbd_cdc_if.o
    0x08001064   0x08001064   0x00000036   Code   RO          259    .text.CDC_Transmit_HS  usbd_cdc_if.o
    0x0800109a   0x0800109a   0x00000002   PAD
    0x0800109c   0x0800109c   0x0000000c   Code   RO          176    .text.DMA2_Stream2_IRQHandler  stm32f4xx_it.o
    0x080010a8   0x080010a8   0x00000002   Code   RO          160    .text.DebugMon_Handler  stm32f4xx_it.o
    0x080010aa   0x080010aa   0x00000002   PAD
    0x080010ac   0x080010ac   0x00000006   Code   RO          166    .text.EXTI1_IRQHandler  stm32f4xx_it.o
    0x080010b2   0x080010b2   0x00000002   PAD
    0x080010b4   0x080010b4   0x00000006   Code   RO          168    .text.EXTI2_IRQHandler  stm32f4xx_it.o
    0x080010ba   0x080010ba   0x00000002   PAD
    0x080010bc   0x080010bc   0x00000006   Code   RO          170    .text.EXTI3_IRQHandler  stm32f4xx_it.o
    0x080010c2   0x080010c2   0x00000002   PAD
    0x080010c4   0x080010c4   0x00000006   Code   RO           65    .text.Error_Handler  main.o
    0x080010ca   0x080010ca   0x00000002   PAD
    0x080010cc   0x080010cc   0x00000002   Code   RO         1029    .text.HAL_ADCEx_InjectedConvCpltCallback  stm32f4xx_hal_adc_ex.o
    0x080010ce   0x080010ce   0x00000002   PAD
    0x080010d0   0x080010d0   0x00000170   Code   RO          989    .text.HAL_ADC_ConfigChannel  stm32f4xx_hal_adc.o
    0x08001240   0x08001240   0x00000144   Code   RO          109    .text.HAL_ADC_ConvCpltCallback  main.o
    0x08001384   0x08001384   0x00000002   Code   RO          987    .text.HAL_ADC_ConvHalfCpltCallback  stm32f4xx_hal_adc.o
    0x08001386   0x08001386   0x00000002   PAD
    0x08001388   0x08001388   0x00000002   Code   RO          973    .text.HAL_ADC_ErrorCallback  stm32f4xx_hal_adc.o
    0x0800138a   0x0800138a   0x00000002   PAD
    0x0800138c   0x0800138c   0x00000136   Code   RO          967    .text.HAL_ADC_IRQHandler  stm32f4xx_hal_adc.o
    0x080014c2   0x080014c2   0x00000002   PAD
    0x080014c4   0x080014c4   0x0000015c   Code   RO          947    .text.HAL_ADC_Init  stm32f4xx_hal_adc.o
    0x08001620   0x08001620   0x00000002   Code   RO          971    .text.HAL_ADC_LevelOutOfWindowCallback  stm32f4xx_hal_adc.o
    0x08001622   0x08001622   0x00000002   PAD
    0x08001624   0x08001624   0x00000116   Code   RO          189    .text.HAL_ADC_MspInit  stm32f4xx_hal_msp.o
    0x0800173a   0x0800173a   0x00000002   PAD
    0x0800173c   0x0800173c   0x000001a6   Code   RO          975    .text.HAL_ADC_Start_DMA  stm32f4xx_hal_adc.o
    0x080018e2   0x080018e2   0x00000002   PAD
    0x080018e4   0x080018e4   0x000001c4   Code   RO          718    .text.HAL_DMA_IRQHandler  stm32f4xx_hal_dma.o
    0x08001aa8   0x08001aa8   0x00000162   Code   RO          704    .text.HAL_DMA_Init  stm32f4xx_hal_dma.o
    0x08001c0a   0x08001c0a   0x00000002   PAD
    0x08001c0c   0x08001c0c   0x000000a2   Code   RO          710    .text.HAL_DMA_Start_IT  stm32f4xx_hal_dma.o
    0x08001cae   0x08001cae   0x00000002   PAD
    0x08001cb0   0x08001cb0   0x00000028   Code   RO          873    .text.HAL_Delay     stm32f4xx_hal.o
    0x08001cd8   0x08001cd8   0x000000e2   Code   RO          105    .text.HAL_GPIO_EXTI_Callback  main.o
    0x08001dba   0x08001dba   0x00000002   PAD
    0x08001dbc   0x08001dbc   0x00000016   Code   RO          678    .text.HAL_GPIO_EXTI_IRQHandler  stm32f4xx_hal_gpio.o
    0x08001dd2   0x08001dd2   0x00000002   PAD
    0x08001dd4   0x08001dd4   0x0000019e   Code   RO          666    .text.HAL_GPIO_Init  stm32f4xx_hal_gpio.o
    0x08001f72   0x08001f72   0x00000002   PAD
    0x08001f74   0x08001f74   0x0000000a   Code   RO          672    .text.HAL_GPIO_WritePin  stm32f4xx_hal_gpio.o
    0x08001f7e   0x08001f7e   0x00000002   PAD
    0x08001f80   0x08001f80   0x0000000c   Code   RO          865    .text.HAL_GetTick   stm32f4xx_hal.o
    0x08001f8c   0x08001f8c   0x0000001a   Code   RO          863    .text.HAL_IncTick   stm32f4xx_hal.o
    0x08001fa6   0x08001fa6   0x00000002   PAD
    0x08001fa8   0x08001fa8   0x00000036   Code   RO          853    .text.HAL_Init      stm32f4xx_hal.o
    0x08001fde   0x08001fde   0x00000002   PAD
    0x08001fe0   0x08001fe0   0x00000048   Code   RO          855    .text.HAL_InitTick  stm32f4xx_hal.o
    0x08002028   0x08002028   0x00000038   Code   RO          187    .text.HAL_MspInit   stm32f4xx_hal_msp.o
    0x08002060   0x08002060   0x00000022   Code   RO          809    .text.HAL_NVIC_EnableIRQ  stm32f4xx_hal_cortex.o
    0x08002082   0x08002082   0x00000002   PAD
    0x08002084   0x08002084   0x00000056   Code   RO          807    .text.HAL_NVIC_SetPriority  stm32f4xx_hal_cortex.o
    0x080020da   0x080020da   0x00000002   PAD
    0x080020dc   0x080020dc   0x00000020   Code   RO          805    .text.HAL_NVIC_SetPriorityGrouping  stm32f4xx_hal_cortex.o
    0x080020fc   0x080020fc   0x00000002   Code   RO          426    .text.HAL_PCDEx_LPM_Callback  stm32f4xx_hal_pcd_ex.o
    0x080020fe   0x080020fe   0x00000002   PAD
    0x08002100   0x08002100   0x00000008   Code   RO          424    .text.HAL_PCDEx_SetRxFiFo  stm32f4xx_hal_pcd_ex.o
    0x08002108   0x08002108   0x000000ce   Code   RO          422    .text.HAL_PCDEx_SetTxFiFo  stm32f4xx_hal_pcd_ex.o
    0x080021d6   0x080021d6   0x00000002   PAD
    0x080021d8   0x080021d8   0x00000008   Code   RO          294    .text.HAL_PCD_ConnectCallback  usbd_conf.o
    0x080021e0   0x080021e0   0x00000014   Code   RO          280    .text.HAL_PCD_DataInStageCallback  usbd_conf.o
    0x080021f4   0x080021f4   0x00000016   Code   RO          278    .text.HAL_PCD_DataOutStageCallback  usbd_conf.o
    0x0800220a   0x0800220a   0x00000002   PAD
    0x0800220c   0x0800220c   0x00000008   Code   RO          296    .text.HAL_PCD_DisconnectCallback  usbd_conf.o
    0x08002214   0x08002214   0x0000004e   Code   RO          392    .text.HAL_PCD_EP_Close  stm32f4xx_hal_pcd.o
    0x08002262   0x08002262   0x00000002   PAD
    0x08002264   0x08002264   0x00000060   Code   RO          402    .text.HAL_PCD_EP_ClrStall  stm32f4xx_hal_pcd.o
    0x080022c4   0x080022c4   0x00000012   Code   RO          396    .text.HAL_PCD_EP_GetRxCount  stm32f4xx_hal_pcd.o
    0x080022d6   0x080022d6   0x00000002   PAD
    0x080022d8   0x080022d8   0x00000070   Code   RO          390    .text.HAL_PCD_EP_Open  stm32f4xx_hal_pcd.o
    0x08002348   0x08002348   0x00000042   Code   RO          394    .text.HAL_PCD_EP_Receive  stm32f4xx_hal_pcd.o
    0x0800238a   0x0800238a   0x00000002   PAD
    0x0800238c   0x0800238c   0x0000006e   Code   RO          400    .text.HAL_PCD_EP_SetStall  stm32f4xx_hal_pcd.o
    0x080023fa   0x080023fa   0x00000002   PAD
    0x080023fc   0x080023fc   0x0000003a   Code   RO          398    .text.HAL_PCD_EP_Transmit  stm32f4xx_hal_pcd.o
    0x08002436   0x08002436   0x00000002   PAD
    0x08002438   0x08002438   0x00000906   Code   RO          356    .text.HAL_PCD_IRQHandler  stm32f4xx_hal_pcd.o
    0x08002d3e   0x08002d3e   0x00000002   PAD
    0x08002d40   0x08002d40   0x00000008   Code   RO          292    .text.HAL_PCD_ISOINIncompleteCallback  usbd_conf.o
    0x08002d48   0x08002d48   0x00000008   Code   RO          290    .text.HAL_PCD_ISOOUTIncompleteCallback  usbd_conf.o
    0x08002d50   0x08002d50   0x0000026e   Code   RO          344    .text.HAL_PCD_Init  stm32f4xx_hal_pcd.o
    0x08002fbe   0x08002fbe   0x00000002   PAD
    0x08002fc0   0x08002fc0   0x00000086   Code   RO          272    .text.HAL_PCD_MspInit  usbd_conf.o
    0x08003046   0x08003046   0x00000002   PAD
    0x08003048   0x08003048   0x0000002a   Code   RO          284    .text.HAL_PCD_ResetCallback  usbd_conf.o
    0x08003072   0x08003072   0x00000002   PAD
    0x08003074   0x08003074   0x00000008   Code   RO          288    .text.HAL_PCD_ResumeCallback  usbd_conf.o
    0x0800307c   0x0800307c   0x00000008   Code   RO          282    .text.HAL_PCD_SOFCallback  usbd_conf.o
    0x08003084   0x08003084   0x00000028   Code   RO          388    .text.HAL_PCD_SetAddress  stm32f4xx_hal_pcd.o
    0x080030ac   0x080030ac   0x0000000e   Code   RO          276    .text.HAL_PCD_SetupStageCallback  usbd_conf.o
    0x080030ba   0x080030ba   0x00000002   PAD
    0x080030bc   0x080030bc   0x0000003e   Code   RO          352    .text.HAL_PCD_Start  stm32f4xx_hal_pcd.o
    0x080030fa   0x080030fa   0x00000002   PAD
    0x080030fc   0x080030fc   0x00000034   Code   RO          286    .text.HAL_PCD_SuspendCallback  usbd_conf.o
    0x08003130   0x08003130   0x00000164   Code   RO          546    .text.HAL_RCC_ClockConfig  stm32f4xx_hal_rcc.o
    0x08003294   0x08003294   0x0000000c   Code   RO          556    .text.HAL_RCC_GetHCLKFreq  stm32f4xx_hal_rcc.o
    0x080032a0   0x080032a0   0x00000026   Code   RO          558    .text.HAL_RCC_GetPCLK1Freq  stm32f4xx_hal_rcc.o
    0x080032c6   0x080032c6   0x00000002   PAD
    0x080032c8   0x080032c8   0x00000026   Code   RO          560    .text.HAL_RCC_GetPCLK2Freq  stm32f4xx_hal_rcc.o
    0x080032ee   0x080032ee   0x00000002   PAD
    0x080032f0   0x080032f0   0x0000006c   Code   RO          548    .text.HAL_RCC_GetSysClockFreq  stm32f4xx_hal_rcc.o
    0x0800335c   0x0800335c   0x000003ac   Code   RO          544    .text.HAL_RCC_OscConfig  stm32f4xx_hal_rcc.o
    0x08003708   0x08003708   0x000000b0   Code   RO         1044    .text.HAL_SPI_Init  stm32f4xx_hal_spi.o
    0x080037b8   0x080037b8   0x00000074   Code   RO          193    .text.HAL_SPI_MspInit  stm32f4xx_hal_msp.o
    0x0800382c   0x0800382c   0x0000002c   Code   RO          817    .text.HAL_SYSTICK_Config  stm32f4xx_hal_cortex.o
    0x08003858   0x08003858   0x00000002   Code   RO         1463    .text.HAL_TIMEx_BreakCallback  stm32f4xx_hal_tim_ex.o
    0x0800385a   0x0800385a   0x00000002   PAD
    0x0800385c   0x0800385c   0x00000002   Code   RO         1459    .text.HAL_TIMEx_CommutCallback  stm32f4xx_hal_tim_ex.o
    0x0800385e   0x0800385e   0x00000002   PAD
    0x08003860   0x08003860   0x000000ba   Code   RO         1453    .text.HAL_TIMEx_MasterConfigSynchronization  stm32f4xx_hal_tim_ex.o
    0x0800391a   0x0800391a   0x00000002   PAD
    0x0800391c   0x0800391c   0x0000005a   Code   RO         1158    .text.HAL_TIM_Base_Init  stm32f4xx_hal_tim.o
    0x08003976   0x08003976   0x00000002   PAD
    0x08003978   0x08003978   0x00000070   Code   RO          197    .text.HAL_TIM_Base_MspInit  stm32f4xx_hal_msp.o
    0x080039e8   0x080039e8   0x000000a2   Code   RO         1168    .text.HAL_TIM_Base_Start  stm32f4xx_hal_tim.o
    0x08003a8a   0x08003a8a   0x00000002   PAD
    0x08003a8c   0x08003a8c   0x000000aa   Code   RO         1172    .text.HAL_TIM_Base_Start_IT  stm32f4xx_hal_tim.o
    0x08003b36   0x08003b36   0x00000002   PAD
    0x08003b38   0x08003b38   0x000001a0   Code   RO         1338    .text.HAL_TIM_ConfigClockSource  stm32f4xx_hal_tim.o
    0x08003cd8   0x08003cd8   0x00000002   Code   RO         1294    .text.HAL_TIM_IC_CaptureCallback  stm32f4xx_hal_tim.o
    0x08003cda   0x08003cda   0x00000002   PAD
    0x08003cdc   0x08003cdc   0x0000014e   Code   RO         1292    .text.HAL_TIM_IRQHandler  stm32f4xx_hal_tim.o
    0x08003e2a   0x08003e2a   0x00000002   PAD
    0x08003e2c   0x08003e2c   0x00000002   Code   RO         1296    .text.HAL_TIM_OC_DelayElapsedCallback  stm32f4xx_hal_tim.o
    0x08003e2e   0x08003e2e   0x00000002   PAD
    0x08003e30   0x08003e30   0x00000002   Code   RO         1298    .text.HAL_TIM_PWM_PulseFinishedCallback  stm32f4xx_hal_tim.o
    0x08003e32   0x08003e32   0x00000002   PAD
    0x08003e34   0x08003e34   0x0000002a   Code   RO          111    .text.HAL_TIM_PeriodElapsedCallback  main.o
    0x08003e5e   0x08003e5e   0x00000002   PAD
    0x08003e60   0x08003e60   0x00000002   Code   RO         1302    .text.HAL_TIM_TriggerCallback  stm32f4xx_hal_tim.o
    0x08003e62   0x08003e62   0x00000002   PAD
    0x08003e64   0x08003e64   0x00000060   Code   RO         1477    .text.HAL_UART_Init  stm32f4xx_hal_uart.o
    0x08003ec4   0x08003ec4   0x00000076   Code   RO          201    .text.HAL_UART_MspInit  stm32f4xx_hal_msp.o
    0x08003f3a   0x08003f3a   0x00000002   PAD
    0x08003f3c   0x08003f3c   0x00000002   Code   RO          150    .text.HardFault_Handler  stm32f4xx_it.o
    0x08003f3e   0x08003f3e   0x00000002   PAD
    0x08003f40   0x08003f40   0x00000072   Code   RO          213    .text.MX_USB_DEVICE_Init  usb_device.o
    0x08003fb2   0x08003fb2   0x00000002   PAD
    0x08003fb4   0x08003fb4   0x00000002   Code   RO          152    .text.MemManage_Handler  stm32f4xx_it.o
    0x08003fb6   0x08003fb6   0x00000002   PAD
    0x08003fb8   0x08003fb8   0x00000002   Code   RO          148    .text.NMI_Handler   stm32f4xx_it.o
    0x08003fba   0x08003fba   0x00000002   PAD
    0x08003fbc   0x08003fbc   0x0000000c   Code   RO          178    .text.OTG_HS_IRQHandler  stm32f4xx_it.o
    0x08003fc8   0x08003fc8   0x00000002   Code   RO          162    .text.PendSV_Handler  stm32f4xx_it.o
    0x08003fca   0x08003fca   0x00000002   PAD
    0x08003fcc   0x08003fcc   0x00000002   Code   RO          158    .text.SVC_Handler   stm32f4xx_it.o
    0x08003fce   0x08003fce   0x00000002   PAD
    0x08003fd0   0x08003fd0   0x00000004   Code   RO          164    .text.SysTick_Handler  stm32f4xx_it.o
    0x08003fd4   0x08003fd4   0x000000ac   Code   RO           63    .text.SystemClock_Config  main.o
    0x08004080   0x08004080   0x00000012   Code   RO         1599    .text.SystemInit    system_stm32f4xx.o
    0x08004092   0x08004092   0x00000002   PAD
    0x08004094   0x08004094   0x0000000c   Code   RO          174    .text.TIM4_IRQHandler  stm32f4xx_it.o
    0x080040a0   0x080040a0   0x00000144   Code   RO         1162    .text.TIM_Base_SetConfig  stm32f4xx_hal_tim.o
    0x080041e4   0x080041e4   0x000000e6   Code   RO         1481    .text.UART_SetConfig  stm32f4xx_hal_uart.o
    0x080042ca   0x080042ca   0x00000002   PAD
    0x080042cc   0x080042cc   0x00000078   Code   RO         1721    .text.USBD_CDC_DataIn  usbd_cdc.o
    0x08004344   0x08004344   0x0000003c   Code   RO         1723    .text.USBD_CDC_DataOut  usbd_cdc.o
    0x08004380   0x08004380   0x0000005a   Code   RO         1715    .text.USBD_CDC_DeInit  usbd_cdc.o
    0x080043da   0x080043da   0x00000002   PAD
    0x080043dc   0x080043dc   0x00000038   Code   RO         1719    .text.USBD_CDC_EP0_RxReady  usbd_cdc.o
    0x08004414   0x08004414   0x00000010   Code   RO         1731    .text.USBD_CDC_GetDeviceQualifierDescriptor  usbd_cdc.o
    0x08004424   0x08004424   0x00000052   Code   RO         1727    .text.USBD_CDC_GetFSCfgDesc  usbd_cdc.o
    0x08004476   0x08004476   0x00000002   PAD
    0x08004478   0x08004478   0x00000056   Code   RO         1725    .text.USBD_CDC_GetHSCfgDesc  usbd_cdc.o
    0x080044ce   0x080044ce   0x00000002   PAD
    0x080044d0   0x080044d0   0x00000052   Code   RO         1729    .text.USBD_CDC_GetOtherSpeedCfgDesc  usbd_cdc.o
    0x08004522   0x08004522   0x00000002   PAD
    0x08004524   0x08004524   0x000000c8   Code   RO         1713    .text.USBD_CDC_Init  usbd_cdc.o
    0x080045ec   0x080045ec   0x00000034   Code   RO         1741    .text.USBD_CDC_ReceivePacket  usbd_cdc.o
    0x08004620   0x08004620   0x00000018   Code   RO         1733    .text.USBD_CDC_RegisterInterface  usbd_cdc.o
    0x08004638   0x08004638   0x0000001a   Code   RO         1737    .text.USBD_CDC_SetRxBuffer  usbd_cdc.o
    0x08004652   0x08004652   0x00000002   PAD
    0x08004654   0x08004654   0x0000001e   Code   RO         1735    .text.USBD_CDC_SetTxBuffer  usbd_cdc.o
    0x08004672   0x08004672   0x00000002   PAD
    0x08004674   0x08004674   0x000000e8   Code   RO         1717    .text.USBD_CDC_Setup  usbd_cdc.o
    0x0800475c   0x0800475c   0x00000044   Code   RO         1739    .text.USBD_CDC_TransmitPacket  usbd_cdc.o
    0x080047a0   0x080047a0   0x00000012   Code   RO         1628    .text.USBD_ClrClassConfig  usbd_core.o
    0x080047b2   0x080047b2   0x00000002   PAD
    0x080047b4   0x080047b4   0x00000004   Code   RO         1636    .text.USBD_CoreFindEP  usbd_core.o
    0x080047b8   0x080047b8   0x00000004   Code   RO         1634    .text.USBD_CoreFindIF  usbd_core.o
    0x080047bc   0x080047bc   0x00000010   Code   RO         1697    .text.USBD_CtlContinueRx  usbd_ioreq.o
    0x080047cc   0x080047cc   0x00000010   Code   RO         1693    .text.USBD_CtlContinueSendData  usbd_ioreq.o
    0x080047dc   0x080047dc   0x00000016   Code   RO         1672    .text.USBD_CtlError  usbd_ctlreq.o
    0x080047f2   0x080047f2   0x00000002   PAD
    0x080047f4   0x080047f4   0x0000001a   Code   RO         1695    .text.USBD_CtlPrepareRx  usbd_ioreq.o
    0x0800480e   0x0800480e   0x00000002   PAD
    0x08004810   0x08004810   0x00000016   Code   RO         1701    .text.USBD_CtlReceiveStatus  usbd_ioreq.o
    0x08004826   0x08004826   0x00000002   PAD
    0x08004828   0x08004828   0x0000001a   Code   RO         1691    .text.USBD_CtlSendData  usbd_ioreq.o
    0x08004842   0x08004842   0x00000002   PAD
    0x08004844   0x08004844   0x00000016   Code   RO         1699    .text.USBD_CtlSendStatus  usbd_ioreq.o
    0x0800485a   0x0800485a   0x00000002   PAD
    0x0800485c   0x0800485c   0x00000084   Code   RO         1658    .text.USBD_GetEpDesc  usbd_core.o
    0x080048e0   0x080048e0   0x000000da   Code   RO         1680    .text.USBD_GetString  usbd_ctlreq.o
    0x080049ba   0x080049ba   0x00000002   PAD
    0x080049bc   0x080049bc   0x00000024   Code   RO          232    .text.USBD_HS_ConfigStrDescriptor  usbd_desc.o
    0x080049e0   0x080049e0   0x0000000e   Code   RO          222    .text.USBD_HS_DeviceDescriptor  usbd_desc.o
    0x080049ee   0x080049ee   0x00000002   PAD
    0x080049f0   0x080049f0   0x00000028   Code   RO          234    .text.USBD_HS_InterfaceStrDescriptor  usbd_desc.o
    0x08004a18   0x08004a18   0x0000000e   Code   RO          224    .text.USBD_HS_LangIDStrDescriptor  usbd_desc.o
    0x08004a26   0x08004a26   0x00000002   PAD
    0x08004a28   0x08004a28   0x0000002c   Code   RO          226    .text.USBD_HS_ManufacturerStrDescriptor  usbd_desc.o
    0x08004a54   0x08004a54   0x0000002c   Code   RO          228    .text.USBD_HS_ProductStrDescriptor  usbd_desc.o
    0x08004a80   0x08004a80   0x00000000   Code   RO          230    .text.USBD_HS_SerialStrDescriptor  usbd_desc.o
    0x08004a80   0x08004a80   0x0000002a   Code   RO         1614    .text.USBD_Init     usbd_core.o
    0x08004aaa   0x08004aaa   0x00000002   PAD
    0x08004aac   0x08004aac   0x00000022   Code   RO          316    .text.USBD_LL_ClearStallEP  usbd_conf.o
    0x08004ace   0x08004ace   0x00000002   PAD
    0x08004ad0   0x08004ad0   0x00000022   Code   RO          310    .text.USBD_LL_CloseEP  usbd_conf.o
    0x08004af2   0x08004af2   0x00000002   PAD
    0x08004af4   0x08004af4   0x000000b6   Code   RO         1638    .text.USBD_LL_DataInStage  usbd_core.o
    0x08004baa   0x08004baa   0x00000002   PAD
    0x08004bac   0x08004bac   0x00000070   Code   RO         1632    .text.USBD_LL_DataOutStage  usbd_core.o
    0x08004c1c   0x08004c1c   0x00000004   Code   RO         1654    .text.USBD_LL_DevConnected  usbd_core.o
    0x08004c20   0x08004c20   0x00000022   Code   RO         1656    .text.USBD_LL_DevDisconnected  usbd_core.o
    0x08004c42   0x08004c42   0x00000002   PAD
    0x08004c44   0x08004c44   0x00000008   Code   RO          326    .text.USBD_LL_GetRxDataSize  usbd_conf.o
    0x08004c4c   0x08004c4c   0x00000074   Code   RO          298    .text.USBD_LL_Init  usbd_conf.o
    0x08004cc0   0x08004cc0   0x0000002a   Code   RO          318    .text.USBD_LL_IsStallEP  usbd_conf.o
    0x08004cea   0x08004cea   0x00000002   PAD
    0x08004cec   0x08004cec   0x0000002c   Code   RO         1650    .text.USBD_LL_IsoINIncomplete  usbd_core.o
    0x08004d18   0x08004d18   0x0000002c   Code   RO         1652    .text.USBD_LL_IsoOUTIncomplete  usbd_core.o
    0x08004d44   0x08004d44   0x00000028   Code   RO          308    .text.USBD_LL_OpenEP  usbd_conf.o
    0x08004d6c   0x08004d6c   0x00000022   Code   RO          324    .text.USBD_LL_PrepareReceive  usbd_conf.o
    0x08004d8e   0x08004d8e   0x00000002   PAD
    0x08004d90   0x08004d90   0x00000060   Code   RO         1640    .text.USBD_LL_Reset  usbd_core.o
    0x08004df0   0x08004df0   0x00000014   Code   RO         1646    .text.USBD_LL_Resume  usbd_core.o
    0x08004e04   0x08004e04   0x0000001e   Code   RO         1648    .text.USBD_LL_SOF   usbd_core.o
    0x08004e22   0x08004e22   0x00000002   PAD
    0x08004e24   0x08004e24   0x00000008   Code   RO         1642    .text.USBD_LL_SetSpeed  usbd_core.o
    0x08004e2c   0x08004e2c   0x00000022   Code   RO          320    .text.USBD_LL_SetUSBAddress  usbd_conf.o
    0x08004e4e   0x08004e4e   0x00000002   PAD
    0x08004e50   0x08004e50   0x00000062   Code   RO         1630    .text.USBD_LL_SetupStage  usbd_core.o
    0x08004eb2   0x08004eb2   0x00000002   PAD
    0x08004eb4   0x08004eb4   0x00000022   Code   RO          314    .text.USBD_LL_StallEP  usbd_conf.o
    0x08004ed6   0x08004ed6   0x00000002   PAD
    0x08004ed8   0x08004ed8   0x00000022   Code   RO          304    .text.USBD_LL_Start  usbd_conf.o
    0x08004efa   0x08004efa   0x00000002   PAD
    0x08004efc   0x08004efc   0x0000001c   Code   RO         1644    .text.USBD_LL_Suspend  usbd_core.o
    0x08004f18   0x08004f18   0x00000022   Code   RO          322    .text.USBD_LL_Transmit  usbd_conf.o
    0x08004f3a   0x08004f3a   0x00000002   PAD
    0x08004f3c   0x08004f3c   0x00000016   Code   RO         1678    .text.USBD_ParseSetupRequest  usbd_ctlreq.o
    0x08004f52   0x08004f52   0x00000002   PAD
    0x08004f54   0x08004f54   0x00000042   Code   RO         1618    .text.USBD_RegisterClass  usbd_core.o
    0x08004f96   0x08004f96   0x00000002   PAD
    0x08004f98   0x08004f98   0x00000010   Code   RO         1626    .text.USBD_SetClassConfig  usbd_core.o
    0x08004fa8   0x08004fa8   0x00000004   Code   RO         1620    .text.USBD_Start    usbd_core.o
    0x08004fac   0x08004fac   0x00000384   Code   RO         1670    .text.USBD_StdDevReq  usbd_ctlreq.o
    0x08005330   0x08005330   0x00000166   Code   RO         1676    .text.USBD_StdEPReq  usbd_ctlreq.o
    0x08005496   0x08005496   0x00000002   PAD
    0x08005498   0x08005498   0x00000078   Code   RO         1674    .text.USBD_StdItfReq  usbd_ctlreq.o
    0x08005510   0x08005510   0x00000002   Code   RO          330    .text.USBD_static_free  usbd_conf.o
    0x08005512   0x08005512   0x00000002   PAD
    0x08005514   0x08005514   0x0000000a   Code   RO          328    .text.USBD_static_malloc  usbd_conf.o
    0x0800551e   0x0800551e   0x00000002   PAD
    0x08005520   0x08005520   0x00000082   Code   RO          460    .text.USB_ActivateEndpoint  stm32f4xx_ll_usb.o
    0x080055a2   0x080055a2   0x00000002   PAD
    0x080055a4   0x080055a4   0x00000020   Code   RO          502    .text.USB_ActivateSetup  stm32f4xx_ll_usb.o
    0x080055c4   0x080055c4   0x00000212   Code   RO          438    .text.USB_CoreInit  stm32f4xx_ll_usb.o
    0x080057d6   0x080057d6   0x00000002   PAD
    0x080057d8   0x080057d8   0x00000082   Code   RO          464    .text.USB_DeactivateEndpoint  stm32f4xx_ll_usb.o
    0x0800585a   0x0800585a   0x00000002   PAD
    0x0800585c   0x0800585c   0x0000001e   Code   RO          484    .text.USB_DevConnect  stm32f4xx_ll_usb.o
    0x0800587a   0x0800587a   0x00000002   PAD
    0x0800587c   0x0800587c   0x0000001e   Code   RO          486    .text.USB_DevDisconnect  stm32f4xx_ll_usb.o
    0x0800589a   0x0800589a   0x00000002   PAD
    0x0800589c   0x0800589c   0x000004b6   Code   RO          450    .text.USB_DevInit   stm32f4xx_ll_usb.o
    0x08005d52   0x08005d52   0x00000002   PAD
    0x08005d54   0x08005d54   0x0000000e   Code   RO          444    .text.USB_DisableGlobalInt  stm32f4xx_ll_usb.o
    0x08005d62   0x08005d62   0x00000002   PAD
    0x08005d64   0x08005d64   0x0000005a   Code   RO          504    .text.USB_EP0_OutStart  stm32f4xx_ll_usb.o
    0x08005dbe   0x08005dbe   0x00000002   PAD
    0x08005dc0   0x08005dc0   0x00000052   Code   RO          478    .text.USB_EPClearStall  stm32f4xx_ll_usb.o
    0x08005e12   0x08005e12   0x00000002   PAD
    0x08005e14   0x08005e14   0x0000003e   Code   RO          476    .text.USB_EPSetStall  stm32f4xx_ll_usb.o
    0x08005e52   0x08005e52   0x00000002   PAD
    0x08005e54   0x08005e54   0x00000214   Code   RO          468    .text.USB_EPStartXfer  stm32f4xx_ll_usb.o
    0x08006068   0x08006068   0x0000010e   Code   RO          472    .text.USB_EPStopXfer  stm32f4xx_ll_usb.o
    0x08006176   0x08006176   0x00000002   PAD
    0x08006178   0x08006178   0x0000000e   Code   RO          442    .text.USB_EnableGlobalInt  stm32f4xx_ll_usb.o
    0x08006186   0x08006186   0x00000002   PAD
    0x08006188   0x08006188   0x000000be   Code   RO          454    .text.USB_FlushTxFifo  stm32f4xx_ll_usb.o
    0x08006246   0x08006246   0x00000002   PAD
    0x08006248   0x08006248   0x0000001a   Code   RO          458    .text.USB_GetDevSpeed  stm32f4xx_ll_usb.o
    0x08006262   0x08006262   0x00000002   PAD
    0x08006264   0x08006264   0x00000008   Code   RO          448    .text.USB_GetMode   stm32f4xx_ll_usb.o
    0x0800626c   0x0800626c   0x0000000e   Code   RO          494    .text.USB_ReadDevAllInEpInterrupt  stm32f4xx_ll_usb.o
    0x0800627a   0x0800627a   0x00000002   PAD
    0x0800627c   0x0800627c   0x0000000e   Code   RO          492    .text.USB_ReadDevAllOutEpInterrupt  stm32f4xx_ll_usb.o
    0x0800628a   0x0800628a   0x00000002   PAD
    0x0800628c   0x0800628c   0x00000024   Code   RO          498    .text.USB_ReadDevInEPInterrupt  stm32f4xx_ll_usb.o
    0x080062b0   0x080062b0   0x00000010   Code   RO          496    .text.USB_ReadDevOutEPInterrupt  stm32f4xx_ll_usb.o
    0x080062c0   0x080062c0   0x00000008   Code   RO          488    .text.USB_ReadInterrupts  stm32f4xx_ll_usb.o
    0x080062c8   0x080062c8   0x000000aa   Code   RO          474    .text.USB_ReadPacket  stm32f4xx_ll_usb.o
    0x08006372   0x08006372   0x00000002   PAD
    0x08006374   0x08006374   0x00000368   Code   RO          446    .text.USB_SetCurrentMode  stm32f4xx_ll_usb.o
    0x080066dc   0x080066dc   0x00000022   Code   RO          482    .text.USB_SetDevAddress  stm32f4xx_ll_usb.o
    0x080066fe   0x080066fe   0x00000002   PAD
    0x08006700   0x08006700   0x00000118   Code   RO          440    .text.USB_SetTurnaroundTime  stm32f4xx_ll_usb.o
    0x08006818   0x08006818   0x0000006a   Code   RO          470    .text.USB_WritePacket  stm32f4xx_ll_usb.o
    0x08006882   0x08006882   0x00000002   PAD
    0x08006884   0x08006884   0x00000002   Code   RO          156    .text.UsageFault_Handler  stm32f4xx_it.o
    0x08006886   0x08006886   0x00000002   PAD
    0x08006888   0x08006888   0x00000152   Code   RO           69    .text.catheter_push  main.o
    0x080069da   0x080069da   0x00000002   PAD
    0x080069dc   0x080069dc   0x000004c8   Code   RO           61    .text.main          main.o
    0x08006ea4   0x08006ea4   0x00000014   Code   RO           27    .text.tb6600_ChangeDirection  stm_tb6600.o
    0x08006eb8   0x08006eb8   0x00000006   Code   RO           31    .text.tb6600_ChangeSpeed  stm_tb6600.o
    0x08006ebe   0x08006ebe   0x00000002   PAD
    0x08006ec0   0x08006ec0   0x0000000e   Code   RO           25    .text.tb6600_Disable  stm_tb6600.o
    0x08006ece   0x08006ece   0x00000002   PAD
    0x08006ed0   0x08006ed0   0x0000000e   Code   RO           23    .text.tb6600_Enable  stm_tb6600.o
    0x08006ede   0x08006ede   0x00000002   PAD
    0x08006ee0   0x08006ee0   0x000000dc   Code   RO           41    .text.tb6600_Movemm  stm_tb6600.o
    0x08006fbc   0x08006fbc   0x0000002e   Code   RO           17    .text.tb6600_Set    stm_tb6600.o
    0x08006fea   0x08006fea   0x00000002   PAD
    0x08006fec   0x08006fec   0x00000026   Code   RO           13    .text.tb6600_init   stm_tb6600.o
    0x08007012   0x08007012   0x00000002   PAD
    0x08007014   0x08007014   0x0000017c   Code   RO          107    .text.user_parameters  main.o
    0x08007190   0x08007190   0x0000002c   Code   RO         1920    locale$$code        c_w.l(lc_ctype_c.o)
    0x080071bc   0x080071bc   0x00000062   Code   RO         1811    x$fpl$d2f           fz_wm.l(d2f.o)
    0x0800721e   0x0800721e   0x00000002   PAD
    0x08007220   0x08007220   0x000002b8   Code   RO         1820    x$fpl$ddiv          fz_wm.l(ddiv.o)
    0x080074d8   0x080074d8   0x00000154   Code   RO         1837    x$fpl$dmul          fz_wm.l(dmul.o)
    0x0800762c   0x0800762c   0x0000009c   Code   RO         1859    x$fpl$dnaninf       fz_wm.l(dnaninf.o)
    0x080076c8   0x080076c8   0x0000000c   Code   RO         1861    x$fpl$dretinf       fz_wm.l(dretinf.o)
    0x080076d4   0x080076d4   0x00000056   Code   RO         1839    x$fpl$f2d           fz_wm.l(f2d.o)
    0x0800772a   0x0800772a   0x0000008c   Code   RO         1863    x$fpl$fnaninf       fz_wm.l(fnaninf.o)
    0x080077b6   0x080077b6   0x0000001a   Code   RO         1990    x$fpl$fpinit        fz_wm.l(fpinit.o)
    0x080077d0   0x080077d0   0x0000000a   Code   RO         1865    x$fpl$fretinf       fz_wm.l(fretinf.o)
    0x080077da   0x080077da   0x00000000   Code   RO         1867    x$fpl$usenofp       fz_wm.l(usenofp.o)
    0x080077da   0x080077da   0x00000010   Data   RO         1604    .rodata.AHBPrescTable  system_stm32f4xx.o
    0x080077ea   0x080077ea   0x00000008   Data   RO         1605    .rodata.APBPrescTable  system_stm32f4xx.o
    0x080077f2   0x080077f2   0x0000000a   Data   RO          120    .rodata.State1      main.o
    0x080077fc   0x080077fc   0x00000008   Data   RO          121    .rodata.State2      main.o
    0x08007804   0x08007804   0x00000006   Data   RO          119    .rodata.Task_1      main.o
    0x0800780a   0x0800780a   0x00000008   Data   RO          728    .rodata.cst8        stm32f4xx_hal_dma.o
    0x08007812   0x08007812   0x00000007   Data   RO          128    .rodata.str1.1      main.o
    0x08007819   0x08007819   0x00000003   PAD
    0x0800781c   0x0800781c   0x00000020   Data   RO         2051    Region$$Table       anon$$obj.o
    0x0800783c   0x0800783c   0x00000110   Data   RO         1919    locale$$data        c_w.l(lc_ctype_c.o)


    Execution Region RW_IRAM2 (Exec base: 0x10000000, Load base: 0x08007a48, Size: 0x00000000, Max: 0x00010000, ABSOLUTE)

    **** No section assigned to this execution region ****


    Execution Region RW_IRAM1 (Exec base: 0x20000000, Load base: 0x08007950, Size: 0x00002658, Max: 0x00030000, ABSOLUTE)

    Exec Addr    Load Addr    Size         Type   Attr      Idx    E Section Name        Object

    0x20000000   0x08007950   0x00000008   Data   RW          912    .data..L_MergedGlobals  stm32f4xx_hal.o
    0x20000008   0x08007958   0x0000001c   Data   RW          236    .data.HS_Desc       usbd_desc.o
    0x20000024   0x08007974   0x00000004   Data   RW         1603    .data.SystemCoreClock  system_stm32f4xx.o
    0x20000028   0x08007978   0x00000038   Data   RW         1743    .data.USBD_CDC      usbd_cdc.o
    0x20000060   0x080079b0   0x00000043   Data   RW         1745    .data.USBD_CDC_CfgDesc  usbd_cdc.o
    0x200000a3   0x080079f3   0x00000001   PAD
    0x200000a4   0x080079f4   0x0000000a   Data   RW         1744    .data.USBD_CDC_DeviceQualifierDesc  usbd_cdc.o
    0x200000ae   0x080079fe   0x00000002   PAD
    0x200000b0   0x08007a00   0x00000012   Data   RW          237    .data.USBD_HS_DeviceDesc  usbd_desc.o
    0x200000c2   0x08007a12   0x00000002   PAD
    0x200000c4   0x08007a14   0x00000014   Data   RW          261    .data.USBD_Interface_fops_HS  usbd_cdc_if.o
    0x200000d8   0x08007a28   0x00000004   Data   RW          238    .data.USBD_LangIDDesc  usbd_desc.o
    0x200000dc   0x08007a2c   0x00000014   Data   RW          118    .data.data_array    main.o
    0x200000f0   0x08007a40   0x00000004   Data   RW          122    .data.permission    main.o
    0x200000f4   0x08007a44   0x00000004   PAD
    0x200000f8        -       0x00000060   Zero   RW         1908    .bss                c_w.l(libspace.o)
    0x20000158        -       0x00000064   Zero   RW          138    .bss..L_MergedGlobals  main.o
    0x200001bc        -       0x00000070   Zero   RW          139    .bss..L_MergedGlobals.2  main.o
    0x2000022c        -       0x00000001   Zero   RW         1682    .bss.USBD_SetConfig.cfgidx  usbd_ctlreq.o
    0x2000022d   0x08007a44   0x00000003   PAD
    0x20000230        -       0x00000200   Zero   RW          240    .bss.USBD_StrDesc   usbd_desc.o
    0x20000430        -       0x00000220   Zero   RW          335    .bss.USBD_static_malloc.mem  usbd_conf.o
    0x20000650        -       0x00000800   Zero   RW          262    .bss.UserRxBufferHS  usbd_cdc_if.o
    0x20000e50        -       0x00000800   Zero   RW          263    .bss.UserTxBufferHS  usbd_cdc_if.o
    0x20001650        -       0x000002dc   Zero   RW          215    .bss.hUsbDeviceHS   usb_device.o
    0x2000192c        -       0x00000048   Zero   RW          127    .bss.hadc2          main.o
    0x20001974        -       0x00000048   Zero   RW          129    .bss.hadc3          main.o
    0x200019bc        -       0x00000060   Zero   RW          130    .bss.hdma_adc2      main.o
    0x20001a1c        -       0x000004e4   Zero   RW          334    .bss.hpcd_USB_OTG_HS  usbd_conf.o
    0x20001f00        -       0x00000058   Zero   RW          131    .bss.hspi1          main.o
    0x20001f58        -       0x00000048   Zero   RW          126    .bss.htim4          main.o
    0x20001fa0        -       0x00000048   Zero   RW          132    .bss.huart1         main.o
    0x20001fe8        -       0x00000068   Zero   RW          125    .bss.stepper        main.o
    0x20002050        -       0x00000004   Zero   RW          911    .bss.uwTick         stm32f4xx_hal.o
    0x20002054   0x08007a44   0x00000004   PAD
    0x20002058        -       0x00000200   Zero   RW            2    HEAP                startup_stm32f429xx.o
    0x20002258        -       0x00000400   Zero   RW            1    STACK               startup_stm32f429xx.o


==============================================================================

Image component sizes


      Code (inc. data)   RO Data    RW Data    ZI Data      Debug   Object Name

      2712         44         31         24        788      21791   main.o
        64         26        428          0       1536        840   startup_stm32f429xx.o
       204          0          0          8          4       7694   stm32f4xx_hal.o
      1588          0          0          0          0      12289   stm32f4xx_hal_adc.o
         2          0          0          0          0      10082   stm32f4xx_hal_adc_ex.o
       196          0          0          0          0      10677   stm32f4xx_hal_cortex.o
       968          6          8          0          0      10522   stm32f4xx_hal_dma.o
       446          0          0          0          0       5385   stm32f4xx_hal_gpio.o
       680          0          0          0          0      12449   stm32f4xx_hal_msp.o
      3572          0          0          0          0      17244   stm32f4xx_hal_pcd.o
       216          0          0          0          0       4722   stm32f4xx_hal_pcd_ex.o
      1492          0          0          0          0       7482   stm32f4xx_hal_rcc.o
       176          0          0          0          0      27599   stm32f4xx_hal_spi.o
      1504          0          0          0          0      57328   stm32f4xx_hal_tim.o
       190          0          0          0          0      21475   stm32f4xx_hal_tim_ex.o
       326          0          0          0          0      32132   stm32f4xx_hal_uart.o
       104          0          0          0          0       8300   stm32f4xx_it.o
      4926          0          0          0          0      39762   stm32f4xx_ll_usb.o
       358         20          0          0          0      10512   stm_tb6600.o
        18          0         24          4          0       2682   system_stm32f4xx.o
       114          0          0          0        732       3181   usb_device.o
      1224         12          0        133          0      11473   usbd_cdc.o
       180          0          0         20       4096       4998   usbd_cdc_if.o
       788          0          0          0       1796      18532   usbd_conf.o
       986          0          0          0          0      11072   usbd_core.o
      1640         34          0          0          1      10854   usbd_ctlreq.o
       192         68          0         50        512       2667   usbd_desc.o
       128          0          0          0          0       4706   usbd_ioreq.o

    ----------------------------------------------------------------------
     25244        210        526        244       9476     388450   Object Totals
         0          0         32          0          0          0   (incl. Generated)
       250          0          3          5         11          0   (incl. Padding)

    ----------------------------------------------------------------------

      Code (inc. data)   RO Data    RW Data    ZI Data      Debug   Library Member Name

        60          8          0          0          0         84   __0sscanf.o
         8          0          0          0          0         68   __main.o
       104          0          0          0          0         84   __printf.o
         0          0          0          0          0          0   __rtentry.o
        12          0          0          0          0          0   __rtentry2.o
         6          0          0          0          0          0   __rtentry4.o
        94          8          0          0          0          0   __scatter.o
        26          0          0          0          0          0   __scatter_copy.o
        28          0          0          0          0          0   __scatter_zi.o
        28          0          0          0          0         68   _chval.o
        48          6          0          0          0         96   _printf_char_common.o
         6          0          0          0          0          0   _printf_d.o
       120         16          0          0          0         92   _printf_dec.o
       178          0          0          0          0         88   _printf_intcommon.o
         0          0          0          0          0          0   _printf_percent.o
         4          0          0          0          0          0   _printf_percent_end.o
       884          6          0          0          0        100   _scanf.o
       332          0          0          0          0         96   _scanf_int.o
       224          0          0          0          0         96   _scanf_str.o
        64          0          0          0          0         84   _sgetc.o
        16          0          0          0          0         68   _snputc.o
        16          0          0          0          0         68   aeabi_memset.o
        18          0          0          0          0         80   exit.o
         6          0          0          0          0        152   heapauxi.o
         0          0          0          0          0          0   indicate_semi.o
        18          0          0          0          0         76   isspace.o
        44         10        272          0          0         76   lc_ctype_c.o
         2          0          0          0          0          0   libinit.o
        24          0          0          0          0          0   libinit2.o
         2          0          0          0          0          0   libshutdown.o
         2          0          0          0          0          0   libshutdown2.o
         8          4          0          0         96         68   libspace.o
       240          0          0          0          0        100   lludivv7m.o
        64          6          0          0          0         84   noretval__2snprintf.o
        16          4          0          0          0         76   rt_ctype_table.o
         8          4          0          0          0         68   rt_locale_intlibspace.o
        68          0          0          0          0         68   rt_memclr.o
        78          0          0          0          0         80   rt_memclr_w.o
       138          0          0          0          0         68   rt_memcpy_v6.o
       100          0          0          0          0         80   rt_memcpy_w.o
         2          0          0          0          0          0   rtexit.o
        10          0          0          0          0          0   rtexit2.o
        44          8          0          0          0         84   scanf_char.o
       124          0          0          0          0         88   strcmpv7em.o
        62          0          0          0          0         76   strlen.o
        12          4          0          0          0         68   sys_exit.o
        74          0          0          0          0         80   sys_stackheap_outer.o
         2          0          0          0          0         68   use_no_semi.o
        98          4          0          0          0        140   d2f.o
       696        140          0          0          0        264   ddiv.o
       340         12          0          0          0        152   dmul.o
       156          4          0          0          0        140   dnaninf.o
        12          0          0          0          0        116   dretinf.o
        86          4          0          0          0        132   f2d.o
       140          4          0          0          0        132   fnaninf.o
        26          0          0          0          0        116   fpinit.o
        10          0          0          0          0        116   fretinf.o
         0          0          0          0          0          0   usenofp.o

    ----------------------------------------------------------------------
      5010        252        272          0         96       3940   Library Totals
        22          0          0          0          0          0   (incl. Padding)

    ----------------------------------------------------------------------

      Code (inc. data)   RO Data    RW Data    ZI Data      Debug   Library Name

      3424         84        272          0         96       2632   c_w.l
      1564        168          0          0          0       1308   fz_wm.l

    ----------------------------------------------------------------------
      5010        252        272          0         96       3940   Library Totals

    ----------------------------------------------------------------------

==============================================================================


      Code (inc. data)   RO Data    RW Data    ZI Data      Debug   

     30254        462        798        244       9572     389682   Grand Totals
     30254        462        798        244       9572     389682   ELF Image Totals
     30254        462        798        244          0          0   ROM Totals

==============================================================================

    Total RO  Size (Code + RO Data)                31052 (  30.32kB)
    Total RW  Size (RW Data + ZI Data)              9816 (   9.59kB)
    Total ROM Size (Code + RO Data + RW Data)      31296 (  30.56kB)

==============================================================================

