Component: ARM Compiler 5.06 update 7 (build 960) Tool: armlink [4d3601]

==============================================================================

Section Cross References

    startup_stm32f429xx.o(STACK) refers (Special) to heapauxi.o(.text) for __use_two_region_memory
    startup_stm32f429xx.o(HEAP) refers (Special) to heapauxi.o(.text) for __use_two_region_memory
    startup_stm32f429xx.o(RESET) refers (Special) to heapauxi.o(.text) for __use_two_region_memory
    startup_stm32f429xx.o(RESET) refers to startup_stm32f429xx.o(STACK) for __initial_sp
    startup_stm32f429xx.o(RESET) refers to startup_stm32f429xx.o(.text) for Reset_Handler
    startup_stm32f429xx.o(RESET) refers to stm32f4xx_it.o(i.NMI_Handler) for NMI_Handler
    startup_stm32f429xx.o(RESET) refers to stm32f4xx_it.o(i.HardFault_Handler) for HardFault_Handler
    startup_stm32f429xx.o(RESET) refers to stm32f4xx_it.o(i.MemManage_Handler) for MemManage_Handler
    startup_stm32f429xx.o(RESET) refers to stm32f4xx_it.o(i.BusFault_Handler) for BusFault_Handler
    startup_stm32f429xx.o(RESET) refers to stm32f4xx_it.o(i.UsageFault_Handler) for UsageFault_Handler
    startup_stm32f429xx.o(RESET) refers to port.o(.emb_text) for SVC_Handler
    startup_stm32f429xx.o(RESET) refers to stm32f4xx_it.o(i.DebugMon_Handler) for DebugMon_Handler
    startup_stm32f429xx.o(RESET) refers to cmsis_os2.o(i.SysTick_Handler) for SysTick_Handler
    startup_stm32f429xx.o(RESET) refers to stm32f4xx_it.o(i.EXTI2_IRQHandler) for EXTI2_IRQHandler
    startup_stm32f429xx.o(RESET) refers to stm32f4xx_it.o(i.EXTI4_IRQHandler) for EXTI4_IRQHandler
    startup_stm32f429xx.o(RESET) refers to stm32f4xx_it.o(i.ADC_IRQHandler) for ADC_IRQHandler
    startup_stm32f429xx.o(RESET) refers to stm32f4xx_it.o(i.TIM1_UP_TIM10_IRQHandler) for TIM1_UP_TIM10_IRQHandler
    startup_stm32f429xx.o(RESET) refers to stm32f4xx_it.o(i.TIM2_IRQHandler) for TIM2_IRQHandler
    startup_stm32f429xx.o(RESET) refers to stm32f4xx_it.o(i.TIM3_IRQHandler) for TIM3_IRQHandler
    startup_stm32f429xx.o(RESET) refers to stm32f4xx_it.o(i.TIM4_IRQHandler) for TIM4_IRQHandler
    startup_stm32f429xx.o(RESET) refers to stm32f4xx_it.o(i.TIM5_IRQHandler) for TIM5_IRQHandler
    startup_stm32f429xx.o(RESET) refers to stm32f4xx_it.o(i.DMA2_Stream2_IRQHandler) for DMA2_Stream2_IRQHandler
    startup_stm32f429xx.o(RESET) refers to stm32f4xx_it.o(i.OTG_HS_IRQHandler) for OTG_HS_IRQHandler
    startup_stm32f429xx.o(.text) refers (Special) to heapauxi.o(.text) for __use_two_region_memory
    startup_stm32f429xx.o(.text) refers to system_stm32f4xx.o(i.SystemInit) for SystemInit
    startup_stm32f429xx.o(.text) refers to __main.o(!!!main) for __main
    startup_stm32f429xx.o(.text) refers to startup_stm32f429xx.o(HEAP) for Heap_Mem
    startup_stm32f429xx.o(.text) refers to startup_stm32f429xx.o(STACK) for Stack_Mem
    main.o(i.HAL_GPIO_EXTI_Callback) refers to stm32f4xx_hal_gpio.o(i.HAL_GPIO_TogglePin) for HAL_GPIO_TogglePin
    main.o(i.HAL_GPIO_EXTI_Callback) refers to stm32f4xx_hal_gpio.o(i.HAL_GPIO_ReadPin) for HAL_GPIO_ReadPin
    main.o(i.HAL_GPIO_EXTI_Callback) refers to stm32f4xx_hal_gpio.o(i.HAL_GPIO_WritePin) for HAL_GPIO_WritePin
    main.o(i.HAL_GPIO_EXTI_Callback) refers to cmsis_os2.o(i.osThreadFlagsSet) for osThreadFlagsSet
    main.o(i.HAL_GPIO_EXTI_Callback) refers to main.o(.data) for .data
    main.o(i.HAL_TIM_PeriodElapsedCallback) refers to cmsis_os2.o(i.osThreadFlagsSet) for osThreadFlagsSet
    main.o(i.HAL_TIM_PeriodElapsedCallback) refers to main.o(.data) for .data
    main.o(i.HAL_TIM_PeriodElapsedCallback) refers to main.o(.bss) for .bss
    main.o(i.Homing) refers to main.o(.data) for .data
    main.o(i.MX_ADC2_Init) refers to stm32f4xx_hal_adc.o(i.HAL_ADC_Init) for HAL_ADC_Init
    main.o(i.MX_ADC2_Init) refers to stm32f4xx_hal_adc.o(i.HAL_ADC_ConfigChannel) for HAL_ADC_ConfigChannel
    main.o(i.MX_ADC2_Init) refers to main.o(.bss) for .bss
    main.o(i.MX_ADC3_Init) refers to stm32f4xx_hal_adc.o(i.HAL_ADC_Init) for HAL_ADC_Init
    main.o(i.MX_ADC3_Init) refers to stm32f4xx_hal_adc.o(i.HAL_ADC_ConfigChannel) for HAL_ADC_ConfigChannel
    main.o(i.MX_ADC3_Init) refers to main.o(.bss) for .bss
    main.o(i.MX_GPIO_Init) refers to rt_memclr_w.o(.text) for __aeabi_memclr4
    main.o(i.MX_GPIO_Init) refers to stm32f4xx_hal_gpio.o(i.HAL_GPIO_WritePin) for HAL_GPIO_WritePin
    main.o(i.MX_GPIO_Init) refers to stm32f4xx_hal_gpio.o(i.HAL_GPIO_Init) for HAL_GPIO_Init
    main.o(i.MX_GPIO_Init) refers to stm32f4xx_hal_cortex.o(i.HAL_NVIC_SetPriority) for HAL_NVIC_SetPriority
    main.o(i.MX_GPIO_Init) refers to stm32f4xx_hal_cortex.o(i.HAL_NVIC_EnableIRQ) for HAL_NVIC_EnableIRQ
    main.o(i.MX_SPI3_Init) refers to stm32f4xx_hal_spi.o(i.HAL_SPI_Init) for HAL_SPI_Init
    main.o(i.MX_SPI3_Init) refers to main.o(.bss) for .bss
    main.o(i.MX_TIM1_Init) refers to rt_memclr_w.o(.text) for __aeabi_memclr4
[...]
    USBD_static_malloc                       0x08005ad5   Thumb Code     4  usbd_conf.o(i.USBD_static_malloc)
    USB_ActivateEndpoint                     0x08005add   Thumb Code   122  stm32f4xx_ll_usb.o(i.USB_ActivateEndpoint)
    USB_ActivateSetup                        0x08005b5d   Thumb Code    28  stm32f4xx_ll_usb.o(i.USB_ActivateSetup)
    USB_CoreInit                             0x08005b79   Thumb Code   126  stm32f4xx_ll_usb.o(i.USB_CoreInit)
    USB_DeactivateEndpoint                   0x08005c39   Thumb Code   194  stm32f4xx_ll_usb.o(i.USB_DeactivateEndpoint)
    USB_DevConnect                           0x08005d05   Thumb Code    28  stm32f4xx_ll_usb.o(i.USB_DevConnect)
    USB_DevDisconnect                        0x08005d21   Thumb Code    28  stm32f4xx_ll_usb.o(i.USB_DevDisconnect)
    USB_DevInit                              0x08005d3d   Thumb Code   370  stm32f4xx_ll_usb.o(i.USB_DevInit)
    USB_DisableGlobalInt                     0x08005eb9   Thumb Code    12  stm32f4xx_ll_usb.o(i.USB_DisableGlobalInt)
    USB_EP0_OutStart                         0x08005ec5   Thumb Code    84  stm32f4xx_ll_usb.o(i.USB_EP0_OutStart)
    USB_EPClearStall                         0x08005f1d   Thumb Code    88  stm32f4xx_ll_usb.o(i.USB_EPClearStall)
    USB_EPSetStall                           0x08005f75   Thumb Code    88  stm32f4xx_ll_usb.o(i.USB_EPSetStall)
    USB_EPStartXfer                          0x08005fcd   Thumb Code   562  stm32f4xx_ll_usb.o(i.USB_EPStartXfer)
    USB_EPStopXfer                           0x08006205   Thumb Code   158  stm32f4xx_ll_usb.o(i.USB_EPStopXfer)
    USB_EnableGlobalInt                      0x080062a3   Thumb Code    12  stm32f4xx_ll_usb.o(i.USB_EnableGlobalInt)
    USB_FlushRxFifo                          0x080062af   Thumb Code    56  stm32f4xx_ll_usb.o(i.USB_FlushRxFifo)
    USB_FlushTxFifo                          0x080062e7   Thumb Code    60  stm32f4xx_ll_usb.o(i.USB_FlushTxFifo)
    USB_GetDevSpeed                          0x08006323   Thumb Code    26  stm32f4xx_ll_usb.o(i.USB_GetDevSpeed)
    USB_GetMode                              0x0800633d   Thumb Code     8  stm32f4xx_ll_usb.o(i.USB_GetMode)
    USB_ReadDevAllInEpInterrupt              0x08006345   Thumb Code    14  stm32f4xx_ll_usb.o(i.USB_ReadDevAllInEpInterrupt)
    USB_ReadDevAllOutEpInterrupt             0x08006353   Thumb Code    14  stm32f4xx_ll_usb.o(i.USB_ReadDevAllOutEpInterrupt)
    USB_ReadDevInEPInterrupt                 0x08006361   Thumb Code    36  stm32f4xx_ll_usb.o(i.USB_ReadDevInEPInterrupt)
    USB_ReadDevOutEPInterrupt                0x08006385   Thumb Code    16  stm32f4xx_ll_usb.o(i.USB_ReadDevOutEPInterrupt)
    USB_ReadInterrupts                       0x08006395   Thumb Code     8  stm32f4xx_ll_usb.o(i.USB_ReadInterrupts)
    USB_ReadPacket                           0x0800639d   Thumb Code    62  stm32f4xx_ll_usb.o(i.USB_ReadPacket)
    USB_SetCurrentMode                       0x080063db   Thumb Code    92  stm32f4xx_ll_usb.o(i.USB_SetCurrentMode)
    USB_SetDevAddress                        0x08006437   Thumb Code    34  stm32f4xx_ll_usb.o(i.USB_SetDevAddress)
    USB_SetTurnaroundTime                    0x08006459   Thumb Code   158  stm32f4xx_ll_usb.o(i.USB_SetTurnaroundTime)
    USB_WritePacket                          0x08006541   Thumb Code    40  stm32f4xx_ll_usb.o(i.USB_WritePacket)
    UpdateStepperSpeed                       0x08006569   Thumb Code    52  main.o(i.UpdateStepperSpeed)
    UsageFault_Handler                       0x080065a9   Thumb Code     2  stm32f4xx_it.o(i.UsageFault_Handler)
    h_Startpwm                               0x080065cd   Thumb Code   122  main.o(i.h_Startpwm)
    h_Stopext                                0x08006659   Thumb Code    12  main.o(i.h_Stopext)
    h_Stoptim                                0x0800666d   Thumb Code    84  main.o(i.h_Stoptim)
    main                                     0x080066d1   Thumb Code   228  main.o(i.main)
    osDelay                                  0x080067d5   Thumb Code    26  cmsis_os2.o(i.osDelay)
    osKernelInitialize                       0x080067f1   Thumb Code    32  cmsis_os2.o(i.osKernelInitialize)
    osKernelStart                            0x08006815   Thumb Code    48  cmsis_os2.o(i.osKernelStart)
    osMessageQueueGet                        0x0800684d   Thumb Code    96  cmsis_os2.o(i.osMessageQueueGet)
    osMessageQueueNew                        0x080068b1   Thumb Code    88  cmsis_os2.o(i.osMessageQueueNew)
    osMessageQueuePut                        0x08006909   Thumb Code   100  cmsis_os2.o(i.osMessageQueuePut)
    osThreadFlagsClear                       0x08006971   Thumb Code    78  cmsis_os2.o(i.osThreadFlagsClear)
    osThreadFlagsSet                         0x080069c1   Thumb Code   110  cmsis_os2.o(i.osThreadFlagsSet)
    osThreadFlagsWait                        0x08006a35   Thumb Code   150  cmsis_os2.o(i.osThreadFlagsWait)
    osThreadNew                              0x08006acd   Thumb Code   138  cmsis_os2.o(i.osThreadNew)
    p_EmptyWater                             0x08006b57   Thumb Code     2  main.o(i.p_EmptyWater)
    p_FillWater                              0x08006b59   Thumb Code     2  main.o(i.p_FillWater)
    p_Homing                                 0x08006b5d   Thumb Code    12  main.o(i.p_Homing)
    p_Pause                                  0x08006b6d   Thumb Code    60  main.o(i.p_Pause)
    p_Reset                                  0x08006bb1   Thumb Code    70  main.o(i.p_Reset)
    p_Stop                                   0x08006c05   Thumb Code   114  main.o(i.p_Stop)
    p_TempControlOff                         0x08006c85   Thumb Code    28  main.o(i.p_TempControlOff)
    p_TempControlOn                          0x08006ca9   Thumb Code    38  main.o(i.p_TempControlOn)
    p_WaterOff                               0x08006cd9   Thumb Code     2  main.o(i.p_WaterOff)
    p_mDirVal                                0x08006cdd   Thumb Code    38  main.o(i.p_mDirVal)
    p_mReverse                               0x08006d11   Thumb Code    82  main.o(i.p_mReverse)
    p_mStart                                 0x08006d75   Thumb Code   158  main.o(i.p_mStart)
    processEXTintWaterIn                     0x08006e29   Thumb Code    10  main.o(i.processEXTintWaterIn)
    processEXTintWaterOut                    0x08006e33   Thumb Code    10  main.o(i.processEXTintWaterOut)
    processEXTinthommax                      0x08006e3d   Thumb Code    10  main.o(i.processEXTinthommax)
    processEXTinthommin                      0x08006e47   Thumb Code    10  main.o(i.processEXTinthommin)
    processTIM2SP                            0x08006e51   Thumb Code    16  main.o(i.processTIM2SP)
    processTIMintdir                         0x08006e65   Thumb Code    10  main.o(i.processTIMintdir)
    processTIMinthom                         0x08006e6f   Thumb Code    10  main.o(i.processTIMinthom)
    processTIMintking                        0x08006e79   Thumb Code    10  main.o(i.processTIMintking)
    processUSBval                            0x08006e85   Thumb Code   650  main.o(i.processUSBval)
    processexternalD2S                       0x08007131   Thumb Code    10  main.o(i.processexternalD2S)
    processexternalF2S                       0x0800713b   Thumb Code    10  main.o(i.processexternalF2S)
    processexternalT2S                       0x08007145   Thumb Code    10  main.o(i.processexternalT2S)
    processinternalH2P                       0x0800714f   Thumb Code    10  main.o(i.processinternalH2P)
    processinternalPC2R                      0x08007159   Thumb Code    16  main.o(i.processinternalPC2R)
    processinternalPh2H                      0x0800716d   Thumb Code    10  main.o(i.processinternalPh2H)
    processinternalPr2H                      0x08007177   Thumb Code    10  main.o(i.processinternalPr2H)
    processinternalT2H                       0x08007181   Thumb Code    10  main.o(i.processinternalT2H)
    processinternalW2T                       0x0800718b   Thumb Code    10  main.o(i.processinternalW2T)
    pvPortMalloc                             0x08007929   Thumb Code   216  heap_4.o(i.pvPortMalloc)
    pxPortInitialiseStack                    0x08007a05   Thumb Code    40  port.o(i.pxPortInitialiseStack)
    readforce                                0x08007a31   Thumb Code   256  main.o(i.readforce)
    readtemp                                 0x08007b75   Thumb Code    74  main.o(i.readtemp)
    resetstatemachine                        0x08007bd1   Thumb Code    12  main.o(i.resetstatemachine)
    saveconditionalstate                     0x08007bdd   Thumb Code    42  main.o(i.saveconditionalstate)
    savecurrentstate                         0x08007c0d   Thumb Code    20  main.o(i.savecurrentstate)
    statemachine                             0x08007c25   Thumb Code    92  main.o(i.statemachine)
    trans_distance                           0x08007c89   Thumb Code    20  main.o(i.trans_distance)
    u_MotorStartb                            0x08007ca1   Thumb Code    62  main.o(i.u_MotorStartb)
    u_MotorStartf                            0x08007ce9   Thumb Code    60  main.o(i.u_MotorStartf)
    u_MotorStop                              0x08007d2d   Thumb Code     8  main.o(i.u_MotorStop)
    u_TempControlOFF                         0x08007d39   Thumb Code    10  main.o(i.u_TempControlOFF)
    u_TempControlON                          0x08007d49   Thumb Code    10  main.o(i.u_TempControlON)
    u_ValveClose1                            0x08007d59   Thumb Code    10  main.o(i.u_ValveClose1)
    u_ValveClose2                            0x08007d69   Thumb Code    12  main.o(i.u_ValveClose2)
    u_ValveOpen1                             0x08007d79   Thumb Code    12  main.o(i.u_ValveOpen1)
    u_ValveOpen2                             0x08007d89   Thumb Code    10  main.o(i.u_ValveOpen2)
    uxListRemove                             0x08007d99   Thumb Code    38  list.o(i.uxListRemove)
    vApplicationGetIdleTaskMemory            0x08007dc1   Thumb Code    16  cmsis_os2.o(i.vApplicationGetIdleTaskMemory)
    vApplicationGetTimerTaskMemory           0x08007dd5   Thumb Code    18  cmsis_os2.o(i.vApplicationGetTimerTaskMemory)
    vListInitialise                          0x08007ded   Thumb Code    22  list.o(i.vListInitialise)
    vListInitialiseItem                      0x08007e03   Thumb Code     6  list.o(i.vListInitialiseItem)
    vListInsert                              0x08007e09   Thumb Code    48  list.o(i.vListInsert)
    vListInsertEnd                           0x08007e39   Thumb Code    24  list.o(i.vListInsertEnd)
    vPortEnterCritical                       0x08007e51   Thumb Code    54  port.o(i.vPortEnterCritical)
    vPortExitCritical                        0x08007e91   Thumb Code    34  port.o(i.vPortExitCritical)
    vPortFree                                0x08007eb9   Thumb Code    94  heap_4.o(i.vPortFree)
    vPortSetupTimerInterrupt                 0x08007f1d   Thumb Code    32  port.o(i.vPortSetupTimerInterrupt)
    vPortValidateInterruptPriority           0x08007f41   Thumb Code    74  port.o(i.vPortValidateInterruptPriority)
    vQueueAddToRegistry                      0x08007f95   Thumb Code    34  queue.o(i.vQueueAddToRegistry)
    vQueueWaitForMessageRestricted           0x08007fbd   Thumb Code    68  queue.o(i.vQueueWaitForMessageRestricted)
    vTaskDelay                               0x08008001   Thumb Code    66  tasks.o(i.vTaskDelay)
    vTaskInternalSetTimeOutState             0x0800804d   Thumb Code    12  tasks.o(i.vTaskInternalSetTimeOutState)
    vTaskMissedYield                         0x0800805d   Thumb Code     8  tasks.o(i.vTaskMissedYield)
    vTaskPlaceOnEventList                    0x08008069   Thumb Code    44  tasks.o(i.vTaskPlaceOnEventList)
    vTaskPlaceOnEventListRestricted          0x08008099   Thumb Code    52  tasks.o(i.vTaskPlaceOnEventListRestricted)
    vTaskStartScheduler                      0x080080d1   Thumb Code   118  tasks.o(i.vTaskStartScheduler)
    vTaskSuspendAll                          0x08008159   Thumb Code    10  tasks.o(i.vTaskSuspendAll)
    vTaskSwitchContext                       0x08008169   Thumb Code    90  tasks.o(i.vTaskSwitchContext)
    xPortStartScheduler                      0x080081cd   Thumb Code   222  port.o(i.xPortStartScheduler)
    xPortSysTickHandler                      0x080082c1   Thumb Code    38  port.o(i.xPortSysTickHandler)
    xQueueGenericCreate                      0x080082ed   Thumb Code    66  queue.o(i.xQueueGenericCreate)
    xQueueGenericCreateStatic                0x0800832f   Thumb Code   102  queue.o(i.xQueueGenericCreateStatic)
    xQueueGenericReset                       0x08008395   Thumb Code   132  queue.o(i.xQueueGenericReset)
    xQueueGenericSend                        0x0800841d   Thumb Code   346  queue.o(i.xQueueGenericSend)
    xQueueGenericSendFromISR                 0x0800857d   Thumb Code   190  queue.o(i.xQueueGenericSendFromISR)
    xQueueReceive                            0x0800863d   Thumb Code   308  queue.o(i.xQueueReceive)
    xQueueReceiveFromISR                     0x08008775   Thumb Code   154  queue.o(i.xQueueReceiveFromISR)
    xTaskCheckForTimeOut                     0x08008811   Thumb Code   112  tasks.o(i.xTaskCheckForTimeOut)
    xTaskCreate                              0x08008885   Thumb Code    90  tasks.o(i.xTaskCreate)
    xTaskCreateStatic                        0x080088df   Thumb Code    86  tasks.o(i.xTaskCreateStatic)
    xTaskGenericNotify                       0x08008935   Thumb Code   210  tasks.o(i.xTaskGenericNotify)
    xTaskGenericNotifyFromISR                0x08008a15   Thumb Code   246  tasks.o(i.xTaskGenericNotifyFromISR)
    xTaskGetCurrentTaskHandle                0x08008b19   Thumb Code     6  tasks.o(i.xTaskGetCurrentTaskHandle)
    xTaskGetSchedulerState                   0x08008b25   Thumb Code    22  tasks.o(i.xTaskGetSchedulerState)
    xTaskGetTickCount                        0x08008b41   Thumb Code     6  tasks.o(i.xTaskGetTickCount)
    xTaskIncrementTick                       0x08008b4d   Thumb Code   192  tasks.o(i.xTaskIncrementTick)
    xTaskNotifyWait                          0x08008c15   Thumb Code   130  tasks.o(i.xTaskNotifyWait)
    xTaskPriorityDisinherit                  0x08008ca1   Thumb Code   118  tasks.o(i.xTaskPriorityDisinherit)
    xTaskRemoveFromEventList                 0x08008d21   Thumb Code    98  tasks.o(i.xTaskRemoveFromEventList)
    xTaskResumeAll                           0x08008d91   Thumb Code   182  tasks.o(i.xTaskResumeAll)
    xTimerCreateTimerTask                    0x08008e55   Thumb Code    78  timers.o(i.xTimerCreateTimerTask)
    xTimerGenericCommand                     0x08008eb5   Thumb Code    98  timers.o(i.xTimerGenericCommand)
    _get_lc_ctype                            0x08008f1d   Thumb Code    44  lc_ctype_c.o(locale$$code)
    __aeabi_d2f                              0x08008f49   Thumb Code     0  d2f.o(x$fpl$d2f)
    _d2f                                     0x08008f49   Thumb Code    98  d2f.o(x$fpl$d2f)
    __aeabi_dadd                             0x08008fad   Thumb Code     0  daddsub_clz.o(x$fpl$dadd)
    _dadd                                    0x08008fad   Thumb Code   332  daddsub_clz.o(x$fpl$dadd)
    __aeabi_d2uiz                            0x080090fd   Thumb Code     0  dfixu.o(x$fpl$dfixu)
    _dfixu                                   0x080090fd   Thumb Code    90  dfixu.o(x$fpl$dfixu)
    __aeabi_ui2d                             0x08009157   Thumb Code     0  dflt_clz.o(x$fpl$dfltu)
    _dfltu                                   0x08009157   Thumb Code    38  dflt_clz.o(x$fpl$dfltu)
    __aeabi_dmul                             0x0800917d   Thumb Code     0  dmul.o(x$fpl$dmul)
    _dmul                                    0x0800917d   Thumb Code   332  dmul.o(x$fpl$dmul)
    __fpl_dnaninf                            0x080092d1   Thumb Code   156  dnaninf.o(x$fpl$dnaninf)
    __fpl_dretinf                            0x0800936d   Thumb Code    12  dretinf.o(x$fpl$dretinf)
    __aeabi_drsub                            0x08009379   Thumb Code     0  daddsub_clz.o(x$fpl$drsb)
    _drsb                                    0x08009379   Thumb Code    22  daddsub_clz.o(x$fpl$drsb)
    __aeabi_dsub                             0x08009391   Thumb Code     0  daddsub_clz.o(x$fpl$dsub)
    _dsub                                    0x08009391   Thumb Code   464  daddsub_clz.o(x$fpl$dsub)
    __aeabi_f2d                              0x08009565   Thumb Code     0  f2d.o(x$fpl$f2d)
    _f2d                                     0x08009565   Thumb Code    86  f2d.o(x$fpl$f2d)
    __fpl_fnaninf                            0x080095bb   Thumb Code   140  fnaninf.o(x$fpl$fnaninf)
    _fp_init                                 0x08009647   Thumb Code    10  fpinit.o(x$fpl$fpinit)
    __fplib_config_fpu_vfp                   0x0800964f   Thumb Code     0  fpinit.o(x$fpl$fpinit)
    __fplib_config_pureend_doubles           0x0800964f   Thumb Code     0  fpinit.o(x$fpl$fpinit)
    __fpl_fretinf                            0x08009651   Thumb Code    10  fretinf.o(x$fpl$fretinf)
    __I$use$fp                               0x0800965a   Number         0  usenofp.o(x$fpl$usenofp)
    StateHandler_attributes                  0x0800965c   Data          36  main.o(.constdata)
    TempControl_attributes                   0x08009680   Data          36  main.o(.constdata)
    Actuations_attributes                    0x080096a4   Data          36  main.o(.constdata)
    trans_distance_attributes                0x080096c8   Data          36  main.o(.constdata)
    usbData_attributes                       0x080096ec   Data          24  main.o(.constdata)
    sendtemp_attributes                      0x08009704   Data          24  main.o(.constdata)
    sendforce_attributes                     0x0800971c   Data          24  main.o(.constdata)
    AHBPrescTable                            0x0800973c   Data          16  system_stm32f4xx.o(.constdata)
    APBPrescTable                            0x0800974c   Data           8  system_stm32f4xx.o(.constdata)
    Region$$Table$$Base                      0x080097f4   Number         0  anon$$obj.o(Region$$Table)
    Region$$Table$$Limit                     0x08009814   Number         0  anon$$obj.o(Region$$Table)
    __ctype                                  0x08009821   Data           0  lc_ctype_c.o(locale$$data)
    stat                                     0x20000000   Data           1  main.o(.data)
    a                                        0x20000001   Data           1  main.o(.data)
    b                                        0x20000002   Data           1  main.o(.data)
    ab                                       0x20000003   Data           1  main.o(.data)
    d_usb                                    0x20000004   Data           1  main.o(.data)
    d_force                                  0x20000005   Data           1  main.o(.data)
    temp_check                               0x20000006   Data           1  main.o(.data)
    force_check                              0x20000007   Data           1  main.o(.data)
    p_mode                                   0x20000008   Data           1  main.o(.data)
    ph_mode                                  0x20000009   Data           1  main.o(.data)
    Process_State                            0x2000000a   Data           1  main.o(.data)
    count                                    0x2000000b   Data           1  main.o(.data)
    status                                   0x2000000c   Data           1  main.o(.data)
    f_attempt                                0x2000000d   Data           1  main.o(.data)
    reverse                                  0x2000000e   Data           1  main.o(.data)
    d_transmit                               0x2000000f   Data           1  main.o(.data)
    check_t                                  0x20000010   Data           1  main.o(.data)
    mfeedback                                0x20000014   Data           4  main.o(.data)
    sfeedback                                0x20000018   Data           4  main.o(.data)
    pfeedback                                0x2000001c   Data           4  main.o(.data)
    rfeedback                                0x20000020   Data           4  main.o(.data)
    nfeedback                                0x20000024   Data           4  main.o(.data)
    hfeedback                                0x20000028   Data           4  main.o(.data)
    Interrupt_Tim1                           0x2000002c   Data           4  main.o(.data)
    Interrupt_Tim5                           0x20000030   Data           4  main.o(.data)
    set_length                               0x20000034   Data           4  main.o(.data)
    measuredforce                            0x20000038   Data           4  main.o(.data)
    StateHandlerHandle                       0x20000040   Data           4  main.o(.data)
    TempControlHandle                        0x20000044   Data           4  main.o(.data)
    ActuationsHandle                         0x20000048   Data           4  main.o(.data)
    trans_distanceHandle                     0x2000004c   Data           4  main.o(.data)
    usbDataHandle                            0x20000050   Data           4  main.o(.data)
    sendtempHandle                           0x20000054   Data           4  main.o(.data)
    sendforceHandle                          0x20000058   Data           4  main.o(.data)
    g                                        0x2000005c   Data           4  main.o(.data)
    d                                        0x20000060   Data           4  main.o(.data)
    m                                        0x20000064   Data           4  main.o(.data)
    interrupt                                0x20000068   Data           4  main.o(.data)
    set_speed                                0x2000006c   Data           4  main.o(.data)
    set_force                                0x20000070   Data           4  main.o(.data)
    threshold                                0x20000074   Data           4  main.o(.data)
    m_forcee                                 0x20000078   Data           4  main.o(.data)
    m_forceee                                0x2000007c   Data           4  main.o(.data)
    r_covered                                0x20000080   Data           4  main.o(.data)
    d_covered                                0x20000084   Data           4  main.o(.data)
    dd_force                                 0x20000088   Data           4  main.o(.data)
    debug_force                              0x2000008c   Data           4  main.o(.data)
    statefinder                              0x20000090   Data          76  main.o(.data)
    fstatehandler                            0x200000dc   Data          24  main.o(.data)
    manualhandler                            0x200000f4   Data          40  main.o(.data)
    processhandler                           0x2000011c   Data          52  main.o(.data)
    hominghandler                            0x20000150   Data          16  main.o(.data)
    HS_Desc                                  0x20000160   Data          28  usbd_desc.o(.data)
    USBD_LangIDDesc                          0x2000017c   Data           4  usbd_desc.o(.data)
    USBD_HS_DeviceDesc                       0x20000180   Data          18  usbd_desc.o(.data)
    USBD_StringSerial                        0x20000194   Data          26  usbd_desc.o(.data)
    USBD_Interface_fops_HS                   0x200001b0   Data          20  usbd_cdc_if.o(.data)
    uwTickFreq                               0x200001c4   Data           1  stm32f4xx_hal.o(.data)
    uwTickPrio                               0x200001c8   Data           4  stm32f4xx_hal.o(.data)
    uwTick                                   0x200001cc   Data           4  stm32f4xx_hal.o(.data)
    SystemCoreClock                          0x200001d0   Data           4  system_stm32f4xx.o(.data)
    pxCurrentTCB                             0x200001d4   Data           4  tasks.o(.data)
    USBD_CDC                                 0x200002ac   Data          56  usbd_cdc.o(.data)
    hadc2                                    0x200002e4   Data          72  main.o(.bss)
    hadc3                                    0x2000032c   Data          72  main.o(.bss)
    hspi3                                    0x20000374   Data          88  main.o(.bss)
    htim1                                    0x200003cc   Data          72  main.o(.bss)
    htim3                                    0x20000414   Data          72  main.o(.bss)
    htim4                                    0x2000045c   Data          72  main.o(.bss)
    htim5                                    0x200004a4   Data          72  main.o(.bss)
    buff                                     0x200004ec   Data          35  main.o(.bss)
    current                                  0x20000510   Data          12  main.o(.bss)
    conditional                              0x2000051c   Data          12  main.o(.bss)
    hdma_adc2                                0x20000528   Data          96  main.o(.bss)
    htim2                                    0x20000588   Data          72  stm32f4xx_hal_timebase_tim.o(.bss)
    hUsbDeviceHS                             0x200005d0   Data         732  usb_device.o(.bss)
    USBD_StrDesc                             0x200008ac   Data         512  usbd_desc.o(.bss)
    UserRxBufferHS                           0x20000aac   Data        2048  usbd_cdc_if.o(.bss)
    UserTxBufferHS                           0x200012ac   Data        2048  usbd_cdc_if.o(.bss)
    hpcd_USB_OTG_HS                          0x20001ccc   Data        1252  usbd_conf.o(.bss)
    xQueueRegistry                           0x200021b0   Data          64  queue.o(.bss)
    __libspace_start                         0x20006a84   Data          96  libspace.o(.bss)
    __temporary_stack_top$libspace           0x20006ae4   Data           0  libspace.o(.bss)



==============================================================================

Memory Map of the image

  Image Entry point : 0x080001ad

  Load Region LR_IROM1 (Base: 0x08000000, Size: 0x00009c08, Max: 0x00200000, ABSOLUTE, COMPRESSED[0x00009a98])

    Execution Region ER_IROM1 (Exec base: 0x08000000, Load base: 0x08000000, Size: 0x00009924, Max: 0x00200000, ABSOLUTE)

    Exec Addr    Load Addr    Size         Type   Attr      Idx    E Section Name        Object

    0x08000000   0x08000000   0x000001ac   Data   RO            3    RESET               startup_stm32f429xx.o
    0x080001ac   0x080001ac   0x00000008   Code   RO         7135  * !!!main             c_w.l(__main.o)
    0x080001b4   0x080001b4   0x00000034   Code   RO         7372    !!!scatter          c_w.l(__scatter.o)
    0x080001e8   0x080001e8   0x0000005a   Code   RO         7370    !!dczerorl2         c_w.l(__dczerorl2.o)
    0x08000242   0x08000242   0x00000002   PAD
    0x08000244   0x08000244   0x0000001c   Code   RO         7374    !!handler_zi        c_w.l(__scatter_zi.o)
    0x08000260   0x08000260   0x00000000   Code   RO         7114    .ARM.Collect$$_printf_percent$$00000000  c_w.l(_printf_percent.o)
    0x08000260   0x08000260   0x00000006   Code   RO         7113    .ARM.Collect$$_printf_percent$$00000009  c_w.l(_printf_d.o)
    0x08000266   0x08000266   0x00000004   Code   RO         7172    .ARM.Collect$$_printf_percent$$00000017  c_w.l(_printf_percent_end.o)
    0x0800026a   0x0800026a   0x00000002   Code   RO         7228    .ARM.Collect$$libinit$$00000000  c_w.l(libinit.o)
    0x0800026c   0x0800026c   0x00000004   Code   RO         7248    .ARM.Collect$$libinit$$00000001  c_w.l(libinit2.o)
    0x08000270   0x08000270   0x00000000   Code   RO         7251    .ARM.Collect$$libinit$$00000004  c_w.l(libinit2.o)
    0x08000270   0x08000270   0x00000000   Code   RO         7254    .ARM.Collect$$libinit$$0000000A  c_w.l(libinit2.o)
    0x08000270   0x08000270   0x00000000   Code   RO         7256    .ARM.Collect$$libinit$$0000000C  c_w.l(libinit2.o)
    0x08000270   0x08000270   0x00000000   Code   RO         7258    .ARM.Collect$$libinit$$0000000E  c_w.l(libinit2.o)
    0x08000270   0x08000270   0x00000006   Code   RO         7259    .ARM.Collect$$libinit$$0000000F  c_w.l(libinit2.o)
    0x08000276   0x08000276   0x00000000   Code   RO         7261    .ARM.Collect$$libinit$$00000011  c_w.l(libinit2.o)
    0x08000276   0x08000276   0x0000000c   Code   RO         7262    .ARM.Collect$$libinit$$00000012  c_w.l(libinit2.o)
    0x08000282   0x08000282   0x00000000   Code   RO         7263    .ARM.Collect$$libinit$$00000013  c_w.l(libinit2.o)
    0x08000282   0x08000282   0x00000000   Code   RO         7265    .ARM.Collect$$libinit$$00000015  c_w.l(libinit2.o)
    0x08000282   0x08000282   0x00000000   Code   RO         7267    .ARM.Collect$$libinit$$00000017  c_w.l(libinit2.o)
    0x08000282   0x08000282   0x00000000   Code   RO         7269    .ARM.Collect$$libinit$$00000019  c_w.l(libinit2.o)
    0x08000282   0x08000282   0x00000000   Code   RO         7271    .ARM.Collect$$libinit$$0000001B  c_w.l(libinit2.o)
    0x08000282   0x08000282   0x00000000   Code   RO         7273    .ARM.Collect$$libinit$$0000001D  c_w.l(libinit2.o)
    0x08000282   0x08000282   0x00000000   Code   RO         7275    .ARM.Collect$$libinit$$0000001F  c_w.l(libinit2.o)
    0x08000282   0x08000282   0x00000000   Code   RO         7277    .ARM.Collect$$libinit$$00000021  c_w.l(libinit2.o)
    0x08000282   0x08000282   0x00000000   Code   RO         7279    .ARM.Collect$$libinit$$00000023  c_w.l(libinit2.o)
    0x08000282   0x08000282   0x00000000   Code   RO         7281    .ARM.Collect$$libinit$$00000025  c_w.l(libinit2.o)
    0x08000282   0x08000282   0x00000000   Code   RO         7285    .ARM.Collect$$libinit$$0000002C  c_w.l(libinit2.o)
    0x08000282   0x08000282   0x00000000   Code   RO         7287    .ARM.Collect$$libinit$$0000002E  c_w.l(libinit2.o)
    0x08000282   0x08000282   0x00000000   Code   RO         7289    .ARM.Collect$$libinit$$00000030  c_w.l(libinit2.o)
    0x08000282   0x08000282   0x00000000   Code   RO         7291    .ARM.Collect$$libinit$$00000032  c_w.l(libinit2.o)
    0x08000282   0x08000282   0x00000002   Code   RO         7292    .ARM.Collect$$libinit$$00000033  c_w.l(libinit2.o)
    0x08000284   0x08000284   0x00000002   Code   RO         7325    .ARM.Collect$$libshutdown$$00000000  c_w.l(libshutdown.o)
    0x08000286   0x08000286   0x00000000   Code   RO         7351    .ARM.Collect$$libshutdown$$00000002  c_w.l(libshutdown2.o)
    0x08000286   0x08000286   0x00000000   Code   RO         7353    .ARM.Collect$$libshutdown$$00000004  c_w.l(libshutdown2.o)
    0x08000286   0x08000286   0x00000000   Code   RO         7355    .ARM.Collect$$libshutdown$$00000006  c_w.l(libshutdown2.o)
    0x08000286   0x08000286   0x00000000   Code   RO         7358    .ARM.Collect$$libshutdown$$00000009  c_w.l(libshutdown2.o)
    0x08000286   0x08000286   0x00000000   Code   RO         7361    .ARM.Collect$$libshutdown$$0000000C  c_w.l(libshutdown2.o)
    0x08000286   0x08000286   0x00000000   Code   RO         7363    .ARM.Collect$$libshutdown$$0000000E  c_w.l(libshutdown2.o)
    0x08000286   0x08000286   0x00000000   Code   RO         7366    .ARM.Collect$$libshutdown$$00000011  c_w.l(libshutdown2.o)
    0x08000286   0x08000286   0x00000002   Code   RO         7367    .ARM.Collect$$libshutdown$$00000012  c_w.l(libshutdown2.o)
    0x08000288   0x08000288   0x00000000   Code   RO         7159    .ARM.Collect$$rtentry$$00000000  c_w.l(__rtentry.o)
    0x08000288   0x08000288   0x00000000   Code   RO         7191    .ARM.Collect$$rtentry$$00000002  c_w.l(__rtentry2.o)
    0x08000288   0x08000288   0x00000006   Code   RO         7203    .ARM.Collect$$rtentry$$00000004  c_w.l(__rtentry4.o)
    0x0800028e   0x0800028e   0x00000000   Code   RO         7193    .ARM.Collect$$rtentry$$00000009  c_w.l(__rtentry2.o)
    0x0800028e   0x0800028e   0x00000004   Code   RO         7194    .ARM.Collect$$rtentry$$0000000A  c_w.l(__rtentry2.o)
    0x08000292   0x08000292   0x00000000   Code   RO         7196    .ARM.Collect$$rtentry$$0000000C  c_w.l(__rtentry2.o)
    0x08000292   0x08000292   0x00000008   Code   RO         7197    .ARM.Collect$$rtentry$$0000000D  c_w.l(__rtentry2.o)
    0x0800029a   0x0800029a   0x00000002   Code   RO         7232    .ARM.Collect$$rtexit$$00000000  c_w.l(rtexit.o)
    0x0800029c   0x0800029c   0x00000000   Code   RO         7296    .ARM.Collect$$rtexit$$00000002  c_w.l(rtexit2.o)
    0x0800029c   0x0800029c   0x00000004   Code   RO         7297    .ARM.Collect$$rtexit$$00000003  c_w.l(rtexit2.o)
    0x080002a0   0x080002a0   0x00000006   Code   RO         7298    .ARM.Collect$$rtexit$$00000004  c_w.l(rtexit2.o)
    0x080002a6   0x080002a6   0x00000002   PAD
    0x080002a8   0x080002a8   0x000000be   Code   RO         6601    .emb_text           port.o
    0x08000366   0x08000366   0x00000002   PAD
    0x08000368   0x08000368   0x00000040   Code   RO            4    .text               startup_stm32f429xx.o
    0x080003a8   0x080003a8   0x000000ee   Code   RO         7083    .text               c_w.l(lludivv7m.o)
    0x08000496   0x08000496   0x00000002   PAD
    0x08000498   0x08000498   0x00000034   Code   RO         7087    .text               c_w.l(noretval__2snprintf.o)
    0x080004cc   0x080004cc   0x00000068   Code   RO         7089    .text               c_w.l(__printf.o)
    0x08000534   0x08000534   0x00000078   Code   RO         7091    .text               c_w.l(_printf_dec.o)
    0x080005ac   0x080005ac   0x0000003c   Code   RO         7115    .text               c_w.l(__0sscanf.o)
    0x080005e8   0x080005e8   0x0000014c   Code   RO         7117    .text               c_w.l(_scanf_int.o)
    0x08000734   0x08000734   0x000000e0   Code   RO         7119    .text               c_w.l(_scanf_str.o)
    0x08000814   0x08000814   0x0000003e   Code   RO         7121    .text               c_w.l(strlen.o)
    0x08000852   0x08000852   0x0000008a   Code   RO         7123    .text               c_w.l(rt_memcpy_v6.o)
    0x080008dc   0x080008dc   0x00000010   Code   RO         7127    .text               c_w.l(aeabi_memset.o)
    0x080008ec   0x080008ec   0x00000044   Code   RO         7129    .text               c_w.l(rt_memclr.o)
    0x08000930   0x08000930   0x0000004e   Code   RO         7131    .text               c_w.l(rt_memclr_w.o)
    0x0800097e   0x0800097e   0x00000006   Code   RO         7133    .text               c_w.l(heapauxi.o)
    0x08000984   0x08000984   0x000000b2   Code   RO         7164    .text               c_w.l(_printf_intcommon.o)
    0x08000a36   0x08000a36   0x00000002   PAD
    0x08000a38   0x08000a38   0x00000030   Code   RO         7166    .text               c_w.l(_printf_char_common.o)
    0x08000a68   0x08000a68   0x0000000a   Code   RO         7168    .text               c_w.l(_sputc.o)
    0x08000a72   0x08000a72   0x00000010   Code   RO         7170    .text               c_w.l(_snputc.o)
    0x08000a82   0x08000a82   0x0000001c   Code   RO         7173    .text               c_w.l(_chval.o)
    0x08000a9e   0x08000a9e   0x00000002   PAD
    0x08000aa0   0x08000aa0   0x0000002c   Code   RO         7175    .text               c_w.l(scanf_char.o)
    0x08000acc   0x08000acc   0x00000040   Code   RO         7177    .text               c_w.l(_sgetc.o)
    0x08000b0c   0x08000b0c   0x00000064   Code   RO         7179    .text               c_w.l(rt_memcpy_w.o)
    0x08000b70   0x08000b70   0x00000012   Code   RO         7207    .text               c_w.l(isspace.o)
    0x08000b82   0x08000b82   0x00000002   PAD
    0x08000b84   0x08000b84   0x00000374   Code   RO         7211    .text               c_w.l(_scanf.o)
    0x08000ef8   0x08000ef8   0x0000004a   Code   RO         7213    .text               c_w.l(sys_stackheap_outer.o)
    0x08000f42   0x08000f42   0x00000002   PAD
    0x08000f44   0x08000f44   0x00000010   Code   RO         7215    .text               c_w.l(rt_ctype_table.o)
    0x08000f54   0x08000f54   0x00000012   Code   RO         7217    .text               c_w.l(exit.o)
    0x08000f66   0x08000f66   0x00000002   PAD
    0x08000f68   0x08000f68   0x00000008   Code   RO         7229    .text               c_w.l(libspace.o)
    0x08000f70   0x08000f70   0x00000008   Code   RO         7239    .text               c_w.l(rt_locale_intlibspace.o)
    0x08000f78   0x08000f78   0x0000000c   Code   RO         7293    .text               c_w.l(sys_exit.o)
    0x08000f84   0x08000f84   0x00000080   Code   RO         7306    .text               c_w.l(strcmpv7m.o)
    0x08001004   0x08001004   0x00000002   Code   RO         7314    .text               c_w.l(use_no_semi.o)
    0x08001006   0x08001006   0x00000000   Code   RO         7316    .text               c_w.l(indicate_semi.o)
    0x08001006   0x08001006   0x00000002   PAD
    0x08001008   0x08001008   0x0000001c   Code   RO          845    i.ADC_IRQHandler    stm32f4xx_it.o
    0x08001024   0x08001024   0x00000128   Code   RO         3315    i.ADC_Init          stm32f4xx_hal_adc.o
    0x0800114c   0x0800114c   0x00000002   Code   RO          846    i.BusFault_Handler  stm32f4xx_it.o
    0x0800114e   0x0800114e   0x00000004   Code   RO         1216    i.CDC_Control_HS    usbd_cdc_if.o
    0x08001152   0x08001152   0x00000004   Code   RO         1217    i.CDC_DeInit_HS     usbd_cdc_if.o
    0x08001156   0x08001156   0x00000002   PAD
    0x08001158   0x08001158   0x00000024   Code   RO         1218    i.CDC_Init_HS       usbd_cdc_if.o
    0x0800117c   0x0800117c   0x0000004c   Code   RO         1219    i.CDC_Receive_HS    usbd_cdc_if.o
    0x080011c8   0x080011c8   0x00000004   Code   RO         1220    i.CDC_TransmitCplt_HS  usbd_cdc_if.o
    0x080011cc   0x080011cc   0x0000002c   Code   RO         1221    i.CDC_Transmit_HS   usbd_cdc_if.o
    0x080011f8   0x080011f8   0x0000000c   Code   RO          847    i.DMA2_Stream2_IRQHandler  stm32f4xx_it.o
    0x08001204   0x08001204   0x00000028   Code   RO         2591    i.DMA_CalcBaseAndBitshift  stm32f4xx_hal_dma.o
    0x0800122c   0x0800122c   0x00000054   Code   RO         2592    i.DMA_CheckFifoParam  stm32f4xx_hal_dma.o
    0x08001280   0x08001280   0x00000002   Code   RO          848    i.DebugMon_Handler  stm32f4xx_it.o
    0x08001282   0x08001282   0x00000006   Code   RO          849    i.EXTI2_IRQHandler  stm32f4xx_it.o
    0x08001288   0x08001288   0x00000006   Code   RO          850    i.EXTI4_IRQHandler  stm32f4xx_it.o
    0x0800128e   0x0800128e   0x00000004   Code   RO           13    i.Error_Handler     main.o
    0x08001292   0x08001292   0x00000002   Code   RO         3486    i.HAL_ADCEx_InjectedConvCpltCallback  stm32f4xx_hal_adc_ex.o
    0x08001294   0x08001294   0x00000164   Code   RO         3317    i.HAL_ADC_ConfigChannel  stm32f4xx_hal_adc.o
    0x080013f8   0x080013f8   0x00000002   Code   RO         3318    i.HAL_ADC_ConvCpltCallback  stm32f4xx_hal_adc.o
    0x080013fa   0x080013fa   0x00000002   Code   RO         3321    i.HAL_ADC_ErrorCallback  stm32f4xx_hal_adc.o
    0x080013fc   0x080013fc   0x00000006   Code   RO         3324    i.HAL_ADC_GetValue  stm32f4xx_hal_adc.o
    0x08001402   0x08001402   0x0000012e   Code   RO         3325    i.HAL_ADC_IRQHandler  stm32f4xx_hal_adc.o
    0x08001530   0x08001530   0x00000054   Code   RO         3326    i.HAL_ADC_Init      stm32f4xx_hal_adc.o
    0x08001584   0x08001584   0x00000002   Code   RO         3327    i.HAL_ADC_LevelOutOfWindowCallback  stm32f4xx_hal_adc.o
    0x08001586   0x08001586   0x00000002   PAD
    0x08001588   0x08001588   0x000000e4   Code   RO          968    i.HAL_ADC_MspInit   stm32f4xx_hal_msp.o
    0x0800166c   0x0800166c   0x000000aa   Code   RO         3330    i.HAL_ADC_PollForConversion  stm32f4xx_hal_adc.o
    0x08001716   0x08001716   0x00000002   PAD
    0x08001718   0x08001718   0x000000fc   Code   RO         3332    i.HAL_ADC_Start     stm32f4xx_hal_adc.o
    0x08001814   0x08001814   0x000001a0   Code   RO         2599    i.HAL_DMA_IRQHandler  stm32f4xx_hal_dma.o
    0x080019b4   0x080019b4   0x000000d4   Code   RO         2600    i.HAL_DMA_Init      stm32f4xx_hal_dma.o
    0x08001a88   0x08001a88   0x00000024   Code   RO         3049    i.HAL_Delay         stm32f4xx_hal.o
    0x08001aac   0x08001aac   0x00000094   Code   RO           14    i.HAL_GPIO_EXTI_Callback  main.o
    0x08001b40   0x08001b40   0x00000018   Code   RO         2486    i.HAL_GPIO_EXTI_IRQHandler  stm32f4xx_hal_gpio.o
    0x08001b58   0x08001b58   0x00000234   Code   RO         2487    i.HAL_GPIO_Init     stm32f4xx_hal_gpio.o
    0x08001d8c   0x08001d8c   0x0000000a   Code   RO         2489    i.HAL_GPIO_ReadPin  stm32f4xx_hal_gpio.o
    0x08001d96   0x08001d96   0x00000010   Code   RO         2490    i.HAL_GPIO_TogglePin  stm32f4xx_hal_gpio.o
    0x08001da6   0x08001da6   0x0000000a   Code   RO         2491    i.HAL_GPIO_WritePin  stm32f4xx_hal_gpio.o
    0x08001db0   0x08001db0   0x0000000c   Code   RO         3057    i.HAL_GetTick       stm32f4xx_hal.o
    0x08001dbc   0x08001dbc   0x00000034   Code   RO         3064    i.HAL_Init          stm32f4xx_hal.o
    0x08001df0   0x08001df0   0x00000098   Code   RO         1034    i.HAL_InitTick      stm32f4xx_hal_timebase_tim.o
    0x08001e88   0x08001e88   0x00000038   Code   RO          969    i.HAL_MspInit       stm32f4xx_hal_msp.o
    0x08001ec0   0x08001ec0   0x0000001a   Code   RO         2897    i.HAL_NVIC_EnableIRQ  stm32f4xx_hal_cortex.o
    0x08001eda   0x08001eda   0x00000002   PAD
    0x08001edc   0x08001edc   0x00000040   Code   RO         2903    i.HAL_NVIC_SetPriority  stm32f4xx_hal_cortex.o
    0x08001f1c   0x08001f1c   0x00000024   Code   RO         2904    i.HAL_NVIC_SetPriorityGrouping  stm32f4xx_hal_cortex.o
    0x08001f40   0x08001f40   0x00000002   Code   RO         1734    i.HAL_PCDEx_LPM_Callback  stm32f4xx_hal_pcd_ex.o
    0x08001f42   0x08001f42   0x00000008   Code   RO         1735    i.HAL_PCDEx_SetRxFiFo  stm32f4xx_hal_pcd_ex.o
    0x08001f4a   0x08001f4a   0x00000044   Code   RO         1736    i.HAL_PCDEx_SetTxFiFo  stm32f4xx_hal_pcd_ex.o
    0x08001f8e   0x08001f8e   0x00000008   Code   RO         1288    i.HAL_PCD_ConnectCallback  usbd_conf.o
    0x08001f96   0x08001f96   0x00000012   Code   RO         1289    i.HAL_PCD_DataInStageCallback  usbd_conf.o
    0x08001fa8   0x08001fa8   0x00000014   Code   RO         1290    i.HAL_PCD_DataOutStageCallback  usbd_conf.o
    0x08001fbc   0x08001fbc   0x00000008   Code   RO         1291    i.HAL_PCD_DisconnectCallback  usbd_conf.o
    0x08001fc4   0x08001fc4   0x0000001e   Code   RO         1504    i.HAL_PCD_EP_Abort  stm32f4xx_hal_pcd.o
    0x08001fe2   0x08001fe2   0x0000004a   Code   RO         1505    i.HAL_PCD_EP_Close  stm32f4xx_hal_pcd.o
    0x0800202c   0x0800202c   0x0000005a   Code   RO         1506    i.HAL_PCD_EP_ClrStall  stm32f4xx_hal_pcd.o
    0x08002086   0x08002086   0x00000012   Code   RO         1508    i.HAL_PCD_EP_GetRxCount  stm32f4xx_hal_pcd.o
    0x08002098   0x08002098   0x00000062   Code   RO         1509    i.HAL_PCD_EP_Open   stm32f4xx_hal_pcd.o
    0x080020fa   0x080020fa   0x00000038   Code   RO         1510    i.HAL_PCD_EP_Receive  stm32f4xx_hal_pcd.o
    0x08002132   0x08002132   0x00000072   Code   RO         1511    i.HAL_PCD_EP_SetStall  stm32f4xx_hal_pcd.o
    0x080021a4   0x080021a4   0x00000032   Code   RO         1512    i.HAL_PCD_EP_Transmit  stm32f4xx_hal_pcd.o
    0x080021d6   0x080021d6   0x00000002   PAD
    0x080021d8   0x080021d8   0x0000055c   Code   RO         1514    i.HAL_PCD_IRQHandler  stm32f4xx_hal_pcd.o
    0x08002734   0x08002734   0x00000008   Code   RO         1292    i.HAL_PCD_ISOINIncompleteCallback  usbd_conf.o
    0x0800273c   0x0800273c   0x00000008   Code   RO         1293    i.HAL_PCD_ISOOUTIncompleteCallback  usbd_conf.o
    0x08002744   0x08002744   0x000000cc   Code   RO         1517    i.HAL_PCD_Init      stm32f4xx_hal_pcd.o
    0x08002810   0x08002810   0x00000078   Code   RO         1295    i.HAL_PCD_MspInit   usbd_conf.o
    0x08002888   0x08002888   0x0000002c   Code   RO         1296    i.HAL_PCD_ResetCallback  usbd_conf.o
    0x080028b4   0x080028b4   0x00000008   Code   RO         1297    i.HAL_PCD_ResumeCallback  usbd_conf.o
    0x080028bc   0x080028bc   0x00000008   Code   RO         1298    i.HAL_PCD_SOFCallback  usbd_conf.o
    0x080028c4   0x080028c4   0x00000026   Code   RO         1523    i.HAL_PCD_SetAddress  stm32f4xx_hal_pcd.o
    0x080028ea   0x080028ea   0x0000000e   Code   RO         1299    i.HAL_PCD_SetupStageCallback  usbd_conf.o
    0x080028f8   0x080028f8   0x00000042   Code   RO         1526    i.HAL_PCD_Start     stm32f4xx_hal_pcd.o
    0x0800293a   0x0800293a   0x00000002   PAD
    0x0800293c   0x0800293c   0x00000030   Code   RO         1300    i.HAL_PCD_SuspendCallback  usbd_conf.o
    0x0800296c   0x0800296c   0x00000134   Code   RO         2081    i.HAL_RCC_ClockConfig  stm32f4xx_hal_rcc.o
    0x08002aa0   0x08002aa0   0x00000040   Code   RO         2085    i.HAL_RCC_GetClockConfig  stm32f4xx_hal_rcc.o
    0x08002ae0   0x08002ae0   0x0000000c   Code   RO         2086    i.HAL_RCC_GetHCLKFreq  stm32f4xx_hal_rcc.o
    0x08002aec   0x08002aec   0x00000020   Code   RO         2088    i.HAL_RCC_GetPCLK1Freq  stm32f4xx_hal_rcc.o
    0x08002b0c   0x08002b0c   0x00000060   Code   RO         2090    i.HAL_RCC_GetSysClockFreq  stm32f4xx_hal_rcc.o
    0x08002b6c   0x08002b6c   0x0000036c   Code   RO         2093    i.HAL_RCC_OscConfig  stm32f4xx_hal_rcc.o
    0x08002ed8   0x08002ed8   0x000000bc   Code   RO         3601    i.HAL_SPI_Init      stm32f4xx_hal_spi.o
    0x08002f94   0x08002f94   0x0000006c   Code   RO          971    i.HAL_SPI_MspInit   stm32f4xx_hal_msp.o
    0x08003000   0x08003000   0x00000154   Code   RO         3604    i.HAL_SPI_Receive   stm32f4xx_hal_spi.o
    0x08003154   0x08003154   0x000001f0   Code   RO         3610    i.HAL_SPI_TransmitReceive  stm32f4xx_hal_spi.o
    0x08003344   0x08003344   0x00000002   Code   RO         4618    i.HAL_TIMEx_BreakCallback  stm32f4xx_hal_tim_ex.o
    0x08003346   0x08003346   0x00000002   Code   RO         4619    i.HAL_TIMEx_CommutCallback  stm32f4xx_hal_tim_ex.o
    0x08003348   0x08003348   0x00000054   Code   RO         4621    i.HAL_TIMEx_ConfigBreakDeadTime  stm32f4xx_hal_tim_ex.o
    0x0800339c   0x0800339c   0x00000090   Code   RO         4637    i.HAL_TIMEx_MasterConfigSynchronization  stm32f4xx_hal_tim_ex.o
    0x0800342c   0x0800342c   0x0000005a   Code   RO         3914    i.HAL_TIM_Base_Init  stm32f4xx_hal_tim.o
    0x08003486   0x08003486   0x00000002   PAD
    0x08003488   0x08003488   0x000000b8   Code   RO          973    i.HAL_TIM_Base_MspInit  stm32f4xx_hal_msp.o
    0x08003540   0x08003540   0x00000080   Code   RO         3919    i.HAL_TIM_Base_Start_IT  stm32f4xx_hal_tim.o
    0x080035c0   0x080035c0   0x00000030   Code   RO         3922    i.HAL_TIM_Base_Stop_IT  stm32f4xx_hal_tim.o
    0x080035f0   0x080035f0   0x000000dc   Code   RO         3923    i.HAL_TIM_ConfigClockSource  stm32f4xx_hal_tim.o
    0x080036cc   0x080036cc   0x00000002   Code   RO         3948    i.HAL_TIM_IC_CaptureCallback  stm32f4xx_hal_tim.o
    0x080036ce   0x080036ce   0x00000130   Code   RO         3962    i.HAL_TIM_IRQHandler  stm32f4xx_hal_tim.o
    0x080037fe   0x080037fe   0x00000002   PAD
    0x08003800   0x08003800   0x00000084   Code   RO          974    i.HAL_TIM_MspPostInit  stm32f4xx_hal_msp.o
    0x08003884   0x08003884   0x00000002   Code   RO         3965    i.HAL_TIM_OC_DelayElapsedCallback  stm32f4xx_hal_tim.o
    0x08003886   0x08003886   0x000000cc   Code   RO         3986    i.HAL_TIM_PWM_ConfigChannel  stm32f4xx_hal_tim.o
    0x08003952   0x08003952   0x0000005a   Code   RO         3989    i.HAL_TIM_PWM_Init  stm32f4xx_hal_tim.o
    0x080039ac   0x080039ac   0x00000002   Code   RO         3991    i.HAL_TIM_PWM_MspInit  stm32f4xx_hal_tim.o
    0x080039ae   0x080039ae   0x00000002   Code   RO         3992    i.HAL_TIM_PWM_PulseFinishedCallback  stm32f4xx_hal_tim.o
    0x080039b0   0x080039b0   0x000000c8   Code   RO         3994    i.HAL_TIM_PWM_Start  stm32f4xx_hal_tim.o
    0x08003a78   0x08003a78   0x0000007c   Code   RO         3997    i.HAL_TIM_PWM_Stop  stm32f4xx_hal_tim.o
    0x08003af4   0x08003af4   0x000000a8   Code   RO           15    i.HAL_TIM_PeriodElapsedCallback  main.o
    0x08003b9c   0x08003b9c   0x00000002   Code   RO         4005    i.HAL_TIM_TriggerCallback  stm32f4xx_hal_tim.o
    0x08003b9e   0x08003b9e   0x00000002   Code   RO          851    i.HardFault_Handler  stm32f4xx_it.o
    0x08003ba0   0x08003ba0   0x00000010   Code   RO           16    i.Homing            main.o
    0x08003bb0   0x08003bb0   0x00000038   Code   RO         1130    i.IntToUnicode      usbd_desc.o
    0x08003be8   0x08003be8   0x00000064   Code   RO           17    i.MX_ADC2_Init      main.o
    0x08003c4c   0x08003c4c   0x00000064   Code   RO           18    i.MX_ADC3_Init      main.o
    0x08003cb0   0x08003cb0   0x00000190   Code   RO           19    i.MX_GPIO_Init      main.o
    0x08003e40   0x08003e40   0x00000044   Code   RO           20    i.MX_SPI3_Init      main.o
    0x08003e84   0x08003e84   0x000000cc   Code   RO           21    i.MX_TIM1_Init      main.o
    0x08003f50   0x08003f50   0x0000009c   Code   RO           22    i.MX_TIM3_Init      main.o
    0x08003fec   0x08003fec   0x00000068   Code   RO           23    i.MX_TIM4_Init      main.o
    0x08004054   0x08004054   0x00000068   Code   RO           24    i.MX_TIM5_Init      main.o
    0x080040bc   0x080040bc   0x00000054   Code   RO         1073    i.MX_USB_DEVICE_Init  usb_device.o
    0x08004110   0x08004110   0x00000010   Code   RO           25    i.Manual            main.o
    0x08004120   0x08004120   0x00000002   Code   RO          852    i.MemManage_Handler  stm32f4xx_it.o
    0x08004122   0x08004122   0x00000002   Code   RO          853    i.NMI_Handler       stm32f4xx_it.o
    0x08004124   0x08004124   0x00000002   Code   RO           26    i.Null              main.o
    0x08004126   0x08004126   0x00000002   PAD
    0x08004128   0x08004128   0x0000000c   Code   RO          854    i.OTG_HS_IRQHandler  stm32f4xx_it.o
    0x08004134   0x08004134   0x000000cc   Code   RO         1530    i.PCD_EP_OutXfrComplete_int  stm32f4xx_hal_pcd.o
    0x08004200   0x08004200   0x000000a2   Code   RO         1531    i.PCD_WriteEmptyTxFifo  stm32f4xx_hal_pcd.o
    0x080042a2   0x080042a2   0x00000002   PAD
    0x080042a4   0x080042a4   0x00000010   Code   RO           27    i.Process           main.o
    0x080042b4   0x080042b4   0x0000005c   Code   RO         3638    i.SPI_EndRxTransaction  stm32f4xx_hal_spi.o
    0x08004310   0x08004310   0x0000006c   Code   RO         3639    i.SPI_EndRxTxTransaction  stm32f4xx_hal_spi.o
    0x0800437c   0x0800437c   0x000000b8   Code   RO         3644    i.SPI_WaitFlagStateUntilTimeout  stm32f4xx_hal_spi.o
    0x08004434   0x08004434   0x0000000a   Code   RO         6840    i.SWAPBYTE          usbd_ctlreq.o
    0x0800443e   0x0800443e   0x00000002   Code   RO           28    i.SaveSettings      main.o
    0x08004440   0x08004440   0x0000009c   Code   RO           29    i.StartActuations   main.o
    0x080044dc   0x080044dc   0x00000034   Code   RO           30    i.StartStateHandler  main.o
    0x08004510   0x08004510   0x00000088   Code   RO           31    i.StartTempControl  main.o
    0x08004598   0x08004598   0x0000001a   Code   RO         6033    i.SysTick_Handler   cmsis_os2.o
    0x080045b2   0x080045b2   0x00000002   PAD
    0x080045b4   0x080045b4   0x00000094   Code   RO           32    i.SystemClock_Config  main.o
    0x08004648   0x08004648   0x00000010   Code   RO         4886    i.SystemInit        system_stm32f4xx.o
    0x08004658   0x08004658   0x0000000c   Code   RO          855    i.TIM1_UP_TIM10_IRQHandler  stm32f4xx_it.o
    0x08004664   0x08004664   0x0000000c   Code   RO          856    i.TIM2_IRQHandler   stm32f4xx_it.o
    0x08004670   0x08004670   0x0000000c   Code   RO          857    i.TIM3_IRQHandler   stm32f4xx_it.o
    0x0800467c   0x0800467c   0x0000000c   Code   RO          858    i.TIM4_IRQHandler   stm32f4xx_it.o
    0x08004688   0x08004688   0x0000000c   Code   RO          859    i.TIM5_IRQHandler   stm32f4xx_it.o
    0x08004694   0x08004694   0x000000d8   Code   RO         4007    i.TIM_Base_SetConfig  stm32f4xx_hal_tim.o
    0x0800476c   0x0800476c   0x0000001a   Code   RO         4008    i.TIM_CCxChannelCmd  stm32f4xx_hal_tim.o
    0x08004786   0x08004786   0x00000014   Code   RO         4018    i.TIM_ETR_SetConfig  stm32f4xx_hal_tim.o
    0x0800479a   0x0800479a   0x00000010   Code   RO         4019    i.TIM_ITRx_SetConfig  stm32f4xx_hal_tim.o
    0x080047aa   0x080047aa   0x00000002   PAD
    0x080047ac   0x080047ac   0x00000060   Code   RO         4020    i.TIM_OC1_SetConfig  stm32f4xx_hal_tim.o
    0x0800480c   0x0800480c   0x0000006c   Code   RO         4021    i.TIM_OC2_SetConfig  stm32f4xx_hal_tim.o
    0x08004878   0x08004878   0x00000068   Code   RO         4022    i.TIM_OC3_SetConfig  stm32f4xx_hal_tim.o
    0x080048e0   0x080048e0   0x00000050   Code   RO         4023    i.TIM_OC4_SetConfig  stm32f4xx_hal_tim.o
    0x08004930   0x08004930   0x00000022   Code   RO         4025    i.TIM_TI1_ConfigInputStage  stm32f4xx_hal_tim.o
    0x08004952   0x08004952   0x00000024   Code   RO         4027    i.TIM_TI2_ConfigInputStage  stm32f4xx_hal_tim.o
    0x08004976   0x08004976   0x00000002   PAD
    0x08004978   0x08004978   0x000000d0   Code   RO           33    i.TransmitDistance  main.o
    0x08004a48   0x08004a48   0x00000002   Code   RO           34    i.TransmitForce     main.o
    0x08004a4a   0x08004a4a   0x00000076   Code   RO         6978    i.USBD_CDC_DataIn   usbd_cdc.o
    0x08004ac0   0x08004ac0   0x0000003c   Code   RO         6979    i.USBD_CDC_DataOut  usbd_cdc.o
    0x08004afc   0x08004afc   0x00000090   Code   RO         6980    i.USBD_CDC_DeInit   usbd_cdc.o
    0x08004b8c   0x08004b8c   0x00000036   Code   RO         6981    i.USBD_CDC_EP0_RxReady  usbd_cdc.o
    0x08004bc2   0x08004bc2   0x00000002   PAD
    0x08004bc4   0x08004bc4   0x0000000c   Code   RO         6982    i.USBD_CDC_GetDeviceQualifierDescriptor  usbd_cdc.o
    0x08004bd0   0x08004bd0   0x0000003c   Code   RO         6983    i.USBD_CDC_GetFSCfgDesc  usbd_cdc.o
    0x08004c0c   0x08004c0c   0x00000040   Code   RO         6984    i.USBD_CDC_GetHSCfgDesc  usbd_cdc.o
    0x08004c4c   0x08004c4c   0x0000003c   Code   RO         6985    i.USBD_CDC_GetOtherSpeedCfgDesc  usbd_cdc.o
    0x08004c88   0x08004c88   0x00000118   Code   RO         6986    i.USBD_CDC_Init     usbd_cdc.o
    0x08004da0   0x08004da0   0x00000038   Code   RO         6987    i.USBD_CDC_ReceivePacket  usbd_cdc.o
    0x08004dd8   0x08004dd8   0x00000016   Code   RO         6988    i.USBD_CDC_RegisterInterface  usbd_cdc.o
    0x08004dee   0x08004dee   0x0000001a   Code   RO         6989    i.USBD_CDC_SetRxBuffer  usbd_cdc.o
    0x08004e08   0x08004e08   0x0000001e   Code   RO         6990    i.USBD_CDC_SetTxBuffer  usbd_cdc.o
    0x08004e26   0x08004e26   0x000000d4   Code   RO         6991    i.USBD_CDC_Setup    usbd_cdc.o
    0x08004efa   0x08004efa   0x00000002   PAD
    0x08004efc   0x08004efc   0x00000050   Code   RO         6992    i.USBD_CDC_TransmitPacket  usbd_cdc.o
    0x08004f4c   0x08004f4c   0x00000014   Code   RO         6681    i.USBD_ClrClassConfig  usbd_core.o
    0x08004f60   0x08004f60   0x00000004   Code   RO         6682    i.USBD_CoreFindEP   usbd_core.o
    0x08004f64   0x08004f64   0x00000004   Code   RO         6683    i.USBD_CoreFindIF   usbd_core.o
    0x08004f68   0x08004f68   0x00000010   Code   RO         6918    i.USBD_CtlContinueRx  usbd_ioreq.o
    0x08004f78   0x08004f78   0x00000010   Code   RO         6919    i.USBD_CtlContinueSendData  usbd_ioreq.o
    0x08004f88   0x08004f88   0x00000016   Code   RO         6841    i.USBD_CtlError     usbd_ctlreq.o
    0x08004f9e   0x08004f9e   0x0000001e   Code   RO         6920    i.USBD_CtlPrepareRx  usbd_ioreq.o
    0x08004fbc   0x08004fbc   0x00000016   Code   RO         6921    i.USBD_CtlReceiveStatus  usbd_ioreq.o
    0x08004fd2   0x08004fd2   0x0000001a   Code   RO         6922    i.USBD_CtlSendData  usbd_ioreq.o
    0x08004fec   0x08004fec   0x00000016   Code   RO         6923    i.USBD_CtlSendStatus  usbd_ioreq.o
    0x08005002   0x08005002   0x000000e6   Code   RO         6842    i.USBD_GetDescriptor  usbd_ctlreq.o
    0x080050e8   0x080050e8   0x0000003a   Code   RO         6685    i.USBD_GetEpDesc    usbd_core.o
    0x08005122   0x08005122   0x00000014   Code   RO         6843    i.USBD_GetLen       usbd_ctlreq.o
    0x08005136   0x08005136   0x0000000e   Code   RO         6686    i.USBD_GetNextDesc  usbd_core.o
    0x08005144   0x08005144   0x0000004e   Code   RO         6844    i.USBD_GetString    usbd_ctlreq.o
    0x08005192   0x08005192   0x00000018   Code   RO         1301    i.USBD_Get_USB_Status  usbd_conf.o
    0x080051aa   0x080051aa   0x00000002   PAD
    0x080051ac   0x080051ac   0x00000020   Code   RO         1131    i.USBD_HS_ConfigStrDescriptor  usbd_desc.o
    0x080051cc   0x080051cc   0x0000000c   Code   RO         1132    i.USBD_HS_DeviceDescriptor  usbd_desc.o
    0x080051d8   0x080051d8   0x00000024   Code   RO         1133    i.USBD_HS_InterfaceStrDescriptor  usbd_desc.o
    0x080051fc   0x080051fc   0x0000000c   Code   RO         1134    i.USBD_HS_LangIDStrDescriptor  usbd_desc.o
    0x08005208   0x08005208   0x00000028   Code   RO         1135    i.USBD_HS_ManufacturerStrDescriptor  usbd_desc.o
    0x08005230   0x08005230   0x00000028   Code   RO         1136    i.USBD_HS_ProductStrDescriptor  usbd_desc.o
    0x08005258   0x08005258   0x00000038   Code   RO         1137    i.USBD_HS_SerialStrDescriptor  usbd_desc.o
    0x08005290   0x08005290   0x00000026   Code   RO         6687    i.USBD_Init         usbd_core.o
    0x080052b6   0x080052b6   0x00000012   Code   RO         1302    i.USBD_LL_ClearStallEP  usbd_conf.o
    0x080052c8   0x080052c8   0x00000012   Code   RO         1303    i.USBD_LL_CloseEP   usbd_conf.o
    0x080052da   0x080052da   0x000000b6   Code   RO         6688    i.USBD_LL_DataInStage  usbd_core.o
    0x08005390   0x08005390   0x0000008e   Code   RO         6689    i.USBD_LL_DataOutStage  usbd_core.o
    0x0800541e   0x0800541e   0x00000004   Code   RO         6690    i.USBD_LL_DevConnected  usbd_core.o
    0x08005422   0x08005422   0x0000001e   Code   RO         6691    i.USBD_LL_DevDisconnected  usbd_core.o
    0x08005440   0x08005440   0x00000008   Code   RO         1307    i.USBD_LL_GetRxDataSize  usbd_conf.o
    0x08005448   0x08005448   0x0000006c   Code   RO         1308    i.USBD_LL_Init      usbd_conf.o
    0x080054b4   0x080054b4   0x0000001e   Code   RO         1309    i.USBD_LL_IsStallEP  usbd_conf.o
    0x080054d2   0x080054d2   0x00000028   Code   RO         6692    i.USBD_LL_IsoINIncomplete  usbd_core.o
    0x080054fa   0x080054fa   0x00000028   Code   RO         6693    i.USBD_LL_IsoOUTIncomplete  usbd_core.o
    0x08005522   0x08005522   0x00000018   Code   RO         1310    i.USBD_LL_OpenEP    usbd_conf.o
    0x0800553a   0x0800553a   0x00000012   Code   RO         1311    i.USBD_LL_PrepareReceive  usbd_conf.o
    0x0800554c   0x0800554c   0x0000005c   Code   RO         6694    i.USBD_LL_Reset     usbd_core.o
    0x080055a8   0x080055a8   0x00000014   Code   RO         6695    i.USBD_LL_Resume    usbd_core.o
    0x080055bc   0x080055bc   0x0000001a   Code   RO         6696    i.USBD_LL_SOF       usbd_core.o
    0x080055d6   0x080055d6   0x00000006   Code   RO         6697    i.USBD_LL_SetSpeed  usbd_core.o
    0x080055dc   0x080055dc   0x00000012   Code   RO         1312    i.USBD_LL_SetUSBAddress  usbd_conf.o
    0x080055ee   0x080055ee   0x00000060   Code   RO         6698    i.USBD_LL_SetupStage  usbd_core.o
    0x0800564e   0x0800564e   0x00000012   Code   RO         1313    i.USBD_LL_StallEP   usbd_conf.o
    0x08005660   0x08005660   0x00000012   Code   RO         1314    i.USBD_LL_Start     usbd_conf.o
    0x08005672   0x08005672   0x0000001a   Code   RO         6699    i.USBD_LL_Suspend   usbd_core.o
    0x0800568c   0x0800568c   0x00000012   Code   RO         1316    i.USBD_LL_Transmit  usbd_conf.o
    0x0800569e   0x0800569e   0x0000002c   Code   RO         6845    i.USBD_ParseSetupRequest  usbd_ctlreq.o
    0x080056ca   0x080056ca   0x0000003a   Code   RO         6700    i.USBD_RegisterClass  usbd_core.o
    0x08005704   0x08005704   0x00000014   Code   RO         6702    i.USBD_SetClassConfig  usbd_core.o
    0x08005718   0x08005718   0x000000b8   Code   RO         6846    i.USBD_SetConfig    usbd_ctlreq.o
    0x080057d0   0x080057d0   0x00000004   Code   RO         6703    i.USBD_Start        usbd_core.o
    0x080057d4   0x080057d4   0x0000012c   Code   RO         6847    i.USBD_StdDevReq    usbd_ctlreq.o
    0x08005900   0x08005900   0x00000160   Code   RO         6848    i.USBD_StdEPReq     usbd_ctlreq.o
    0x08005a60   0x08005a60   0x00000072   Code   RO         6849    i.USBD_StdItfReq    usbd_ctlreq.o
    0x08005ad2   0x08005ad2   0x00000002   Code   RO         1317    i.USBD_static_free  usbd_conf.o
    0x08005ad4   0x08005ad4   0x00000008   Code   RO         1318    i.USBD_static_malloc  usbd_conf.o
    0x08005adc   0x08005adc   0x00000080   Code   RO         1776    i.USB_ActivateEndpoint  stm32f4xx_ll_usb.o
    0x08005b5c   0x08005b5c   0x0000001c   Code   RO         1778    i.USB_ActivateSetup  stm32f4xx_ll_usb.o
    0x08005b78   0x08005b78   0x00000084   Code   RO         1780    i.USB_CoreInit      stm32f4xx_ll_usb.o
    0x08005bfc   0x08005bfc   0x0000003c   Code   RO         1781    i.USB_CoreReset     stm32f4xx_ll_usb.o
    0x08005c38   0x08005c38   0x000000cc   Code   RO         1784    i.USB_DeactivateEndpoint  stm32f4xx_ll_usb.o
    0x08005d04   0x08005d04   0x0000001c   Code   RO         1785    i.USB_DevConnect    stm32f4xx_ll_usb.o
    0x08005d20   0x08005d20   0x0000001c   Code   RO         1786    i.USB_DevDisconnect  stm32f4xx_ll_usb.o
    0x08005d3c   0x08005d3c   0x0000017c   Code   RO         1787    i.USB_DevInit       stm32f4xx_ll_usb.o
    0x08005eb8   0x08005eb8   0x0000000c   Code   RO         1788    i.USB_DisableGlobalInt  stm32f4xx_ll_usb.o
    0x08005ec4   0x08005ec4   0x00000058   Code   RO         1791    i.USB_EP0_OutStart  stm32f4xx_ll_usb.o
    0x08005f1c   0x08005f1c   0x00000058   Code   RO         1792    i.USB_EPClearStall  stm32f4xx_ll_usb.o
    0x08005f74   0x08005f74   0x00000058   Code   RO         1793    i.USB_EPSetStall    stm32f4xx_ll_usb.o
    0x08005fcc   0x08005fcc   0x00000238   Code   RO         1794    i.USB_EPStartXfer   stm32f4xx_ll_usb.o
    0x08006204   0x08006204   0x0000009e   Code   RO         1795    i.USB_EPStopXfer    stm32f4xx_ll_usb.o
    0x080062a2   0x080062a2   0x0000000c   Code   RO         1796    i.USB_EnableGlobalInt  stm32f4xx_ll_usb.o
    0x080062ae   0x080062ae   0x00000038   Code   RO         1797    i.USB_FlushRxFifo   stm32f4xx_ll_usb.o
    0x080062e6   0x080062e6   0x0000003c   Code   RO         1798    i.USB_FlushTxFifo   stm32f4xx_ll_usb.o
    0x08006322   0x08006322   0x0000001a   Code   RO         1800    i.USB_GetDevSpeed   stm32f4xx_ll_usb.o
    0x0800633c   0x0800633c   0x00000008   Code   RO         1802    i.USB_GetMode       stm32f4xx_ll_usb.o
    0x08006344   0x08006344   0x0000000e   Code   RO         1810    i.USB_ReadDevAllInEpInterrupt  stm32f4xx_ll_usb.o
    0x08006352   0x08006352   0x0000000e   Code   RO         1811    i.USB_ReadDevAllOutEpInterrupt  stm32f4xx_ll_usb.o
    0x08006360   0x08006360   0x00000024   Code   RO         1812    i.USB_ReadDevInEPInterrupt  stm32f4xx_ll_usb.o
    0x08006384   0x08006384   0x00000010   Code   RO         1813    i.USB_ReadDevOutEPInterrupt  stm32f4xx_ll_usb.o
    0x08006394   0x08006394   0x00000008   Code   RO         1814    i.USB_ReadInterrupts  stm32f4xx_ll_usb.o
    0x0800639c   0x0800639c   0x0000003e   Code   RO         1815    i.USB_ReadPacket    stm32f4xx_ll_usb.o
    0x080063da   0x080063da   0x0000005c   Code   RO         1817    i.USB_SetCurrentMode  stm32f4xx_ll_usb.o
    0x08006436   0x08006436   0x00000022   Code   RO         1818    i.USB_SetDevAddress  stm32f4xx_ll_usb.o
    0x08006458   0x08006458   0x000000e8   Code   RO         1820    i.USB_SetTurnaroundTime  stm32f4xx_ll_usb.o
    0x08006540   0x08006540   0x00000028   Code   RO         1823    i.USB_WritePacket   stm32f4xx_ll_usb.o
    0x08006568   0x08006568   0x00000040   Code   RO           35    i.UpdateStepperSpeed  main.o
    0x080065a8   0x080065a8   0x00000002   Code   RO          860    i.UsageFault_Handler  stm32f4xx_it.o
    0x080065aa   0x080065aa   0x00000020   Code   RO         2910    i.__NVIC_SetPriority  stm32f4xx_hal_cortex.o
    0x080065ca   0x080065ca   0x00000002   PAD
    0x080065cc   0x080065cc   0x0000008c   Code   RO           37    i.h_Startpwm        main.o
    0x08006658   0x08006658   0x00000014   Code   RO           38    i.h_Stopext         main.o
    0x0800666c   0x0800666c   0x00000064   Code   RO           39    i.h_Stoptim         main.o
    0x080066d0   0x080066d0   0x00000104   Code   RO           40    i.main              main.o
    0x080067d4   0x080067d4   0x0000001a   Code   RO         6035    i.osDelay           cmsis_os2.o
    0x080067ee   0x080067ee   0x00000002   PAD
    0x080067f0   0x080067f0   0x00000024   Code   RO         6049    i.osKernelInitialize  cmsis_os2.o
    0x08006814   0x08006814   0x00000038   Code   RO         6052    i.osKernelStart     cmsis_os2.o
    0x0800684c   0x0800684c   0x00000064   Code   RO         6064    i.osMessageQueueGet  cmsis_os2.o
    0x080068b0   0x080068b0   0x00000058   Code   RO         6069    i.osMessageQueueNew  cmsis_os2.o
    0x08006908   0x08006908   0x00000068   Code   RO         6070    i.osMessageQueuePut  cmsis_os2.o
    0x08006970   0x08006970   0x0000004e   Code   RO         6084    i.osThreadFlagsClear  cmsis_os2.o
    0x080069be   0x080069be   0x00000002   PAD
    0x080069c0   0x080069c0   0x00000074   Code   RO         6086    i.osThreadFlagsSet  cmsis_os2.o
    0x08006a34   0x08006a34   0x00000096   Code   RO         6087    i.osThreadFlagsWait  cmsis_os2.o
    0x08006aca   0x08006aca   0x00000002   PAD
    0x08006acc   0x08006acc   0x0000008a   Code   RO         6094    i.osThreadNew       cmsis_os2.o
    0x08006b56   0x08006b56   0x00000002   Code   RO           41    i.p_EmptyWater      main.o
    0x08006b58   0x08006b58   0x00000002   Code   RO           42    i.p_FillWater       main.o
    0x08006b5a   0x08006b5a   0x00000002   PAD
    0x08006b5c   0x08006b5c   0x00000010   Code   RO           43    i.p_Homing          main.o
    0x08006b6c   0x08006b6c   0x00000044   Code   RO           44    i.p_Pause           main.o
    0x08006bb0   0x08006bb0   0x00000054   Code   RO           45    i.p_Reset           main.o
    0x08006c04   0x08006c04   0x00000080   Code   RO           46    i.p_Stop            main.o
    0x08006c84   0x08006c84   0x00000024   Code   RO           47    i.p_TempControlOff  main.o
    0x08006ca8   0x08006ca8   0x00000030   Code   RO           48    i.p_TempControlOn   main.o
    0x08006cd8   0x08006cd8   0x00000002   Code   RO           49    i.p_WaterOff        main.o
    0x08006cda   0x08006cda   0x00000002   PAD
    0x08006cdc   0x08006cdc   0x00000034   Code   RO           50    i.p_mDirVal         main.o
    0x08006d10   0x08006d10   0x00000064   Code   RO           51    i.p_mReverse        main.o
    0x08006d74   0x08006d74   0x000000b4   Code   RO           52    i.p_mStart          main.o
    0x08006e28   0x08006e28   0x0000000a   Code   RO           53    i.processEXTintWaterIn  main.o
    0x08006e32   0x08006e32   0x0000000a   Code   RO           54    i.processEXTintWaterOut  main.o
    0x08006e3c   0x08006e3c   0x0000000a   Code   RO           55    i.processEXTinthommax  main.o
    0x08006e46   0x08006e46   0x0000000a   Code   RO           56    i.processEXTinthommin  main.o
    0x08006e50   0x08006e50   0x00000014   Code   RO           57    i.processTIM2SP     main.o
    0x08006e64   0x08006e64   0x0000000a   Code   RO           58    i.processTIMintdir  main.o
    0x08006e6e   0x08006e6e   0x0000000a   Code   RO           59    i.processTIMinthom  main.o
    0x08006e78   0x08006e78   0x0000000a   Code   RO           60    i.processTIMintking  main.o
    0x08006e82   0x08006e82   0x00000002   PAD
    0x08006e84   0x08006e84   0x000002ac   Code   RO           61    i.processUSBval     main.o
    0x08007130   0x08007130   0x0000000a   Code   RO           62    i.processexternalD2S  main.o
    0x0800713a   0x0800713a   0x0000000a   Code   RO           63    i.processexternalF2S  main.o
    0x08007144   0x08007144   0x0000000a   Code   RO           64    i.processexternalT2S  main.o
    0x0800714e   0x0800714e   0x0000000a   Code   RO           65    i.processinternalH2P  main.o
    0x08007158   0x08007158   0x00000014   Code   RO           66    i.processinternalPC2R  main.o
    0x0800716c   0x0800716c   0x0000000a   Code   RO           67    i.processinternalPh2H  main.o
    0x08007176   0x08007176   0x0000000a   Code   RO           68    i.processinternalPr2H  main.o
    0x08007180   0x08007180   0x0000000a   Code   RO           69    i.processinternalT2H  main.o
    0x0800718a   0x0800718a   0x0000000a   Code   RO           70    i.processinternalW2T  main.o
    0x08007194   0x08007194   0x0000005c   Code   RO         5494    i.prvAddCurrentTaskToDelayedList  tasks.o
    0x080071f0   0x080071f0   0x000000d0   Code   RO         5495    i.prvAddNewTaskToReadyList  tasks.o
    0x080072c0   0x080072c0   0x00000058   Code   RO         5859    i.prvCheckForValidListAndQueue  timers.o
    0x08007318   0x08007318   0x00000026   Code   RO         5091    i.prvCopyDataFromQueue  queue.o
    0x0800733e   0x0800733e   0x0000006c   Code   RO         5092    i.prvCopyDataToQueue  queue.o
    0x080073aa   0x080073aa   0x00000034   Code   RO         5496    i.prvDeleteTCB      tasks.o
    0x080073de   0x080073de   0x00000002   PAD
    0x080073e0   0x080073e0   0x0000004c   Code   RO         6546    i.prvHeapInit       heap_4.o
    0x0800742c   0x0800742c   0x00000060   Code   RO         5497    i.prvIdleTask       tasks.o
    0x0800748c   0x0800748c   0x00000022   Code   RO         5094    i.prvInitialiseNewQueue  queue.o
    0x080074ae   0x080074ae   0x00000002   PAD
    0x080074b0   0x080074b0   0x000000b0   Code   RO         5498    i.prvInitialiseNewTask  tasks.o
    0x08007560   0x08007560   0x0000004c   Code   RO         6547    i.prvInsertBlockIntoFreeList  heap_4.o
    0x080075ac   0x080075ac   0x00000038   Code   RO         5861    i.prvInsertTimerInActiveList  timers.o
    0x080075e4   0x080075e4   0x0000001c   Code   RO         5095    i.prvIsQueueEmpty   queue.o
    0x08007600   0x08007600   0x000000fc   Code   RO         5862    i.prvProcessReceivedCommands  timers.o
    0x080076fc   0x080076fc   0x000000c0   Code   RO         5863    i.prvProcessTimerOrBlockTask  timers.o
    0x080077bc   0x080077bc   0x00000020   Code   RO         5500    i.prvResetNextTaskUnblockTime  tasks.o
    0x080077dc   0x080077dc   0x00000028   Code   RO         5864    i.prvSampleTimeNow  timers.o
    0x08007804   0x08007804   0x0000006c   Code   RO         5865    i.prvSwitchTimerLists  timers.o
    0x08007870   0x08007870   0x00000028   Code   RO         6602    i.prvTaskExitError  port.o
    0x08007898   0x08007898   0x00000024   Code   RO         5866    i.prvTimerTask      timers.o
    0x080078bc   0x080078bc   0x0000006a   Code   RO         5096    i.prvUnlockQueue    queue.o
    0x08007926   0x08007926   0x00000002   PAD
    0x08007928   0x08007928   0x000000dc   Code   RO         6548    i.pvPortMalloc      heap_4.o
    0x08007a04   0x08007a04   0x0000002c   Code   RO         6603    i.pxPortInitialiseStack  port.o
    0x08007a30   0x08007a30   0x00000144   Code   RO           71    i.readforce         main.o
    0x08007b74   0x08007b74   0x0000005c   Code   RO           72    i.readtemp          main.o
    0x08007bd0   0x08007bd0   0x0000000c   Code   RO           73    i.resetstatemachine  main.o
    0x08007bdc   0x08007bdc   0x00000030   Code   RO           74    i.saveconditionalstate  main.o
    0x08007c0c   0x08007c0c   0x00000018   Code   RO           75    i.savecurrentstate  main.o
    0x08007c24   0x08007c24   0x00000064   Code   RO           77    i.statemachine      main.o
    0x08007c88   0x08007c88   0x00000018   Code   RO           78    i.trans_distance    main.o
    0x08007ca0   0x08007ca0   0x00000048   Code   RO           79    i.u_MotorStartb     main.o
    0x08007ce8   0x08007ce8   0x00000044   Code   RO           80    i.u_MotorStartf     main.o
    0x08007d2c   0x08007d2c   0x0000000c   Code   RO           81    i.u_MotorStop       main.o
    0x08007d38   0x08007d38   0x00000010   Code   RO           82    i.u_TempControlOFF  main.o
    0x08007d48   0x08007d48   0x00000010   Code   RO           83    i.u_TempControlON   main.o
    0x08007d58   0x08007d58   0x00000010   Code   RO           84    i.u_ValveClose1     main.o
    0x08007d68   0x08007d68   0x00000010   Code   RO           85    i.u_ValveClose2     main.o
    0x08007d78   0x08007d78   0x00000010   Code   RO           86    i.u_ValveOpen1      main.o
    0x08007d88   0x08007d88   0x00000010   Code   RO           87    i.u_ValveOpen2      main.o
    0x08007d98   0x08007d98   0x00000026   Code   RO         5051    i.uxListRemove      list.o
    0x08007dbe   0x08007dbe   0x00000002   PAD
    0x08007dc0   0x08007dc0   0x00000014   Code   RO         6106    i.vApplicationGetIdleTaskMemory  cmsis_os2.o
    0x08007dd4   0x08007dd4   0x00000018   Code   RO         6107    i.vApplicationGetTimerTaskMemory  cmsis_os2.o
    0x08007dec   0x08007dec   0x00000016   Code   RO         5052    i.vListInitialise   list.o
    0x08007e02   0x08007e02   0x00000006   Code   RO         5053    i.vListInitialiseItem  list.o
    0x08007e08   0x08007e08   0x00000030   Code   RO         5054    i.vListInsert       list.o
    0x08007e38   0x08007e38   0x00000018   Code   RO         5055    i.vListInsertEnd    list.o
    0x08007e50   0x08007e50   0x00000040   Code   RO         6605    i.vPortEnterCritical  port.o
    0x08007e90   0x08007e90   0x00000028   Code   RO         6606    i.vPortExitCritical  port.o
    0x08007eb8   0x08007eb8   0x00000064   Code   RO         6549    i.vPortFree         heap_4.o
    0x08007f1c   0x08007f1c   0x00000024   Code   RO         6607    i.vPortSetupTimerInterrupt  port.o
    0x08007f40   0x08007f40   0x00000054   Code   RO         6608    i.vPortValidateInterruptPriority  port.o
    0x08007f94   0x08007f94   0x00000028   Code   RO         5102    i.vQueueAddToRegistry  queue.o
    0x08007fbc   0x08007fbc   0x00000044   Code   RO         5106    i.vQueueWaitForMessageRestricted  queue.o
    0x08008000   0x08008000   0x0000004c   Code   RO         5513    i.vTaskDelay        tasks.o
    0x0800804c   0x0800804c   0x00000010   Code   RO         5518    i.vTaskInternalSetTimeOutState  tasks.o
    0x0800805c   0x0800805c   0x0000000c   Code   RO         5519    i.vTaskMissedYield  tasks.o
    0x08008068   0x08008068   0x00000030   Code   RO         5521    i.vTaskPlaceOnEventList  tasks.o
    0x08008098   0x08008098   0x00000038   Code   RO         5522    i.vTaskPlaceOnEventListRestricted  tasks.o
    0x080080d0   0x080080d0   0x00000088   Code   RO         5530    i.vTaskStartScheduler  tasks.o
    0x08008158   0x08008158   0x00000010   Code   RO         5532    i.vTaskSuspendAll   tasks.o
    0x08008168   0x08008168   0x00000064   Code   RO         5533    i.vTaskSwitchContext  tasks.o
    0x080081cc   0x080081cc   0x000000f4   Code   RO         6609    i.xPortStartScheduler  port.o
    0x080082c0   0x080082c0   0x0000002c   Code   RO         6610    i.xPortSysTickHandler  port.o
    0x080082ec   0x080082ec   0x00000042   Code   RO         5111    i.xQueueGenericCreate  queue.o
    0x0800832e   0x0800832e   0x00000066   Code   RO         5112    i.xQueueGenericCreateStatic  queue.o
    0x08008394   0x08008394   0x00000088   Code   RO         5113    i.xQueueGenericReset  queue.o
    0x0800841c   0x0800841c   0x00000160   Code   RO         5114    i.xQueueGenericSend  queue.o
    0x0800857c   0x0800857c   0x000000be   Code   RO         5115    i.xQueueGenericSendFromISR  queue.o
    0x0800863a   0x0800863a   0x00000002   PAD
    0x0800863c   0x0800863c   0x00000138   Code   RO         5124    i.xQueueReceive     queue.o
    0x08008774   0x08008774   0x0000009a   Code   RO         5125    i.xQueueReceiveFromISR  queue.o
    0x0800880e   0x0800880e   0x00000002   PAD
    0x08008810   0x08008810   0x00000074   Code   RO         5535    i.xTaskCheckForTimeOut  tasks.o
    0x08008884   0x08008884   0x0000005a   Code   RO         5536    i.xTaskCreate       tasks.o
    0x080088de   0x080088de   0x00000056   Code   RO         5537    i.xTaskCreateStatic  tasks.o
    0x08008934   0x08008934   0x000000e0   Code   RO         5538    i.xTaskGenericNotify  tasks.o
    0x08008a14   0x08008a14   0x00000104   Code   RO         5539    i.xTaskGenericNotifyFromISR  tasks.o
    0x08008b18   0x08008b18   0x0000000c   Code   RO         5540    i.xTaskGetCurrentTaskHandle  tasks.o
    0x08008b24   0x08008b24   0x0000001c   Code   RO         5541    i.xTaskGetSchedulerState  tasks.o
    0x08008b40   0x08008b40   0x0000000c   Code   RO         5542    i.xTaskGetTickCount  tasks.o
    0x08008b4c   0x08008b4c   0x000000c8   Code   RO         5544    i.xTaskIncrementTick  tasks.o
    0x08008c14   0x08008c14   0x0000008c   Code   RO         5546    i.xTaskNotifyWait   tasks.o
    0x08008ca0   0x08008ca0   0x00000080   Code   RO         5547    i.xTaskPriorityDisinherit  tasks.o
    0x08008d20   0x08008d20   0x00000070   Code   RO         5549    i.xTaskRemoveFromEventList  tasks.o
    0x08008d90   0x08008d90   0x000000c4   Code   RO         5550    i.xTaskResumeAll    tasks.o
    0x08008e54   0x08008e54   0x00000060   Code   RO         5875    i.xTimerCreateTimerTask  timers.o
    0x08008eb4   0x08008eb4   0x00000068   Code   RO         5876    i.xTimerGenericCommand  timers.o
    0x08008f1c   0x08008f1c   0x0000002c   Code   RO         7242    locale$$code        c_w.l(lc_ctype_c.o)
    0x08008f48   0x08008f48   0x00000062   Code   RO         7137    x$fpl$d2f           fz_wm.l(d2f.o)
    0x08008faa   0x08008faa   0x00000002   PAD
    0x08008fac   0x08008fac   0x00000150   Code   RO         7139    x$fpl$dadd          fz_wm.l(daddsub_clz.o)
    0x080090fc   0x080090fc   0x0000005a   Code   RO         7145    x$fpl$dfixu         fz_wm.l(dfixu.o)
    0x08009156   0x08009156   0x00000026   Code   RO         7149    x$fpl$dfltu         fz_wm.l(dflt_clz.o)
    0x0800917c   0x0800917c   0x00000154   Code   RO         7155    x$fpl$dmul          fz_wm.l(dmul.o)
    0x080092d0   0x080092d0   0x0000009c   Code   RO         7181    x$fpl$dnaninf       fz_wm.l(dnaninf.o)
    0x0800936c   0x0800936c   0x0000000c   Code   RO         7183    x$fpl$dretinf       fz_wm.l(dretinf.o)
    0x08009378   0x08009378   0x00000016   Code   RO         7140    x$fpl$drsb          fz_wm.l(daddsub_clz.o)
    0x0800938e   0x0800938e   0x00000002   PAD
    0x08009390   0x08009390   0x000001d4   Code   RO         7141    x$fpl$dsub          fz_wm.l(daddsub_clz.o)
    0x08009564   0x08009564   0x00000056   Code   RO         7157    x$fpl$f2d           fz_wm.l(f2d.o)
    0x080095ba   0x080095ba   0x0000008c   Code   RO         7185    x$fpl$fnaninf       fz_wm.l(fnaninf.o)
    0x08009646   0x08009646   0x0000000a   Code   RO         7310    x$fpl$fpinit        fz_wm.l(fpinit.o)
    0x08009650   0x08009650   0x0000000a   Code   RO         7187    x$fpl$fretinf       fz_wm.l(fretinf.o)
    0x0800965a   0x0800965a   0x00000000   Code   RO         7189    x$fpl$usenofp       fz_wm.l(usenofp.o)
    0x0800965a   0x0800965a   0x00000002   PAD
    0x0800965c   0x0800965c   0x000000d8   Data   RO           90    .constdata          main.o
    0x08009734   0x08009734   0x00000008   Data   RO         2606    .constdata          stm32f4xx_hal_dma.o
    0x0800973c   0x0800973c   0x00000010   Data   RO         4887    .constdata          system_stm32f4xx.o
    0x0800974c   0x0800974c   0x00000008   Data   RO         4888    .constdata          system_stm32f4xx.o
    0x08009754   0x08009754   0x0000009f   Data   RO           91    .conststring        main.o
    0x080097f3   0x080097f3   0x00000001   PAD
    0x080097f4   0x080097f4   0x00000020   Data   RO         7368    Region$$Table       anon$$obj.o
    0x08009814   0x08009814   0x00000110   Data   RO         7241    locale$$data        c_w.l(lc_ctype_c.o)


    Execution Region RW_IRAM2 (Exec base: 0x10000000, Load base: 0x08009a98, Size: 0x00000000, Max: 0x00010000, ABSOLUTE)

    **** No section assigned to this execution region ****


    Execution Region RW_IRAM1 (Exec base: 0x20000000, Load base: 0x08009924, Size: 0x000070e8, Max: 0x00030000, ABSOLUTE, COMPRESSED[0x00000174])

    Exec Addr    Load Addr    Size         Type   Attr      Idx    E Section Name        Object

    0x20000000   COMPRESSED   0x00000160   Data   RW           92    .data               main.o
    0x20000160   COMPRESSED   0x0000001c   Data   RW         1139    .data               usbd_desc.o
    0x2000017c   COMPRESSED   0x00000032   Data   RW         1140    .data               usbd_desc.o
    0x200001ae   COMPRESSED   0x00000002   PAD
    0x200001b0   COMPRESSED   0x00000014   Data   RW         1223    .data               usbd_cdc_if.o
    0x200001c4   COMPRESSED   0x0000000c   Data   RW         3071    .data               stm32f4xx_hal.o
    0x200001d0   COMPRESSED   0x00000004   Data   RW         4889    .data               system_stm32f4xx.o
    0x200001d4   COMPRESSED   0x0000003c   Data   RW         5553    .data               tasks.o
    0x20000210   COMPRESSED   0x00000014   Data   RW         5884    .data               timers.o
    0x20000224   COMPRESSED   0x00000004   Data   RW         6109    .data               cmsis_os2.o
    0x20000228   COMPRESSED   0x00000020   Data   RW         6555    .data               heap_4.o
    0x20000248   COMPRESSED   0x0000000c   Data   RW         6611    .data               port.o
    0x20000254   COMPRESSED   0x00000001   Data   RW         6850    .data               usbd_ctlreq.o
    0x20000255   COMPRESSED   0x00000003   PAD
    0x20000258   COMPRESSED   0x00000053   Data   RW         6993    .data               usbd_cdc.o
    0x200002ab   COMPRESSED   0x00000001   PAD
    0x200002ac   COMPRESSED   0x00000038   Data   RW         6994    .data               usbd_cdc.o
    0x200002e4        -       0x00000244   Zero   RW           88    .bss                main.o
    0x20000528        -       0x00000060   Zero   RW           89    .bss                main.o
    0x20000588        -       0x00000048   Zero   RW         1037    .bss                stm32f4xx_hal_timebase_tim.o
    0x200005d0        -       0x000002dc   Zero   RW         1074    .bss                usb_device.o
    0x200008ac        -       0x00000200   Zero   RW         1138    .bss                usbd_desc.o
    0x20000aac        -       0x00001000   Zero   RW         1222    .bss                usbd_cdc_if.o
    0x20001aac        -       0x00000704   Zero   RW         1319    .bss                usbd_conf.o
    0x200021b0        -       0x00000040   Zero   RW         5128    .bss                queue.o
    0x200021f0        -       0x000004c4   Zero   RW         5552    .bss                tasks.o
    0x200026b4        -       0x00000118   Zero   RW         5883    .bss                timers.o
    0x200027cc        -       0x000006b8   Zero   RW         6108    .bss                cmsis_os2.o
    0x20002e84        -       0x00003c00   Zero   RW         6554    .bss                heap_4.o
    0x20006a84        -       0x00000060   Zero   RW         7230    .bss                c_w.l(libspace.o)
    0x20006ae4   COMPRESSED   0x00000004   PAD
    0x20006ae8        -       0x00000200   Zero   RW            2    HEAP                startup_stm32f429xx.o
    0x20006ce8        -       0x00000400   Zero   RW            1    STACK               startup_stm32f429xx.o


==============================================================================

Image component sizes


      Code (inc. data)   RO Data    RW Data    ZI Data      Debug   Object Name

       962         36          0          4       1720      71511   cmsis_os2.o
         0          0          0          0          0      19548   event_groups.o
         0          0          0          0          0     781648   freertos.o
       472         24          0         32      15360       4883   heap_4.o
       138          0          0          0          0       3562   list.o
      5358        610        375        352        676     811857   main.o
       786         82          0         12          0      11465   port.o
      1734         20          0          0         64      19889   queue.o
        64         26        428          0       1536        840   startup_stm32f429xx.o
       100         14          0         12          0       8340   stm32f4xx_hal.o
      1472         58          0          0          0       7869   stm32f4xx_hal_adc.o
         2          0          0          0          0        977   stm32f4xx_hal_adc_ex.o
       158         14          0          0          0      33050   stm32f4xx_hal_cortex.o
       752         16          8          0          0       4060   stm32f4xx_hal_dma.o
       624         60          0          0          0       4115   stm32f4xx_hal_gpio.o
       708         86          0          0          0       4071   stm32f4xx_hal_msp.o
      2576         12          0          0          0      13516   stm32f4xx_hal_pcd.o
        78          0          0          0          0       2393   stm32f4xx_hal_pcd_ex.o
      1388         76          0          0          0       5762   stm32f4xx_hal_rcc.o
      1408         14          0          0          0       6951   stm32f4xx_hal_spi.o
      2154        148          0          0          0      18372   stm32f4xx_hal_tim.o
       232         28          0          0          0       3289   stm32f4xx_hal_tim_ex.o
       152         18          0          0         72       1471   stm32f4xx_hal_timebase_tim.o
       136         52          0          0          0       7465   stm32f4xx_it.o
      2700        116          0          0          0      23176   stm32f4xx_ll_usb.o
         0          0          0          0          0        464   stream_buffer.o
        16          4         24          4          0       1115   system_stm32f4xx.o
      2720        224          0         60       1220      31407   tasks.o
       972         80          0         20        280      32159   timers.o
        84         18          0          0        732       8399   usb_device.o
      1278         36          0        139          0      14337   usbd_cdc.o
       168         32          0         20       4096       7988   usbd_cdc_if.o
       642         32          0          0       1796      16732   usbd_conf.o
       924          0          0          0          0      15395   usbd_core.o
      1354         28          0          1          0      15276   usbd_ctlreq.o
       284        100          0         78        512       6149   usbd_desc.o
       132          0          0          0          0       4508   usbd_ioreq.o

    ----------------------------------------------------------------------
     32788       2064        868        740      28064    2024009   Object Totals
         0          0         32          0          0          0   (incl. Generated)
        60          0          1          6          0          0   (incl. Padding)

    ----------------------------------------------------------------------

      Code (inc. data)   RO Data    RW Data    ZI Data      Debug   Library Member Name

        60          8          0          0          0         84   __0sscanf.o
        90          0          0          0          0          0   __dczerorl2.o
         8          0          0          0          0         68   __main.o
       104          0          0          0          0         84   __printf.o
         0          0          0          0          0          0   __rtentry.o
        12          0          0          0          0          0   __rtentry2.o
         6          0          0          0          0          0   __rtentry4.o
        52          8          0          0          0          0   __scatter.o
        28          0          0          0          0          0   __scatter_zi.o
        28          0          0          0          0         68   _chval.o
        48          6          0          0          0         96   _printf_char_common.o
         6          0          0          0          0          0   _printf_d.o
       120         16          0          0          0         92   _printf_dec.o
       178          0          0          0          0         88   _printf_intcommon.o
         0          0          0          0          0          0   _printf_percent.o
         4          0          0          0          0          0   _printf_percent_end.o
       884          4          0          0          0        100   _scanf.o
       332          0          0          0          0         96   _scanf_int.o
       224          0          0          0          0         96   _scanf_str.o
        64          0          0          0          0         84   _sgetc.o
        16          0          0          0          0         68   _snputc.o
        10          0          0          0          0         68   _sputc.o
        16          0          0          0          0         68   aeabi_memset.o
        18          0          0          0          0         80   exit.o
         6          0          0          0          0        152   heapauxi.o
         0          0          0          0          0          0   indicate_semi.o
        18          0          0          0          0         76   isspace.o
        44         10        272          0          0         76   lc_ctype_c.o
         2          0          0          0          0          0   libinit.o
        24          0          0          0          0          0   libinit2.o
         2          0          0          0          0          0   libshutdown.o
         2          0          0          0          0          0   libshutdown2.o
         8          4          0          0         96         68   libspace.o
       238          0          0          0          0        100   lludivv7m.o
        52          4          0          0          0         84   noretval__2snprintf.o
        16          4          0          0          0         76   rt_ctype_table.o
         8          4          0          0          0         68   rt_locale_intlibspace.o
        68          0          0          0          0         68   rt_memclr.o
        78          0          0          0          0         80   rt_memclr_w.o
       138          0          0          0          0         68   rt_memcpy_v6.o
       100          0          0          0          0         80   rt_memcpy_w.o
         2          0          0          0          0          0   rtexit.o
        10          0          0          0          0          0   rtexit2.o
        44          8          0          0          0         84   scanf_char.o
       128          0          0          0          0         68   strcmpv7m.o
        62          0          0          0          0         76   strlen.o
        12          4          0          0          0         68   sys_exit.o
        74          0          0          0          0         80   sys_stackheap_outer.o
         2          0          0          0          0         68   use_no_semi.o
        98          4          0          0          0        140   d2f.o
       826         16          0          0          0        492   daddsub_clz.o
        90          4          0          0          0        140   dfixu.o
        38          0          0          0          0        116   dflt_clz.o
       340         12          0          0          0        152   dmul.o
       156          4          0          0          0        140   dnaninf.o
        12          0          0          0          0        116   dretinf.o
        86          4          0          0          0        132   f2d.o
       140          4          0          0          0        132   fnaninf.o
        10          0          0          0          0        116   fpinit.o
        10          0          0          0          0        116   fretinf.o
         0          0          0          0          0          0   usenofp.o

    ----------------------------------------------------------------------
      5276        128        272          0        100       4472   Library Totals
        24          0          0          0          4          0   (incl. Padding)

    ----------------------------------------------------------------------

      Code (inc. data)   RO Data    RW Data    ZI Data      Debug   Library Name

      3446         80        272          0         96       2680   c_w.l
      1806         48          0          0          0       1792   fz_wm.l

    ----------------------------------------------------------------------
      5276        128        272          0        100       4472   Library Totals

    ----------------------------------------------------------------------

==============================================================================


      Code (inc. data)   RO Data    RW Data    ZI Data      Debug   

     38064       2192       1140        740      28164    1988173   Grand Totals
     38064       2192       1140        372      28164    1988173   ELF Image Totals (compressed)
     38064       2192       1140        372          0          0   ROM Totals

==============================================================================

    Total RO  Size (Code + RO Data)                39204 (  38.29kB)
    Total RW  Size (RW Data + ZI Data)             28904 (  28.23kB)
    Total ROM Size (Code + RO Data + RW Data)      39576 (  38.65kB)

==============================================================================

